10.2.144.26 - - [16/May/2024:16:43:59 +0000] "GET / HTTP/1.1" 200 3620 "-" "Mozilla/5.0 (Macintosh; Intel Mac OS X 10_15_7) AppleWebKit/537.36 (KHTML, like Gecko) Chrome/124.0.0.0 Safari/537.36"
10.2.144.26 - - [16/May/2024:16:43:59 +0000] "GET /user/home.css HTTP/1.1" 200 4038 "http://10.2.160.51:9999/" "Mozilla/5.0 (Macintosh; Intel Mac OS X 10_15_7) AppleWebKit/537.36 (KHTML, like Gecko) Chrome/124.0.0.0 Safari/537.36"
10.2.144.26 - - [16/May/2024:16:43:59 +0000] "GET /user/components/header.css HTTP/1.1" 200 728 "http://10.2.160.51:9999/" "Mozilla/5.0 (Macintosh; Intel Mac OS X 10_15_7) AppleWebKit/537.36 (KHTML, like Gecko) Chrome/124.0.0.0 Safari/537.36"
10.2.144.26 - - [16/May/2024:16:43:59 +0000] "GET /user/components/footer.css HTTP/1.1" 200 557 "http://10.2.160.51:9999/" "Mozilla/5.0 (Macintosh; Intel Mac OS X 10_15_7) AppleWebKit/537.36 (KHTML, like Gecko) Chrome/124.0.0.0 Safari/537.36"
10.2.144.25 - - [16/May/2024:16:44:05 +0000] "GET /register_company HTTP/1.1" 200 2311 "-" "Mozilla/5.0 (Windows NT 10.0; Win64; x64) AppleWebKit/537.36 (KHTML, like Gecko) Chrome/124.0.0.0 Safari/537.36"
10.2.144.25 - - [16/May/2024:16:44:37 +0000] "POST /create_company HTTP/1.1" 500 1246885 "http://10.2.160.51:9999/register_company" "Mozilla/5.0 (Windows NT 10.0; Win64; x64) AppleWebKit/537.36 (KHTML, like Gecko) Chrome/124.0.0.0 Safari/537.36"
10.2.144.25 - - [16/May/2024:16:44:37 +0000] "GET /create_company HTTP/1.1" 404 2311 "-" "Mozilla/5.0 (Windows NT 10.0; Win64; x64) AppleWebKit/537.36 (KHTML, like Gecko) Chrome/124.0.0.0 Safari/537.36"
10.2.144.26 - - [16/May/2024:16:45:11 +0000] "GET /registration HTTP/1.1" 200 1846 "http://10.2.160.51:9999/" "Mozilla/5.0 (Macintosh; Intel Mac OS X 10_15_7) AppleWebKit/537.36 (KHTML, like Gecko) Chrome/124.0.0.0 Safari/537.36"
10.2.144.26 - - [16/May/2024:16:45:21 +0000] "GET /register HTTP/1.1" 200 2285 "http://10.2.160.51:9999/registration" "Mozilla/5.0 (Macintosh; Intel Mac OS X 10_15_7) AppleWebKit/537.36 (KHTML, like Gecko) Chrome/124.0.0.0 Safari/537.36"
10.2.144.26 - - [16/May/2024:16:46:26 +0000] "POST /register HTTP/1.1" 200 350197 "http://10.2.160.51:9999/register" "Mozilla/5.0 (Macintosh; Intel Mac OS X 10_15_7) AppleWebKit/537.36 (KHTML, like Gecko) Chrome/124.0.0.0 Safari/537.36"
10.2.144.26 - - [16/May/2024:16:50:18 +0000] "POST /register HTTP/1.1" 500 76223 "http://10.2.160.51:9999/register" "Mozilla/5.0 (Macintosh; Intel Mac OS X 10_15_7) AppleWebKit/537.36 (KHTML, like Gecko) Chrome/124.0.0.0 Safari/537.36"
10.2.144.26 - - [16/May/2024:16:50:20 +0000] "GET /register HTTP/1.1" 200 2285 "http://10.2.160.51:9999/registration" "Mozilla/5.0 (Macintosh; Intel Mac OS X 10_15_7) AppleWebKit/537.36 (KHTML, like Gecko) Chrome/124.0.0.0 Safari/537.36"
10.2.144.26 - - [16/May/2024:16:50:37 +0000] "POST /register HTTP/1.1" 500 1211643 "http://10.2.160.51:9999/register" "Mozilla/5.0 (Macintosh; Intel Mac OS X 10_15_7) AppleWebKit/537.36 (KHTML, like Gecko) Chrome/124.0.0.0 Safari/537.36"
10.2.144.26 - - [16/May/2024:16:51:03 +0000] "POST /register HTTP/1.1" 200 350025 "http://10.2.160.51:9999/register" "Mozilla/5.0 (Macintosh; Intel Mac OS X 10_15_7) AppleWebKit/537.36 (KHTML, like Gecko) Chrome/124.0.0.0 Safari/537.36"
10.2.144.37 - - [16/May/2024:17:07:55 +0000] "GET / HTTP/1.1" 499 0 "-" "Mozilla/5.0 (Macintosh; Intel Mac OS X 10_15_7) AppleWebKit/537.36 (KHTML, like Gecko) Chrome/123.0.0.0 Safari/537.36 OPR/109.0.0.0 (Edition std-1)"
10.2.144.37 - - [16/May/2024:17:07:55 +0000] "GET /events HTTP/1.1" 499 0 "-" "Mozilla/5.0 (Macintosh; Intel Mac OS X 10_15_7) AppleWebKit/537.36 (KHTML, like Gecko) Chrome/123.0.0.0 Safari/537.36 OPR/109.0.0.0 (Edition std-1)"
10.2.144.24 - - [16/May/2024:17:08:05 +0000] "GET / HTTP/1.1" 200 3620 "-" "Mozilla/5.0 (Windows NT 10.0; Win64; x64) AppleWebKit/537.36 (KHTML, like Gecko) Chrome/124.0.0.0 Safari/537.36"
10.2.144.24 - - [16/May/2024:17:08:08 +0000] "GET /registration HTTP/1.1" 200 1846 "http://10.2.160.51:9999/" "Mozilla/5.0 (Windows NT 10.0; Win64; x64) AppleWebKit/537.36 (KHTML, like Gecko) Chrome/124.0.0.0 Safari/537.36"
10.2.144.24 - - [16/May/2024:17:08:12 +0000] "GET /register HTTP/1.1" 200 2285 "http://10.2.160.51:9999/registration" "Mozilla/5.0 (Windows NT 10.0; Win64; x64) AppleWebKit/537.36 (KHTML, like Gecko) Chrome/124.0.0.0 Safari/537.36"
10.2.144.37 - - [16/May/2024:17:08:19 +0000] "GET / HTTP/1.1" 200 3620 "-" "Mozilla/5.0 (Macintosh; Intel Mac OS X 10_15_7) AppleWebKit/537.36 (KHTML, like Gecko) Chrome/123.0.0.0 Safari/537.36 OPR/109.0.0.0 (Edition std-1)"
10.2.144.37 - - [16/May/2024:17:08:19 +0000] "GET /user/home.css HTTP/1.1" 304 0 "http://10.2.160.51:9999/" "Mozilla/5.0 (Macintosh; Intel Mac OS X 10_15_7) AppleWebKit/537.36 (KHTML, like Gecko) Chrome/123.0.0.0 Safari/537.36 OPR/109.0.0.0 (Edition std-1)"
10.2.144.24 - - [16/May/2024:17:09:21 +0000] "POST /register HTTP/1.1" 200 350161 "http://10.2.160.51:9999/register" "Mozilla/5.0 (Windows NT 10.0; Win64; x64) AppleWebKit/537.36 (KHTML, like Gecko) Chrome/124.0.0.0 Safari/537.36"
10.2.144.26 - - [16/May/2024:17:09:24 +0000] "GET / HTTP/1.1" 200 3620 "-" "Mozilla/5.0 (Macintosh; Intel Mac OS X 10_15_7) AppleWebKit/537.36 (KHTML, like Gecko) Chrome/124.0.0.0 Safari/537.36"
10.2.144.26 - - [16/May/2024:17:09:27 +0000] "GET /registration HTTP/1.1" 200 1846 "http://10.2.160.51:9999/" "Mozilla/5.0 (Macintosh; Intel Mac OS X 10_15_7) AppleWebKit/537.36 (KHTML, like Gecko) Chrome/124.0.0.0 Safari/537.36"
10.2.144.26 - - [16/May/2024:17:09:28 +0000] "GET /register_company HTTP/1.1" 200 2313 "http://10.2.160.51:9999/registration" "Mozilla/5.0 (Macintosh; Intel Mac OS X 10_15_7) AppleWebKit/537.36 (KHTML, like Gecko) Chrome/124.0.0.0 Safari/537.36"
10.2.144.26 - - [16/May/2024:17:10:14 +0000] "POST /create_company HTTP/1.1" 500 1123883 "http://10.2.160.51:9999/register_company" "Mozilla/5.0 (Macintosh; Intel Mac OS X 10_15_7) AppleWebKit/537.36 (KHTML, like Gecko) Chrome/124.0.0.0 Safari/537.36"
10.2.144.26 - - [16/May/2024:17:10:37 +0000] "POST /create_company HTTP/1.1" 500 1246751 "http://10.2.160.51:9999/register_company" "Mozilla/5.0 (Macintosh; Intel Mac OS X 10_15_7) AppleWebKit/537.36 (KHTML, like Gecko) Chrome/124.0.0.0 Safari/537.36"
10.2.144.26 - - [16/May/2024:17:11:08 +0000] "POST /create_company HTTP/1.1" 500 1203294 "http://10.2.160.51:9999/register_company" "Mozilla/5.0 (Macintosh; Intel Mac OS X 10_15_7) AppleWebKit/537.36 (KHTML, like Gecko) Chrome/124.0.0.0 Safari/537.36"
10.2.144.26 - - [16/May/2024:17:14:01 +0000] "GET / HTTP/1.1" 200 7122 "-" "Mozilla/5.0 (Macintosh; Intel Mac OS X 10_15_7) AppleWebKit/537.36 (KHTML, like Gecko) Chrome/124.0.0.0 Safari/537.36"
10.2.144.26 - - [16/May/2024:17:14:10 +0000] "GET / HTTP/1.1" 200 7122 "-" "Mozilla/5.0 (Macintosh; Intel Mac OS X 10_15_7) AppleWebKit/537.36 (KHTML, like Gecko) Chrome/124.0.0.0 Safari/537.36"
10.2.144.26 - - [16/May/2024:17:14:13 +0000] "GET / HTTP/1.1" 200 7122 "-" "Mozilla/5.0 (Macintosh; Intel Mac OS X 10_15_7) AppleWebKit/537.36 (KHTML, like Gecko) Chrome/124.0.0.0 Safari/537.36"
10.2.144.26 - - [16/May/2024:17:14:23 +0000] "POST /logout HTTP/1.1" 302 350 "http://10.2.160.51:9999/" "Mozilla/5.0 (Macintosh; Intel Mac OS X 10_15_7) AppleWebKit/537.36 (KHTML, like Gecko) Chrome/124.0.0.0 Safari/537.36"
10.2.144.26 - - [16/May/2024:17:14:25 +0000] "GET / HTTP/1.1" 200 3620 "http://10.2.160.51:9999/" "Mozilla/5.0 (Macintosh; Intel Mac OS X 10_15_7) AppleWebKit/537.36 (KHTML, like Gecko) Chrome/124.0.0.0 Safari/537.36"
10.2.144.26 - - [16/May/2024:17:14:29 +0000] "GET /registration HTTP/1.1" 200 1846 "http://10.2.160.51:9999/" "Mozilla/5.0 (Macintosh; Intel Mac OS X 10_15_7) AppleWebKit/537.36 (KHTML, like Gecko) Chrome/124.0.0.0 Safari/537.36"
10.2.144.26 - - [16/May/2024:17:14:31 +0000] "GET /register HTTP/1.1" 200 2283 "http://10.2.160.51:9999/registration" "Mozilla/5.0 (Macintosh; Intel Mac OS X 10_15_7) AppleWebKit/537.36 (KHTML, like Gecko) Chrome/124.0.0.0 Safari/537.36"
10.2.144.26 - - [16/May/2024:17:15:14 +0000] "POST /register HTTP/1.1" 200 350185 "http://10.2.160.51:9999/register" "Mozilla/5.0 (Macintosh; Intel Mac OS X 10_15_7) AppleWebKit/537.36 (KHTML, like Gecko) Chrome/124.0.0.0 Safari/537.36"
10.2.144.25 - - [16/May/2024:17:16:32 +0000] "GET /register_company HTTP/1.1" 200 2311 "-" "Mozilla/5.0 (Windows NT 10.0; Win64; x64) AppleWebKit/537.36 (KHTML, like Gecko) Chrome/124.0.0.0 Safari/537.36"
10.2.144.25 - - [16/May/2024:17:16:35 +0000] "GET /home HTTP/1.1" 200 3620 "http://10.2.160.51:9999/register_company" "Mozilla/5.0 (Windows NT 10.0; Win64; x64) AppleWebKit/537.36 (KHTML, like Gecko) Chrome/124.0.0.0 Safari/537.36"
10.2.144.25 - - [16/May/2024:17:16:35 +0000] "GET /user/home.css HTTP/1.1" 304 0 "http://10.2.160.51:9999/home" "Mozilla/5.0 (Windows NT 10.0; Win64; x64) AppleWebKit/537.36 (KHTML, like Gecko) Chrome/124.0.0.0 Safari/537.36"
10.2.144.25 - - [16/May/2024:17:16:35 +0000] "GET /user/components/header.css HTTP/1.1" 304 0 "http://10.2.160.51:9999/home" "Mozilla/5.0 (Windows NT 10.0; Win64; x64) AppleWebKit/537.36 (KHTML, like Gecko) Chrome/124.0.0.0 Safari/537.36"
10.2.144.25 - - [16/May/2024:17:16:35 +0000] "GET /user/components/footer.css HTTP/1.1" 304 0 "http://10.2.160.51:9999/home" "Mozilla/5.0 (Windows NT 10.0; Win64; x64) AppleWebKit/537.36 (KHTML, like Gecko) Chrome/124.0.0.0 Safari/537.36"
10.2.144.25 - - [16/May/2024:17:16:36 +0000] "GET /home HTTP/1.1" 200 3620 "-" "Mozilla/5.0 (Windows NT 10.0; Win64; x64) AppleWebKit/537.36 (KHTML, like Gecko) Chrome/124.0.0.0 Safari/537.36"
10.2.144.25 - - [16/May/2024:17:16:38 +0000] "GET /registration HTTP/1.1" 200 1846 "http://10.2.160.51:9999/home" "Mozilla/5.0 (Windows NT 10.0; Win64; x64) AppleWebKit/537.36 (KHTML, like Gecko) Chrome/124.0.0.0 Safari/537.36"
10.2.144.25 - - [16/May/2024:17:16:41 +0000] "GET /registration HTTP/1.1" 200 1846 "-" "Mozilla/5.0 (Windows NT 10.0; Win64; x64) AppleWebKit/537.36 (KHTML, like Gecko) Chrome/124.0.0.0 Safari/537.36"
10.2.144.25 - - [16/May/2024:17:16:42 +0000] "GET /register HTTP/1.1" 200 2280 "http://10.2.160.51:9999/registration" "Mozilla/5.0 (Windows NT 10.0; Win64; x64) AppleWebKit/537.36 (KHTML, like Gecko) Chrome/124.0.0.0 Safari/537.36"
10.2.144.25 - - [16/May/2024:17:16:44 +0000] "GET /register HTTP/1.1" 200 2280 "-" "Mozilla/5.0 (Windows NT 10.0; Win64; x64) AppleWebKit/537.36 (KHTML, like Gecko) Chrome/124.0.0.0 Safari/537.36"
10.2.144.26 - - [16/May/2024:17:17:20 +0000] "GET /register HTTP/1.1" 499 0 "http://10.2.160.51:9999/registration" "Mozilla/5.0 (Macintosh; Intel Mac OS X 10_15_7) AppleWebKit/537.36 (KHTML, like Gecko) Chrome/124.0.0.0 Safari/537.36"
10.2.144.25 - - [16/May/2024:17:17:36 +0000] "POST /register HTTP/1.1" 200 350247 "http://10.2.160.51:9999/register" "Mozilla/5.0 (Windows NT 10.0; Win64; x64) AppleWebKit/537.36 (KHTML, like Gecko) Chrome/124.0.0.0 Safari/537.36"
10.2.144.25 - - [16/May/2024:17:17:40 +0000] "GET /register HTTP/1.1" 200 2280 "-" "Mozilla/5.0 (Windows NT 10.0; Win64; x64) AppleWebKit/537.36 (KHTML, like Gecko) Chrome/124.0.0.0 Safari/537.36"
10.2.144.25 - - [16/May/2024:17:26:31 +0000] "GET /register HTTP/1.1" 200 2280 "http://10.2.160.51:9999/registration" "Mozilla/5.0 (Windows NT 10.0; Win64; x64) AppleWebKit/537.36 (KHTML, like Gecko) Chrome/124.0.0.0 Safari/537.36"
10.2.144.25 - - [16/May/2024:17:26:32 +0000] "GET /register HTTP/1.1" 200 2280 "-" "Mozilla/5.0 (Windows NT 10.0; Win64; x64) AppleWebKit/537.36 (KHTML, like Gecko) Chrome/124.0.0.0 Safari/537.36"
10.2.144.25 - - [16/May/2024:17:26:33 +0000] "GET /registration HTTP/1.1" 200 1846 "http://10.2.160.51:9999/register" "Mozilla/5.0 (Windows NT 10.0; Win64; x64) AppleWebKit/537.36 (KHTML, like Gecko) Chrome/124.0.0.0 Safari/537.36"
10.2.144.25 - - [16/May/2024:17:26:33 +0000] "GET /registration HTTP/1.1" 200 1846 "-" "Mozilla/5.0 (Windows NT 10.0; Win64; x64) AppleWebKit/537.36 (KHTML, like Gecko) Chrome/124.0.0.0 Safari/537.36"
10.2.144.25 - - [16/May/2024:17:26:34 +0000] "GET /register_company HTTP/1.1" 200 2311 "http://10.2.160.51:9999/registration" "Mozilla/5.0 (Windows NT 10.0; Win64; x64) AppleWebKit/537.36 (KHTML, like Gecko) Chrome/124.0.0.0 Safari/537.36"
10.2.144.25 - - [16/May/2024:17:26:36 +0000] "GET /register_company HTTP/1.1" 200 2311 "-" "Mozilla/5.0 (Windows NT 10.0; Win64; x64) AppleWebKit/537.36 (KHTML, like Gecko) Chrome/124.0.0.0 Safari/537.36"
10.2.144.25 - - [16/May/2024:17:27:15 +0000] "POST /create_company HTTP/1.1" 200 7111 "http://10.2.160.51:9999/register_company" "Mozilla/5.0 (Windows NT 10.0; Win64; x64) AppleWebKit/537.36 (KHTML, like Gecko) Chrome/124.0.0.0 Safari/537.36"
10.2.144.25 - - [16/May/2024:17:27:18 +0000] "GET /create_company HTTP/1.1" 404 2311 "-" "Mozilla/5.0 (Windows NT 10.0; Win64; x64) AppleWebKit/537.36 (KHTML, like Gecko) Chrome/124.0.0.0 Safari/537.36"
10.2.144.26 - - [16/May/2024:17:27:47 +0000] "GET /register_company HTTP/1.1" 200 2309 "http://10.2.160.51:9999/registration" "Mozilla/5.0 (Macintosh; Intel Mac OS X 10_15_7) AppleWebKit/537.36 (KHTML, like Gecko) Chrome/124.0.0.0 Safari/537.36"
10.2.144.26 - - [16/May/2024:17:32:59 +0000] "GET /register_company HTTP/1.1" 200 2309 "http://10.2.160.51:9999/register_company" "Mozilla/5.0 (Macintosh; Intel Mac OS X 10_15_7) AppleWebKit/537.36 (KHTML, like Gecko) Chrome/124.0.0.0 Safari/537.36"
10.2.144.26 - - [16/May/2024:17:32:59 +0000] "GET /user/components/header.css HTTP/1.1" 304 0 "http://10.2.160.51:9999/register_company" "Mozilla/5.0 (Macintosh; Intel Mac OS X 10_15_7) AppleWebKit/537.36 (KHTML, like Gecko) Chrome/124.0.0.0 Safari/537.36"
10.2.144.26 - - [16/May/2024:17:32:59 +0000] "GET /user/components/footer.css HTTP/1.1" 304 0 "http://10.2.160.51:9999/register_company" "Mozilla/5.0 (Macintosh; Intel Mac OS X 10_15_7) AppleWebKit/537.36 (KHTML, like Gecko) Chrome/124.0.0.0 Safari/537.36"
10.2.144.26 - - [16/May/2024:17:33:00 +0000] "GET /register_company HTTP/1.1" 200 2309 "http://10.2.160.51:9999/register_company" "Mozilla/5.0 (Macintosh; Intel Mac OS X 10_15_7) AppleWebKit/537.36 (KHTML, like Gecko) Chrome/124.0.0.0 Safari/537.36"
10.2.144.26 - - [16/May/2024:17:33:01 +0000] "GET /register_company HTTP/1.1" 200 2309 "http://10.2.160.51:9999/register_company" "Mozilla/5.0 (Macintosh; Intel Mac OS X 10_15_7) AppleWebKit/537.36 (KHTML, like Gecko) Chrome/124.0.0.0 Safari/537.36"
10.2.144.26 - - [16/May/2024:17:33:06 +0000] "GET / HTTP/1.1" 200 3620 "-" "Mozilla/5.0 (Macintosh; Intel Mac OS X 10_15_7) AppleWebKit/537.36 (KHTML, like Gecko) Chrome/124.0.0.0 Safari/537.36"
10.2.144.26 - - [16/May/2024:17:33:06 +0000] "GET /user/home.css HTTP/1.1" 304 0 "http://10.2.160.51:9999/" "Mozilla/5.0 (Macintosh; Intel Mac OS X 10_15_7) AppleWebKit/537.36 (KHTML, like Gecko) Chrome/124.0.0.0 Safari/537.36"
10.2.144.26 - - [16/May/2024:17:33:08 +0000] "GET /registration HTTP/1.1" 200 1846 "http://10.2.160.51:9999/" "Mozilla/5.0 (Macintosh; Intel Mac OS X 10_15_7) AppleWebKit/537.36 (KHTML, like Gecko) Chrome/124.0.0.0 Safari/537.36"
10.2.144.26 - - [16/May/2024:17:33:10 +0000] "GET /register HTTP/1.1" 200 2283 "http://10.2.160.51:9999/registration" "Mozilla/5.0 (Macintosh; Intel Mac OS X 10_15_7) AppleWebKit/537.36 (KHTML, like Gecko) Chrome/124.0.0.0 Safari/537.36"
10.2.144.26 - - [16/May/2024:17:33:51 +0000] "POST /register HTTP/1.1" 200 350088 "http://10.2.160.51:9999/register" "Mozilla/5.0 (Macintosh; Intel Mac OS X 10_15_7) AppleWebKit/537.36 (KHTML, like Gecko) Chrome/124.0.0.0 Safari/537.36"
10.2.144.26 - - [16/May/2024:17:41:16 +0000] "GET / HTTP/1.1" 200 3620 "-" "Mozilla/5.0 (Macintosh; Intel Mac OS X 10_15_7) AppleWebKit/537.36 (KHTML, like Gecko) Chrome/124.0.0.0 Safari/537.36"
10.2.144.26 - - [16/May/2024:17:41:18 +0000] "GET /registration HTTP/1.1" 200 1846 "http://10.2.160.51:9999/" "Mozilla/5.0 (Macintosh; Intel Mac OS X 10_15_7) AppleWebKit/537.36 (KHTML, like Gecko) Chrome/124.0.0.0 Safari/537.36"
10.2.144.26 - - [16/May/2024:17:41:20 +0000] "GET /register HTTP/1.1" 200 2283 "http://10.2.160.51:9999/registration" "Mozilla/5.0 (Macintosh; Intel Mac OS X 10_15_7) AppleWebKit/537.36 (KHTML, like Gecko) Chrome/124.0.0.0 Safari/537.36"
10.2.144.26 - - [16/May/2024:17:41:52 +0000] "POST /register HTTP/1.1" 200 350091 "http://10.2.160.51:9999/register" "Mozilla/5.0 (Macintosh; Intel Mac OS X 10_15_7) AppleWebKit/537.36 (KHTML, like Gecko) Chrome/124.0.0.0 Safari/537.36"
10.2.144.26 - - [16/May/2024:17:48:43 +0000] "GET / HTTP/1.1" 200 3620 "-" "Mozilla/5.0 (Macintosh; Intel Mac OS X 10_15_7) AppleWebKit/537.36 (KHTML, like Gecko) Chrome/124.0.0.0 Safari/537.36"
10.2.144.26 - - [16/May/2024:17:48:45 +0000] "GET /registration HTTP/1.1" 200 1846 "http://10.2.160.51:9999/" "Mozilla/5.0 (Macintosh; Intel Mac OS X 10_15_7) AppleWebKit/537.36 (KHTML, like Gecko) Chrome/124.0.0.0 Safari/537.36"
10.2.144.26 - - [16/May/2024:17:48:46 +0000] "GET /register HTTP/1.1" 200 2283 "http://10.2.160.51:9999/registration" "Mozilla/5.0 (Macintosh; Intel Mac OS X 10_15_7) AppleWebKit/537.36 (KHTML, like Gecko) Chrome/124.0.0.0 Safari/537.36"
10.2.144.26 - - [16/May/2024:17:49:23 +0000] "POST /register HTTP/1.1" 200 350105 "http://10.2.160.51:9999/register" "Mozilla/5.0 (Macintosh; Intel Mac OS X 10_15_7) AppleWebKit/537.36 (KHTML, like Gecko) Chrome/124.0.0.0 Safari/537.36"
10.2.144.24 - - [16/May/2024:17:53:18 +0000] "POST /register HTTP/1.1" 500 1211443 "http://10.2.160.51:9999/register" "Mozilla/5.0 (Windows NT 10.0; Win64; x64) AppleWebKit/537.36 (KHTML, like Gecko) Chrome/124.0.0.0 Safari/537.36"
10.2.144.24 - - [16/May/2024:17:53:21 +0000] "GET /register HTTP/1.1" 200 2285 "http://10.2.160.51:9999/registration" "Mozilla/5.0 (Windows NT 10.0; Win64; x64) AppleWebKit/537.36 (KHTML, like Gecko) Chrome/124.0.0.0 Safari/537.36"
10.2.144.24 - - [16/May/2024:17:53:34 +0000] "POST /register HTTP/1.1" 499 0 "http://10.2.160.51:9999/register" "Mozilla/5.0 (Windows NT 10.0; Win64; x64) AppleWebKit/537.36 (KHTML, like Gecko) Chrome/124.0.0.0 Safari/537.36"
10.2.144.24 - - [16/May/2024:17:53:36 +0000] "POST /register HTTP/1.1" 500 1211455 "http://10.2.160.51:9999/register" "Mozilla/5.0 (Windows NT 10.0; Win64; x64) AppleWebKit/537.36 (KHTML, like Gecko) Chrome/124.0.0.0 Safari/537.36"
10.2.144.24 - - [16/May/2024:17:54:18 +0000] "POST /register HTTP/1.1" 200 350215 "http://10.2.160.51:9999/register" "Mozilla/5.0 (Windows NT 10.0; Win64; x64) AppleWebKit/537.36 (KHTML, like Gecko) Chrome/124.0.0.0 Safari/537.36"
10.2.144.24 - - [16/May/2024:17:57:57 +0000] "GET /register HTTP/1.1" 499 0 "http://10.2.160.51:9999/registration" "Mozilla/5.0 (Windows NT 10.0; Win64; x64) AppleWebKit/537.36 (KHTML, like Gecko) Chrome/124.0.0.0 Safari/537.36"
10.2.144.24 - - [16/May/2024:17:57:59 +0000] "GET /registration HTTP/1.1" 200 1846 "http://10.2.160.51:9999/" "Mozilla/5.0 (Windows NT 10.0; Win64; x64) AppleWebKit/537.36 (KHTML, like Gecko) Chrome/124.0.0.0 Safari/537.36"
10.2.144.24 - - [16/May/2024:17:57:59 +0000] "GET /user/components/header.css HTTP/1.1" 304 0 "http://10.2.160.51:9999/registration" "Mozilla/5.0 (Windows NT 10.0; Win64; x64) AppleWebKit/537.36 (KHTML, like Gecko) Chrome/124.0.0.0 Safari/537.36"
10.2.144.24 - - [16/May/2024:17:57:59 +0000] "GET /user/components/footer.css HTTP/1.1" 304 0 "http://10.2.160.51:9999/registration" "Mozilla/5.0 (Windows NT 10.0; Win64; x64) AppleWebKit/537.36 (KHTML, like Gecko) Chrome/124.0.0.0 Safari/537.36"
10.2.144.24 - - [16/May/2024:17:58:02 +0000] "GET /register HTTP/1.1" 200 2304 "http://10.2.160.51:9999/registration" "Mozilla/5.0 (Windows NT 10.0; Win64; x64) AppleWebKit/537.36 (KHTML, like Gecko) Chrome/124.0.0.0 Safari/537.36"
10.2.144.24 - - [16/May/2024:17:59:06 +0000] "POST /register HTTP/1.1" 500 1134046 "http://10.2.160.51:9999/register" "Mozilla/5.0 (Windows NT 10.0; Win64; x64) AppleWebKit/537.36 (KHTML, like Gecko) Chrome/124.0.0.0 Safari/537.36"
10.2.144.24 - - [16/May/2024:18:01:10 +0000] "POST /register HTTP/1.1" 500 1134062 "http://10.2.160.51:9999/register" "Mozilla/5.0 (Windows NT 10.0; Win64; x64) AppleWebKit/537.36 (KHTML, like Gecko) Chrome/124.0.0.0 Safari/537.36"
10.2.144.25 - - [16/May/2024:18:05:16 +0000] "GET /home HTTP/1.1" 200 3620 "http://10.2.160.51:9999/create_company" "Mozilla/5.0 (Windows NT 10.0; Win64; x64) AppleWebKit/537.36 (KHTML, like Gecko) Chrome/124.0.0.0 Safari/537.36"
10.2.144.25 - - [16/May/2024:18:05:18 +0000] "GET /home HTTP/1.1" 200 3620 "-" "Mozilla/5.0 (Windows NT 10.0; Win64; x64) AppleWebKit/537.36 (KHTML, like Gecko) Chrome/124.0.0.0 Safari/537.36"
10.2.144.25 - - [16/May/2024:18:05:21 +0000] "GET /planning HTTP/1.1" 200 1365 "http://10.2.160.51:9999/home" "Mozilla/5.0 (Windows NT 10.0; Win64; x64) AppleWebKit/537.36 (KHTML, like Gecko) Chrome/124.0.0.0 Safari/537.36"
10.2.144.25 - - [16/May/2024:18:05:22 +0000] "GET /planning HTTP/1.1" 200 1365 "-" "Mozilla/5.0 (Windows NT 10.0; Win64; x64) AppleWebKit/537.36 (KHTML, like Gecko) Chrome/124.0.0.0 Safari/537.36"
10.2.144.24 - - [16/May/2024:18:06:54 +0000] "GET /login HTTP/1.1" 200 2225 "http://10.2.160.51:9999/register" "Mozilla/5.0 (Windows NT 10.0; Win64; x64) AppleWebKit/537.36 (KHTML, like Gecko) Chrome/124.0.0.0 Safari/537.36"
10.2.144.25 - - [16/May/2024:18:11:13 +0000] "GET /planning HTTP/1.1" 200 1365 "http://10.2.160.51:9999/home" "Mozilla/5.0 (Windows NT 10.0; Win64; x64) AppleWebKit/537.36 (KHTML, like Gecko) Chrome/124.0.0.0 Safari/537.36"
10.2.144.25 - - [16/May/2024:18:11:13 +0000] "GET /user/components/header.css HTTP/1.1" 304 0 "http://10.2.160.51:9999/planning" "Mozilla/5.0 (Windows NT 10.0; Win64; x64) AppleWebKit/537.36 (KHTML, like Gecko) Chrome/124.0.0.0 Safari/537.36"
10.2.144.25 - - [16/May/2024:18:11:13 +0000] "GET /user/components/footer.css HTTP/1.1" 304 0 "http://10.2.160.51:9999/planning" "Mozilla/5.0 (Windows NT 10.0; Win64; x64) AppleWebKit/537.36 (KHTML, like Gecko) Chrome/124.0.0.0 Safari/537.36"
10.2.144.25 - - [16/May/2024:18:11:15 +0000] "GET /planning HTTP/1.1" 200 1365 "-" "Mozilla/5.0 (Windows NT 10.0; Win64; x64) AppleWebKit/537.36 (KHTML, like Gecko) Chrome/124.0.0.0 Safari/537.36"
10.2.144.26 - - [16/May/2024:18:11:17 +0000] "GET / HTTP/1.1" 200 3620 "-" "Mozilla/5.0 (Macintosh; Intel Mac OS X 10_15_7) AppleWebKit/537.36 (KHTML, like Gecko) Chrome/124.0.0.0 Safari/537.36"
10.2.144.25 - - [16/May/2024:18:11:18 +0000] "GET /home HTTP/1.1" 200 3620 "http://10.2.160.51:9999/planning" "Mozilla/5.0 (Windows NT 10.0; Win64; x64) AppleWebKit/537.36 (KHTML, like Gecko) Chrome/124.0.0.0 Safari/537.36"
10.2.144.25 - - [16/May/2024:18:11:18 +0000] "GET /user/home.css HTTP/1.1" 304 0 "http://10.2.160.51:9999/home" "Mozilla/5.0 (Windows NT 10.0; Win64; x64) AppleWebKit/537.36 (KHTML, like Gecko) Chrome/124.0.0.0 Safari/537.36"
10.2.144.25 - - [16/May/2024:18:11:22 +0000] "GET /home HTTP/1.1" 200 3620 "-" "Mozilla/5.0 (Windows NT 10.0; Win64; x64) AppleWebKit/537.36 (KHTML, like Gecko) Chrome/124.0.0.0 Safari/537.36"
10.2.144.25 - - [16/May/2024:18:11:23 +0000] "GET /registration HTTP/1.1" 200 1846 "http://10.2.160.51:9999/home" "Mozilla/5.0 (Windows NT 10.0; Win64; x64) AppleWebKit/537.36 (KHTML, like Gecko) Chrome/124.0.0.0 Safari/537.36"
10.2.144.26 - - [16/May/2024:18:11:23 +0000] "GET / HTTP/1.1" 200 3620 "-" "Mozilla/5.0 (Macintosh; Intel Mac OS X 10_15_7) AppleWebKit/537.36 (KHTML, like Gecko) Chrome/124.0.0.0 Safari/537.36"
10.2.144.25 - - [16/May/2024:18:11:26 +0000] "GET /registration HTTP/1.1" 200 1846 "-" "Mozilla/5.0 (Windows NT 10.0; Win64; x64) AppleWebKit/537.36 (KHTML, like Gecko) Chrome/124.0.0.0 Safari/537.36"
10.2.144.25 - - [16/May/2024:18:11:29 +0000] "GET /register HTTP/1.1" 200 2304 "http://10.2.160.51:9999/registration" "Mozilla/5.0 (Windows NT 10.0; Win64; x64) AppleWebKit/537.36 (KHTML, like Gecko) Chrome/124.0.0.0 Safari/537.36"
10.2.144.25 - - [16/May/2024:18:11:30 +0000] "GET /register HTTP/1.1" 200 2304 "-" "Mozilla/5.0 (Windows NT 10.0; Win64; x64) AppleWebKit/537.36 (KHTML, like Gecko) Chrome/124.0.0.0 Safari/537.36"
10.2.144.25 - - [16/May/2024:18:12:24 +0000] "POST /register HTTP/1.1" 500 1144360 "http://10.2.160.51:9999/register" "Mozilla/5.0 (Windows NT 10.0; Win64; x64) AppleWebKit/537.36 (KHTML, like Gecko) Chrome/124.0.0.0 Safari/537.36"
10.2.144.25 - - [16/May/2024:18:12:27 +0000] "GET /register HTTP/1.1" 200 2304 "-" "Mozilla/5.0 (Windows NT 10.0; Win64; x64) AppleWebKit/537.36 (KHTML, like Gecko) Chrome/124.0.0.0 Safari/537.36"
10.2.144.25 - - [16/May/2024:18:13:29 +0000] "GET /register HTTP/1.1" 200 2304 "-" "Mozilla/5.0 (Windows NT 10.0; Win64; x64) AppleWebKit/537.36 (KHTML, like Gecko) Chrome/124.0.0.0 Safari/537.36"
10.2.144.25 - - [16/May/2024:18:18:40 +0000] "POST /register HTTP/1.1" 500 1211447 "http://10.2.160.51:9999/register" "Mozilla/5.0 (Windows NT 10.0; Win64; x64) AppleWebKit/537.36 (KHTML, like Gecko) Chrome/124.0.0.0 Safari/537.36"
10.2.144.25 - - [16/May/2024:18:18:41 +0000] "GET /register HTTP/1.1" 200 2304 "-" "Mozilla/5.0 (Windows NT 10.0; Win64; x64) AppleWebKit/537.36 (KHTML, like Gecko) Chrome/124.0.0.0 Safari/537.36"
10.2.144.25 - - [16/May/2024:18:18:50 +0000] "GET /register HTTP/1.1" 200 2304 "-" "Mozilla/5.0 (Windows NT 10.0; Win64; x64) AppleWebKit/537.36 (KHTML, like Gecko) Chrome/124.0.0.0 Safari/537.36"
10.2.144.25 - - [16/May/2024:18:19:26 +0000] "POST /register HTTP/1.1" 500 1142111 "http://10.2.160.51:9999/register" "Mozilla/5.0 (Windows NT 10.0; Win64; x64) AppleWebKit/537.36 (KHTML, like Gecko) Chrome/124.0.0.0 Safari/537.36"
10.2.144.25 - - [16/May/2024:18:19:27 +0000] "GET /register HTTP/1.1" 302 390 "-" "Mozilla/5.0 (Windows NT 10.0; Win64; x64) AppleWebKit/537.36 (KHTML, like Gecko) Chrome/124.0.0.0 Safari/537.36"
10.2.144.25 - - [16/May/2024:18:19:30 +0000] "GET /dashboard HTTP/1.1" 500 1244716 "-" "Mozilla/5.0 (Windows NT 10.0; Win64; x64) AppleWebKit/537.36 (KHTML, like Gecko) Chrome/124.0.0.0 Safari/537.36"
10.2.144.24 - - [16/May/2024:18:20:17 +0000] "GET /login HTTP/1.1" 499 0 "http://10.2.160.51:9999/register" "Mozilla/5.0 (Windows NT 10.0; Win64; x64) AppleWebKit/537.36 (KHTML, like Gecko) Chrome/124.0.0.0 Safari/537.36"
10.2.144.24 - - [16/May/2024:18:20:18 +0000] "GET /login HTTP/1.1" 499 0 "http://10.2.160.51:9999/register" "Mozilla/5.0 (Windows NT 10.0; Win64; x64) AppleWebKit/537.36 (KHTML, like Gecko) Chrome/124.0.0.0 Safari/537.36"
10.2.144.24 - - [16/May/2024:18:20:19 +0000] "GET /login HTTP/1.1" 499 0 "http://10.2.160.51:9999/login" "Mozilla/5.0 (Windows NT 10.0; Win64; x64) AppleWebKit/537.36 (KHTML, like Gecko) Chrome/124.0.0.0 Safari/537.36"
10.2.144.24 - - [16/May/2024:18:20:24 +0000] "GET /home HTTP/1.1" 200 3620 "http://10.2.160.51:9999/login" "Mozilla/5.0 (Windows NT 10.0; Win64; x64) AppleWebKit/537.36 (KHTML, like Gecko) Chrome/124.0.0.0 Safari/537.36"
10.2.144.24 - - [16/May/2024:18:20:24 +0000] "GET /user/home.css HTTP/1.1" 304 0 "http://10.2.160.51:9999/home" "Mozilla/5.0 (Windows NT 10.0; Win64; x64) AppleWebKit/537.36 (KHTML, like Gecko) Chrome/124.0.0.0 Safari/537.36"
10.2.144.15 - - [16/May/2024:18:20:39 +0000] "GET / HTTP/1.1" 200 3620 "-" "Mozilla/5.0 (Macintosh; Intel Mac OS X 10_15_7) AppleWebKit/537.36 (KHTML, like Gecko) Chrome/123.0.0.0 Safari/537.36 OPR/109.0.0.0 (Edition std-1)"
10.2.144.15 - - [16/May/2024:18:20:39 +0000] "GET /user/home.css HTTP/1.1" 304 0 "http://10.2.160.51:9999/" "Mozilla/5.0 (Macintosh; Intel Mac OS X 10_15_7) AppleWebKit/537.36 (KHTML, like Gecko) Chrome/123.0.0.0 Safari/537.36 OPR/109.0.0.0 (Edition std-1)"
10.2.144.15 - - [16/May/2024:18:20:39 +0000] "GET /user/components/header.css HTTP/1.1" 304 0 "http://10.2.160.51:9999/" "Mozilla/5.0 (Macintosh; Intel Mac OS X 10_15_7) AppleWebKit/537.36 (KHTML, like Gecko) Chrome/123.0.0.0 Safari/537.36 OPR/109.0.0.0 (Edition std-1)"
10.2.144.15 - - [16/May/2024:18:20:39 +0000] "GET /user/components/footer.css HTTP/1.1" 304 0 "http://10.2.160.51:9999/" "Mozilla/5.0 (Macintosh; Intel Mac OS X 10_15_7) AppleWebKit/537.36 (KHTML, like Gecko) Chrome/123.0.0.0 Safari/537.36 OPR/109.0.0.0 (Edition std-1)"
10.2.144.25 - - [16/May/2024:18:26:23 +0000] "GET /register HTTP/1.1" 500 1132222 "-" "Mozilla/5.0 (Windows NT 10.0; Win64; x64) AppleWebKit/537.36 (KHTML, like Gecko) Chrome/124.0.0.0 Safari/537.36"
10.2.144.25 - - [16/May/2024:18:41:36 +0000] "POST /register HTTP/1.1" 500 1133792 "http://10.2.160.51:9999/register" "Mozilla/5.0 (Windows NT 10.0; Win64; x64) AppleWebKit/537.36 (KHTML, like Gecko) Chrome/124.0.0.0 Safari/537.36"
10.2.144.25 - - [16/May/2024:18:41:39 +0000] "GET /_ignition/health-check HTTP/1.1" 200 40 "http://10.2.160.51:9999/register" "Mozilla/5.0 (Windows NT 10.0; Win64; x64) AppleWebKit/537.36 (KHTML, like Gecko) Chrome/124.0.0.0 Safari/537.36"
10.2.144.25 - - [16/May/2024:18:41:40 +0000] "GET /register HTTP/1.1" 500 1132231 "-" "Mozilla/5.0 (Windows NT 10.0; Win64; x64) AppleWebKit/537.36 (KHTML, like Gecko) Chrome/124.0.0.0 Safari/537.36"
10.2.144.25 - - [16/May/2024:18:42:33 +0000] "GET /register HTTP/1.1" 500 1132222 "-" "Mozilla/5.0 (Windows NT 10.0; Win64; x64) AppleWebKit/537.36 (KHTML, like Gecko) Chrome/124.0.0.0 Safari/537.36"
10.2.144.26 - - [16/May/2024:18:45:24 +0000] "GET / HTTP/1.1" 499 0 "-" "Mozilla/5.0 (Macintosh; Intel Mac OS X 10_15_7) AppleWebKit/537.36 (KHTML, like Gecko) Chrome/124.0.0.0 Safari/537.36"
10.2.144.26 - - [16/May/2024:18:45:26 +0000] "GET / HTTP/1.1" 499 0 "-" "Mozilla/5.0 (Macintosh; Intel Mac OS X 10_15_7) AppleWebKit/537.36 (KHTML, like Gecko) Chrome/124.0.0.0 Safari/537.36"
10.2.144.26 - - [16/May/2024:18:45:28 +0000] "GET / HTTP/1.1" 499 0 "http://10.2.160.51:9999/" "Mozilla/5.0 (Macintosh; Intel Mac OS X 10_15_7) AppleWebKit/537.36 (KHTML, like Gecko) Chrome/124.0.0.0 Safari/537.36"
10.2.144.26 - - [16/May/2024:18:45:31 +0000] "GET /registration HTTP/1.1" 500 1132968 "http://10.2.160.51:9999/" "Mozilla/5.0 (Macintosh; Intel Mac OS X 10_15_7) AppleWebKit/537.36 (KHTML, like Gecko) Chrome/124.0.0.0 Safari/537.36"
10.2.144.26 - - [16/May/2024:18:45:33 +0000] "GET /_ignition/health-check HTTP/1.1" 200 40 "http://10.2.160.51:9999/registration" "Mozilla/5.0 (Macintosh; Intel Mac OS X 10_15_7) AppleWebKit/537.36 (KHTML, like Gecko) Chrome/124.0.0.0 Safari/537.36"
10.2.144.26 - - [16/May/2024:18:45:41 +0000] "GET / HTTP/1.1" 500 1132052 "-" "Mozilla/5.0 (Macintosh; Intel Mac OS X 10_15_7) AppleWebKit/537.36 (KHTML, like Gecko) Chrome/124.0.0.0 Safari/537.36"
10.2.144.26 - - [16/May/2024:18:45:48 +0000] "GET / HTTP/1.1" 500 1132052 "-" "Mozilla/5.0 (Macintosh; Intel Mac OS X 10_15_7) AppleWebKit/537.36 (KHTML, like Gecko) Chrome/124.0.0.0 Safari/537.36"
10.2.144.26 - - [16/May/2024:18:45:49 +0000] "GET /_ignition/health-check HTTP/1.1" 200 40 "http://10.2.160.51:9999/" "Mozilla/5.0 (Macintosh; Intel Mac OS X 10_15_7) AppleWebKit/537.36 (KHTML, like Gecko) Chrome/124.0.0.0 Safari/537.36"
10.2.144.26 - - [16/May/2024:18:46:17 +0000] "GET / HTTP/1.1" 500 1132108 "-" "Mozilla/5.0 (Macintosh; Intel Mac OS X 10_15_7) AppleWebKit/537.36 (KHTML, like Gecko) Chrome/124.0.0.0 Safari/537.36"
10.2.144.26 - - [16/May/2024:18:46:20 +0000] "GET /_ignition/health-check HTTP/1.1" 200 40 "http://10.2.160.51:9999/" "Mozilla/5.0 (Macintosh; Intel Mac OS X 10_15_7) AppleWebKit/537.36 (KHTML, like Gecko) Chrome/124.0.0.0 Safari/537.36"
10.2.144.26 - - [16/May/2024:18:46:21 +0000] "GET / HTTP/1.1" 499 0 "-" "Mozilla/5.0 (Macintosh; Intel Mac OS X 10_15_7) AppleWebKit/537.36 (KHTML, like Gecko) Chrome/124.0.0.0 Safari/537.36"
10.2.144.26 - - [16/May/2024:18:46:23 +0000] "GET / HTTP/1.1" 500 1132307 "-" "Mozilla/5.0 (Macintosh; Intel Mac OS X 10_15_7) AppleWebKit/537.36 (KHTML, like Gecko) Chrome/124.0.0.0 Safari/537.36"
10.2.144.26 - - [16/May/2024:18:46:25 +0000] "GET /_ignition/health-check HTTP/1.1" 200 40 "http://10.2.160.51:9999/" "Mozilla/5.0 (Macintosh; Intel Mac OS X 10_15_7) AppleWebKit/537.36 (KHTML, like Gecko) Chrome/124.0.0.0 Safari/537.36"
10.2.144.25 - - [16/May/2024:19:02:17 +0000] "POST /register HTTP/1.1" 419 6622 "http://10.2.160.51:9999/register" "Mozilla/5.0 (Windows NT 10.0; Win64; x64) AppleWebKit/537.36 (KHTML, like Gecko) Chrome/124.0.0.0 Safari/537.36"
10.2.144.25 - - [16/May/2024:19:02:19 +0000] "GET /register HTTP/1.1" 200 2302 "-" "Mozilla/5.0 (Windows NT 10.0; Win64; x64) AppleWebKit/537.36 (KHTML, like Gecko) Chrome/124.0.0.0 Safari/537.36"
10.2.144.25 - - [16/May/2024:19:02:21 +0000] "GET /register HTTP/1.1" 200 2302 "-" "Mozilla/5.0 (Windows NT 10.0; Win64; x64) AppleWebKit/537.36 (KHTML, like Gecko) Chrome/124.0.0.0 Safari/537.36"
10.2.144.25 - - [16/May/2024:19:02:29 +0000] "POST /register HTTP/1.1" 419 6622 "http://10.2.160.51:9999/register" "Mozilla/5.0 (Windows NT 10.0; Win64; x64) AppleWebKit/537.36 (KHTML, like Gecko) Chrome/124.0.0.0 Safari/537.36"
10.2.144.25 - - [16/May/2024:19:02:30 +0000] "GET /register HTTP/1.1" 200 2302 "-" "Mozilla/5.0 (Windows NT 10.0; Win64; x64) AppleWebKit/537.36 (KHTML, like Gecko) Chrome/124.0.0.0 Safari/537.36"
10.2.144.25 - - [16/May/2024:19:02:40 +0000] "GET /register HTTP/1.1" 200 2302 "-" "Mozilla/5.0 (Windows NT 10.0; Win64; x64) AppleWebKit/537.36 (KHTML, like Gecko) Chrome/124.0.0.0 Safari/537.36"
10.2.144.25 - - [16/May/2024:19:02:41 +0000] "GET /register HTTP/1.1" 200 2302 "http://10.2.160.51:9999/registration" "Mozilla/5.0 (Windows NT 10.0; Win64; x64) AppleWebKit/537.36 (KHTML, like Gecko) Chrome/124.0.0.0 Safari/537.36"
10.2.144.25 - - [16/May/2024:19:02:43 +0000] "GET /register HTTP/1.1" 200 2302 "-" "Mozilla/5.0 (Windows NT 10.0; Win64; x64) AppleWebKit/537.36 (KHTML, like Gecko) Chrome/124.0.0.0 Safari/537.36"
10.2.144.25 - - [16/May/2024:19:02:45 +0000] "GET /home HTTP/1.1" 200 3620 "http://10.2.160.51:9999/register" "Mozilla/5.0 (Windows NT 10.0; Win64; x64) AppleWebKit/537.36 (KHTML, like Gecko) Chrome/124.0.0.0 Safari/537.36"
10.2.144.25 - - [16/May/2024:19:02:47 +0000] "GET /home HTTP/1.1" 499 0 "http://10.2.160.51:9999/home" "Mozilla/5.0 (Windows NT 10.0; Win64; x64) AppleWebKit/537.36 (KHTML, like Gecko) Chrome/124.0.0.0 Safari/537.36"
10.2.144.25 - - [16/May/2024:19:02:49 +0000] "GET /home HTTP/1.1" 200 3620 "-" "Mozilla/5.0 (Windows NT 10.0; Win64; x64) AppleWebKit/537.36 (KHTML, like Gecko) Chrome/124.0.0.0 Safari/537.36"
10.2.144.25 - - [16/May/2024:19:02:50 +0000] "GET /registration HTTP/1.1" 200 1846 "http://10.2.160.51:9999/home" "Mozilla/5.0 (Windows NT 10.0; Win64; x64) AppleWebKit/537.36 (KHTML, like Gecko) Chrome/124.0.0.0 Safari/537.36"
10.2.144.25 - - [16/May/2024:19:02:52 +0000] "GET /registration HTTP/1.1" 200 1846 "-" "Mozilla/5.0 (Windows NT 10.0; Win64; x64) AppleWebKit/537.36 (KHTML, like Gecko) Chrome/124.0.0.0 Safari/537.36"
10.2.144.25 - - [16/May/2024:19:02:57 +0000] "GET /register HTTP/1.1" 200 2302 "http://10.2.160.51:9999/registration" "Mozilla/5.0 (Windows NT 10.0; Win64; x64) AppleWebKit/537.36 (KHTML, like Gecko) Chrome/124.0.0.0 Safari/537.36"
10.2.144.25 - - [16/May/2024:19:02:59 +0000] "GET /register HTTP/1.1" 200 2302 "-" "Mozilla/5.0 (Windows NT 10.0; Win64; x64) AppleWebKit/537.36 (KHTML, like Gecko) Chrome/124.0.0.0 Safari/537.36"
10.2.144.25 - - [16/May/2024:19:03:45 +0000] "POST /register HTTP/1.1" 500 1210267 "http://10.2.160.51:9999/register" "Mozilla/5.0 (Windows NT 10.0; Win64; x64) AppleWebKit/537.36 (KHTML, like Gecko) Chrome/124.0.0.0 Safari/537.36"
10.2.144.25 - - [16/May/2024:19:03:46 +0000] "GET /register HTTP/1.1" 200 2302 "-" "Mozilla/5.0 (Windows NT 10.0; Win64; x64) AppleWebKit/537.36 (KHTML, like Gecko) Chrome/124.0.0.0 Safari/537.36"
10.2.144.24 - - [16/May/2024:19:10:21 +0000] "GET /registration HTTP/1.1" 200 1846 "http://10.2.160.51:9999/home" "Mozilla/5.0 (Windows NT 10.0; Win64; x64) AppleWebKit/537.36 (KHTML, like Gecko) Chrome/124.0.0.0 Safari/537.36"
10.2.144.24 - - [16/May/2024:19:10:21 +0000] "GET /user/components/header.css HTTP/1.1" 304 0 "http://10.2.160.51:9999/registration" "Mozilla/5.0 (Windows NT 10.0; Win64; x64) AppleWebKit/537.36 (KHTML, like Gecko) Chrome/124.0.0.0 Safari/537.36"
10.2.144.24 - - [16/May/2024:19:10:21 +0000] "GET /user/components/footer.css HTTP/1.1" 304 0 "http://10.2.160.51:9999/registration" "Mozilla/5.0 (Windows NT 10.0; Win64; x64) AppleWebKit/537.36 (KHTML, like Gecko) Chrome/124.0.0.0 Safari/537.36"
10.2.144.24 - - [16/May/2024:19:10:24 +0000] "GET /register HTTP/1.1" 200 2302 "http://10.2.160.51:9999/registration" "Mozilla/5.0 (Windows NT 10.0; Win64; x64) AppleWebKit/537.36 (KHTML, like Gecko) Chrome/124.0.0.0 Safari/537.36"
10.2.144.25 - - [16/May/2024:19:10:25 +0000] "GET /register HTTP/1.1" 200 2304 "-" "Mozilla/5.0 (Windows NT 10.0; Win64; x64) AppleWebKit/537.36 (KHTML, like Gecko) Chrome/124.0.0.0 Safari/537.36"
10.2.144.25 - - [16/May/2024:19:10:34 +0000] "POST /register HTTP/1.1" 419 6622 "http://10.2.160.51:9999/register" "Mozilla/5.0 (Windows NT 10.0; Win64; x64) AppleWebKit/537.36 (KHTML, like Gecko) Chrome/124.0.0.0 Safari/537.36"
10.2.144.25 - - [16/May/2024:19:10:36 +0000] "GET /register HTTP/1.1" 200 2304 "-" "Mozilla/5.0 (Windows NT 10.0; Win64; x64) AppleWebKit/537.36 (KHTML, like Gecko) Chrome/124.0.0.0 Safari/537.36"
10.2.144.25 - - [16/May/2024:19:10:38 +0000] "GET /register HTTP/1.1" 200 2304 "-" "Mozilla/5.0 (Windows NT 10.0; Win64; x64) AppleWebKit/537.36 (KHTML, like Gecko) Chrome/124.0.0.0 Safari/537.36"
10.2.144.25 - - [16/May/2024:19:10:40 +0000] "GET /home HTTP/1.1" 200 3620 "http://10.2.160.51:9999/register" "Mozilla/5.0 (Windows NT 10.0; Win64; x64) AppleWebKit/537.36 (KHTML, like Gecko) Chrome/124.0.0.0 Safari/537.36"
10.2.144.25 - - [16/May/2024:19:10:40 +0000] "GET /user/home.css HTTP/1.1" 304 0 "http://10.2.160.51:9999/home" "Mozilla/5.0 (Windows NT 10.0; Win64; x64) AppleWebKit/537.36 (KHTML, like Gecko) Chrome/124.0.0.0 Safari/537.36"
10.2.144.25 - - [16/May/2024:19:10:40 +0000] "GET /user/components/header.css HTTP/1.1" 304 0 "http://10.2.160.51:9999/home" "Mozilla/5.0 (Windows NT 10.0; Win64; x64) AppleWebKit/537.36 (KHTML, like Gecko) Chrome/124.0.0.0 Safari/537.36"
10.2.144.25 - - [16/May/2024:19:10:40 +0000] "GET /user/components/footer.css HTTP/1.1" 304 0 "http://10.2.160.51:9999/home" "Mozilla/5.0 (Windows NT 10.0; Win64; x64) AppleWebKit/537.36 (KHTML, like Gecko) Chrome/124.0.0.0 Safari/537.36"
10.2.144.25 - - [16/May/2024:19:10:43 +0000] "GET /home HTTP/1.1" 200 3620 "-" "Mozilla/5.0 (Windows NT 10.0; Win64; x64) AppleWebKit/537.36 (KHTML, like Gecko) Chrome/124.0.0.0 Safari/537.36"
10.2.144.25 - - [16/May/2024:19:10:44 +0000] "GET /home HTTP/1.1" 200 3620 "http://10.2.160.51:9999/register" "Mozilla/5.0 (Windows NT 10.0; Win64; x64) AppleWebKit/537.36 (KHTML, like Gecko) Chrome/124.0.0.0 Safari/537.36"
10.2.144.25 - - [16/May/2024:19:10:46 +0000] "GET /home HTTP/1.1" 200 3620 "-" "Mozilla/5.0 (Windows NT 10.0; Win64; x64) AppleWebKit/537.36 (KHTML, like Gecko) Chrome/124.0.0.0 Safari/537.36"
10.2.144.25 - - [16/May/2024:19:10:47 +0000] "GET /registration HTTP/1.1" 200 1846 "http://10.2.160.51:9999/home" "Mozilla/5.0 (Windows NT 10.0; Win64; x64) AppleWebKit/537.36 (KHTML, like Gecko) Chrome/124.0.0.0 Safari/537.36"
10.2.144.25 - - [16/May/2024:19:10:50 +0000] "GET /registration HTTP/1.1" 200 1846 "-" "Mozilla/5.0 (Windows NT 10.0; Win64; x64) AppleWebKit/537.36 (KHTML, like Gecko) Chrome/124.0.0.0 Safari/537.36"
10.2.144.25 - - [16/May/2024:19:10:51 +0000] "GET /register HTTP/1.1" 499 0 "http://10.2.160.51:9999/registration" "Mozilla/5.0 (Windows NT 10.0; Win64; x64) AppleWebKit/537.36 (KHTML, like Gecko) Chrome/124.0.0.0 Safari/537.36"
10.2.144.24 - - [16/May/2024:19:10:52 +0000] "GET /registration HTTP/1.1" 200 1846 "http://10.2.160.51:9999/register" "Mozilla/5.0 (Windows NT 10.0; Win64; x64) AppleWebKit/537.36 (KHTML, like Gecko) Chrome/124.0.0.0 Safari/537.36"
10.2.144.25 - - [16/May/2024:19:10:55 +0000] "GET /register HTTP/1.1" 200 2304 "http://10.2.160.51:9999/registration" "Mozilla/5.0 (Windows NT 10.0; Win64; x64) AppleWebKit/537.36 (KHTML, like Gecko) Chrome/124.0.0.0 Safari/537.36"
10.2.144.24 - - [16/May/2024:19:10:56 +0000] "GET /register HTTP/1.1" 499 0 "http://10.2.160.51:9999/registration" "Mozilla/5.0 (Windows NT 10.0; Win64; x64) AppleWebKit/537.36 (KHTML, like Gecko) Chrome/124.0.0.0 Safari/537.36"
10.2.144.25 - - [16/May/2024:19:10:58 +0000] "GET /register HTTP/1.1" 200 2304 "-" "Mozilla/5.0 (Windows NT 10.0; Win64; x64) AppleWebKit/537.36 (KHTML, like Gecko) Chrome/124.0.0.0 Safari/537.36"
10.2.144.24 - - [16/May/2024:19:10:59 +0000] "GET /register HTTP/1.1" 499 0 "http://10.2.160.51:9999/registration" "Mozilla/5.0 (Windows NT 10.0; Win64; x64) AppleWebKit/537.36 (KHTML, like Gecko) Chrome/124.0.0.0 Safari/537.36"
10.2.144.24 - - [16/May/2024:19:11:02 +0000] "GET /register HTTP/1.1" 200 2302 "http://10.2.160.51:9999/registration" "Mozilla/5.0 (Windows NT 10.0; Win64; x64) AppleWebKit/537.36 (KHTML, like Gecko) Chrome/124.0.0.0 Safari/537.36"
10.2.144.25 - - [16/May/2024:19:11:39 +0000] "POST /register HTTP/1.1" 500 1210227 "http://10.2.160.51:9999/register" "Mozilla/5.0 (Windows NT 10.0; Win64; x64) AppleWebKit/537.36 (KHTML, like Gecko) Chrome/124.0.0.0 Safari/537.36"
10.2.144.25 - - [16/May/2024:19:11:40 +0000] "GET /register HTTP/1.1" 200 2304 "-" "Mozilla/5.0 (Windows NT 10.0; Win64; x64) AppleWebKit/537.36 (KHTML, like Gecko) Chrome/124.0.0.0 Safari/537.36"
10.2.144.24 - - [16/May/2024:19:13:56 +0000] "GET /registration HTTP/1.1" 200 1846 "http://10.2.160.51:9999/register" "Mozilla/5.0 (Windows NT 10.0; Win64; x64) AppleWebKit/537.36 (KHTML, like Gecko) Chrome/124.0.0.0 Safari/537.36"
10.2.144.25 - - [16/May/2024:19:13:59 +0000] "GET /register HTTP/1.1" 200 2304 "-" "Mozilla/5.0 (Windows NT 10.0; Win64; x64) AppleWebKit/537.36 (KHTML, like Gecko) Chrome/124.0.0.0 Safari/537.36"
10.2.144.25 - - [16/May/2024:19:14:00 +0000] "GET /contact HTTP/1.1" 200 2846 "http://10.2.160.51:9999/register" "Mozilla/5.0 (Windows NT 10.0; Win64; x64) AppleWebKit/537.36 (KHTML, like Gecko) Chrome/124.0.0.0 Safari/537.36"
10.2.144.25 - - [16/May/2024:19:14:00 +0000] "GET /user/contact.css HTTP/1.1" 304 0 "http://10.2.160.51:9999/contact" "Mozilla/5.0 (Windows NT 10.0; Win64; x64) AppleWebKit/537.36 (KHTML, like Gecko) Chrome/124.0.0.0 Safari/537.36"
10.2.144.25 - - [16/May/2024:19:14:03 +0000] "GET /contact HTTP/1.1" 200 2846 "-" "Mozilla/5.0 (Windows NT 10.0; Win64; x64) AppleWebKit/537.36 (KHTML, like Gecko) Chrome/124.0.0.0 Safari/537.36"
10.2.144.24 - - [16/May/2024:19:14:04 +0000] "GET /register HTTP/1.1" 499 0 "http://10.2.160.51:9999/registration" "Mozilla/5.0 (Windows NT 10.0; Win64; x64) AppleWebKit/537.36 (KHTML, like Gecko) Chrome/124.0.0.0 Safari/537.36"
10.2.144.25 - - [16/May/2024:19:14:05 +0000] "GET /contact HTTP/1.1" 200 2846 "http://10.2.160.51:9999/register" "Mozilla/5.0 (Windows NT 10.0; Win64; x64) AppleWebKit/537.36 (KHTML, like Gecko) Chrome/124.0.0.0 Safari/537.36"
10.2.144.24 - - [16/May/2024:19:14:09 +0000] "GET /register HTTP/1.1" 200 2304 "http://10.2.160.51:9999/registration" "Mozilla/5.0 (Windows NT 10.0; Win64; x64) AppleWebKit/537.36 (KHTML, like Gecko) Chrome/124.0.0.0 Safari/537.36"
10.2.144.25 - - [16/May/2024:19:14:11 +0000] "GET /contact HTTP/1.1" 200 2846 "-" "Mozilla/5.0 (Windows NT 10.0; Win64; x64) AppleWebKit/537.36 (KHTML, like Gecko) Chrome/124.0.0.0 Safari/537.36"
10.2.144.25 - - [16/May/2024:19:14:11 +0000] "GET /registration HTTP/1.1" 200 1846 "http://10.2.160.51:9999/contact" "Mozilla/5.0 (Windows NT 10.0; Win64; x64) AppleWebKit/537.36 (KHTML, like Gecko) Chrome/124.0.0.0 Safari/537.36"
10.2.144.25 - - [16/May/2024:19:14:14 +0000] "GET /registration HTTP/1.1" 200 1846 "-" "Mozilla/5.0 (Windows NT 10.0; Win64; x64) AppleWebKit/537.36 (KHTML, like Gecko) Chrome/124.0.0.0 Safari/537.36"
10.2.144.25 - - [16/May/2024:19:14:15 +0000] "GET /register HTTP/1.1" 200 2304 "http://10.2.160.51:9999/registration" "Mozilla/5.0 (Windows NT 10.0; Win64; x64) AppleWebKit/537.36 (KHTML, like Gecko) Chrome/124.0.0.0 Safari/537.36"
10.2.144.25 - - [16/May/2024:19:14:17 +0000] "GET /register HTTP/1.1" 200 2304 "-" "Mozilla/5.0 (Windows NT 10.0; Win64; x64) AppleWebKit/537.36 (KHTML, like Gecko) Chrome/124.0.0.0 Safari/537.36"
10.2.144.24 - - [16/May/2024:19:14:49 +0000] "POST /register HTTP/1.1" 500 1135013 "http://10.2.160.51:9999/register" "Mozilla/5.0 (Windows NT 10.0; Win64; x64) AppleWebKit/537.36 (KHTML, like Gecko) Chrome/124.0.0.0 Safari/537.36"
10.2.144.25 - - [16/May/2024:19:14:55 +0000] "POST /register HTTP/1.1" 500 1134256 "http://10.2.160.51:9999/register" "Mozilla/5.0 (Windows NT 10.0; Win64; x64) AppleWebKit/537.36 (KHTML, like Gecko) Chrome/124.0.0.0 Safari/537.36"
10.2.144.25 - - [16/May/2024:19:14:56 +0000] "GET /register HTTP/1.1" 200 2304 "-" "Mozilla/5.0 (Windows NT 10.0; Win64; x64) AppleWebKit/537.36 (KHTML, like Gecko) Chrome/124.0.0.0 Safari/537.36"
10.2.144.25 - - [16/May/2024:19:22:11 +0000] "GET /register HTTP/1.1" 200 2304 "-" "Mozilla/5.0 (Windows NT 10.0; Win64; x64) AppleWebKit/537.36 (KHTML, like Gecko) Chrome/124.0.0.0 Safari/537.36"
10.2.144.25 - - [16/May/2024:19:23:45 +0000] "GET /register HTTP/1.1" 200 2304 "http://10.2.160.51:9999/registration" "Mozilla/5.0 (Windows NT 10.0; Win64; x64) AppleWebKit/537.36 (KHTML, like Gecko) Chrome/124.0.0.0 Safari/537.36"
10.2.144.25 - - [16/May/2024:19:23:47 +0000] "GET /register HTTP/1.1" 200 2304 "-" "Mozilla/5.0 (Windows NT 10.0; Win64; x64) AppleWebKit/537.36 (KHTML, like Gecko) Chrome/124.0.0.0 Safari/537.36"
10.2.144.25 - - [16/May/2024:19:25:14 +0000] "POST /register HTTP/1.1" 419 6622 "http://10.2.160.51:9999/register" "Mozilla/5.0 (Windows NT 10.0; Win64; x64) AppleWebKit/537.36 (KHTML, like Gecko) Chrome/124.0.0.0 Safari/537.36"
10.2.144.25 - - [16/May/2024:19:25:16 +0000] "GET /register HTTP/1.1" 200 2304 "-" "Mozilla/5.0 (Windows NT 10.0; Win64; x64) AppleWebKit/537.36 (KHTML, like Gecko) Chrome/124.0.0.0 Safari/537.36"
10.2.144.25 - - [16/May/2024:19:25:21 +0000] "GET /register HTTP/1.1" 200 2304 "-" "Mozilla/5.0 (Windows NT 10.0; Win64; x64) AppleWebKit/537.36 (KHTML, like Gecko) Chrome/124.0.0.0 Safari/537.36"
10.2.144.25 - - [16/May/2024:19:25:23 +0000] "GET /planning HTTP/1.1" 200 1365 "http://10.2.160.51:9999/register" "Mozilla/5.0 (Windows NT 10.0; Win64; x64) AppleWebKit/537.36 (KHTML, like Gecko) Chrome/124.0.0.0 Safari/537.36"
10.2.144.25 - - [16/May/2024:19:25:25 +0000] "GET /planning HTTP/1.1" 200 1365 "-" "Mozilla/5.0 (Windows NT 10.0; Win64; x64) AppleWebKit/537.36 (KHTML, like Gecko) Chrome/124.0.0.0 Safari/537.36"
10.2.144.25 - - [16/May/2024:19:25:26 +0000] "GET /contact HTTP/1.1" 499 0 "http://10.2.160.51:9999/planning" "Mozilla/5.0 (Windows NT 10.0; Win64; x64) AppleWebKit/537.36 (KHTML, like Gecko) Chrome/124.0.0.0 Safari/537.36"
10.2.144.25 - - [16/May/2024:19:25:28 +0000] "GET /contact HTTP/1.1" 499 0 "http://10.2.160.51:9999/planning" "Mozilla/5.0 (Windows NT 10.0; Win64; x64) AppleWebKit/537.36 (KHTML, like Gecko) Chrome/124.0.0.0 Safari/537.36"
10.2.144.25 - - [16/May/2024:19:25:31 +0000] "GET /registration HTTP/1.1" 200 1846 "http://10.2.160.51:9999/planning" "Mozilla/5.0 (Windows NT 10.0; Win64; x64) AppleWebKit/537.36 (KHTML, like Gecko) Chrome/124.0.0.0 Safari/537.36"
10.2.144.25 - - [16/May/2024:19:25:33 +0000] "GET /registration HTTP/1.1" 200 1846 "-" "Mozilla/5.0 (Windows NT 10.0; Win64; x64) AppleWebKit/537.36 (KHTML, like Gecko) Chrome/124.0.0.0 Safari/537.36"
10.2.144.25 - - [16/May/2024:19:25:35 +0000] "GET /register HTTP/1.1" 200 2304 "http://10.2.160.51:9999/registration" "Mozilla/5.0 (Windows NT 10.0; Win64; x64) AppleWebKit/537.36 (KHTML, like Gecko) Chrome/124.0.0.0 Safari/537.36"
10.2.144.25 - - [16/May/2024:19:25:37 +0000] "GET /register HTTP/1.1" 200 2304 "-" "Mozilla/5.0 (Windows NT 10.0; Win64; x64) AppleWebKit/537.36 (KHTML, like Gecko) Chrome/124.0.0.0 Safari/537.36"
10.2.144.25 - - [16/May/2024:19:26:09 +0000] "POST /register HTTP/1.1" 500 1134728 "http://10.2.160.51:9999/register" "Mozilla/5.0 (Windows NT 10.0; Win64; x64) AppleWebKit/537.36 (KHTML, like Gecko) Chrome/124.0.0.0 Safari/537.36"
10.2.144.25 - - [16/May/2024:19:26:12 +0000] "GET /register HTTP/1.1" 200 2304 "-" "Mozilla/5.0 (Windows NT 10.0; Win64; x64) AppleWebKit/537.36 (KHTML, like Gecko) Chrome/124.0.0.0 Safari/537.36"
10.2.144.25 - - [16/May/2024:19:31:42 +0000] "GET /register HTTP/1.1" 200 2304 "-" "Mozilla/5.0 (Windows NT 10.0; Win64; x64) AppleWebKit/537.36 (KHTML, like Gecko) Chrome/124.0.0.0 Safari/537.36"
10.2.144.25 - - [16/May/2024:19:31:44 +0000] "GET /about HTTP/1.1" 200 2889 "http://10.2.160.51:9999/register" "Mozilla/5.0 (Windows NT 10.0; Win64; x64) AppleWebKit/537.36 (KHTML, like Gecko) Chrome/124.0.0.0 Safari/537.36"
10.2.144.25 - - [16/May/2024:19:31:44 +0000] "GET /user/about.css HTTP/1.1" 304 0 "http://10.2.160.51:9999/about" "Mozilla/5.0 (Windows NT 10.0; Win64; x64) AppleWebKit/537.36 (KHTML, like Gecko) Chrome/124.0.0.0 Safari/537.36"
10.2.144.25 - - [16/May/2024:19:31:47 +0000] "GET /about HTTP/1.1" 200 2889 "-" "Mozilla/5.0 (Windows NT 10.0; Win64; x64) AppleWebKit/537.36 (KHTML, like Gecko) Chrome/124.0.0.0 Safari/537.36"
10.2.144.25 - - [16/May/2024:19:31:48 +0000] "GET /about HTTP/1.1" 200 2889 "http://10.2.160.51:9999/register" "Mozilla/5.0 (Windows NT 10.0; Win64; x64) AppleWebKit/537.36 (KHTML, like Gecko) Chrome/124.0.0.0 Safari/537.36"
10.2.144.25 - - [16/May/2024:19:31:50 +0000] "GET /about HTTP/1.1" 200 2889 "-" "Mozilla/5.0 (Windows NT 10.0; Win64; x64) AppleWebKit/537.36 (KHTML, like Gecko) Chrome/124.0.0.0 Safari/537.36"
10.2.144.25 - - [16/May/2024:19:31:52 +0000] "GET /registration HTTP/1.1" 200 1846 "http://10.2.160.51:9999/about" "Mozilla/5.0 (Windows NT 10.0; Win64; x64) AppleWebKit/537.36 (KHTML, like Gecko) Chrome/124.0.0.0 Safari/537.36"
10.2.144.25 - - [16/May/2024:19:31:54 +0000] "GET /registration HTTP/1.1" 200 1846 "-" "Mozilla/5.0 (Windows NT 10.0; Win64; x64) AppleWebKit/537.36 (KHTML, like Gecko) Chrome/124.0.0.0 Safari/537.36"
10.2.144.25 - - [16/May/2024:19:31:56 +0000] "GET /register HTTP/1.1" 200 2304 "http://10.2.160.51:9999/registration" "Mozilla/5.0 (Windows NT 10.0; Win64; x64) AppleWebKit/537.36 (KHTML, like Gecko) Chrome/124.0.0.0 Safari/537.36"
