10.2.144.25 - - [16/May/2024:19:31:58 +0000] "GET /register HTTP/1.1" 200 2304 "-" "Mozilla/5.0 (Windows NT 10.0; Win64; x64) AppleWebKit/537.36 (KHTML, like Gecko) Chrome/124.0.0.0 Safari/537.36"
10.2.144.25 - - [16/May/2024:19:32:43 +0000] "POST /register HTTP/1.1" 500 1143308 "http://10.2.160.51:9999/register" "Mozilla/5.0 (Windows NT 10.0; Win64; x64) AppleWebKit/537.36 (KHTML, like Gecko) Chrome/124.0.0.0 Safari/537.36"
10.2.144.25 - - [16/May/2024:19:32:44 +0000] "GET /register HTTP/1.1" 302 390 "-" "Mozilla/5.0 (Windows NT 10.0; Win64; x64) AppleWebKit/537.36 (KHTML, like Gecko) Chrome/124.0.0.0 Safari/537.36"
10.2.144.25 - - [16/May/2024:19:32:47 +0000] "GET /dashboard HTTP/1.1" 500 1244702 "-" "Mozilla/5.0 (Windows NT 10.0; Win64; x64) AppleWebKit/537.36 (KHTML, like Gecko) Chrome/124.0.0.0 Safari/537.36"
10.2.144.25 - - [16/May/2024:19:44:05 +0000] "GET /register HTTP/1.1" 302 390 "-" "Mozilla/5.0 (Windows NT 10.0; Win64; x64) AppleWebKit/537.36 (KHTML, like Gecko) Chrome/124.0.0.0 Safari/537.36"
10.2.144.25 - - [16/May/2024:19:44:09 +0000] "GET /about HTTP/1.1" 500 1243183 "http://10.2.160.51:9999/register" "Mozilla/5.0 (Windows NT 10.0; Win64; x64) AppleWebKit/537.36 (KHTML, like Gecko) Chrome/124.0.0.0 Safari/537.36"
10.2.144.25 - - [16/May/2024:19:44:11 +0000] "GET /dashboard HTTP/1.1" 500 1244589 "-" "Mozilla/5.0 (Windows NT 10.0; Win64; x64) AppleWebKit/537.36 (KHTML, like Gecko) Chrome/124.0.0.0 Safari/537.36"
10.2.144.25 - - [16/May/2024:19:44:14 +0000] "GET /about HTTP/1.1" 500 1242736 "-" "Mozilla/5.0 (Windows NT 10.0; Win64; x64) AppleWebKit/537.36 (KHTML, like Gecko) Chrome/124.0.0.0 Safari/537.36"
10.2.144.25 - - [16/May/2024:19:44:16 +0000] "GET /about HTTP/1.1" 500 1243406 "http://10.2.160.51:9999/register" "Mozilla/5.0 (Windows NT 10.0; Win64; x64) AppleWebKit/537.36 (KHTML, like Gecko) Chrome/124.0.0.0 Safari/537.36"
10.2.144.25 - - [16/May/2024:19:44:19 +0000] "GET /about HTTP/1.1" 500 1242902 "-" "Mozilla/5.0 (Windows NT 10.0; Win64; x64) AppleWebKit/537.36 (KHTML, like Gecko) Chrome/124.0.0.0 Safari/537.36"
10.2.144.25 - - [16/May/2024:19:44:20 +0000] "GET /register HTTP/1.1" 302 390 "-" "Mozilla/5.0 (Windows NT 10.0; Win64; x64) AppleWebKit/537.36 (KHTML, like Gecko) Chrome/124.0.0.0 Safari/537.36"
10.2.144.25 - - [16/May/2024:19:44:26 +0000] "GET /dashboard HTTP/1.1" 500 1244750 "-" "Mozilla/5.0 (Windows NT 10.0; Win64; x64) AppleWebKit/537.36 (KHTML, like Gecko) Chrome/124.0.0.0 Safari/537.36"
10.2.144.25 - - [16/May/2024:19:44:26 +0000] "GET /home HTTP/1.1" 500 1243289 "http://10.2.160.51:9999/register" "Mozilla/5.0 (Windows NT 10.0; Win64; x64) AppleWebKit/537.36 (KHTML, like Gecko) Chrome/124.0.0.0 Safari/537.36"
10.2.144.25 - - [16/May/2024:19:44:29 +0000] "GET /home HTTP/1.1" 500 1242841 "-" "Mozilla/5.0 (Windows NT 10.0; Win64; x64) AppleWebKit/537.36 (KHTML, like Gecko) Chrome/124.0.0.0 Safari/537.36"
10.2.144.25 - - [16/May/2024:19:45:38 +0000] "GET /home HTTP/1.1" 200 7134 "http://10.2.160.51:9999/register" "Mozilla/5.0 (Windows NT 10.0; Win64; x64) AppleWebKit/537.36 (KHTML, like Gecko) Chrome/124.0.0.0 Safari/537.36"
10.2.144.25 - - [16/May/2024:19:45:42 +0000] "GET /home HTTP/1.1" 200 7134 "-" "Mozilla/5.0 (Windows NT 10.0; Win64; x64) AppleWebKit/537.36 (KHTML, like Gecko) Chrome/124.0.0.0 Safari/537.36"
10.2.144.25 - - [16/May/2024:19:45:46 +0000] "POST /logout HTTP/1.1" 302 350 "http://10.2.160.51:9999/home" "Mozilla/5.0 (Windows NT 10.0; Win64; x64) AppleWebKit/537.36 (KHTML, like Gecko) Chrome/124.0.0.0 Safari/537.36"
10.2.144.25 - - [16/May/2024:19:45:48 +0000] "GET / HTTP/1.1" 200 3620 "http://10.2.160.51:9999/home" "Mozilla/5.0 (Windows NT 10.0; Win64; x64) AppleWebKit/537.36 (KHTML, like Gecko) Chrome/124.0.0.0 Safari/537.36"
10.2.144.25 - - [16/May/2024:19:45:50 +0000] "GET / HTTP/1.1" 200 3620 "-" "Mozilla/5.0 (Windows NT 10.0; Win64; x64) AppleWebKit/537.36 (KHTML, like Gecko) Chrome/124.0.0.0 Safari/537.36"
10.2.144.25 - - [16/May/2024:19:45:52 +0000] "GET /registration HTTP/1.1" 200 1846 "http://10.2.160.51:9999/" "Mozilla/5.0 (Windows NT 10.0; Win64; x64) AppleWebKit/537.36 (KHTML, like Gecko) Chrome/124.0.0.0 Safari/537.36"
10.2.144.25 - - [16/May/2024:19:45:54 +0000] "GET /registration HTTP/1.1" 200 1846 "-" "Mozilla/5.0 (Windows NT 10.0; Win64; x64) AppleWebKit/537.36 (KHTML, like Gecko) Chrome/124.0.0.0 Safari/537.36"
10.2.144.25 - - [16/May/2024:19:45:55 +0000] "GET /register HTTP/1.1" 200 2305 "http://10.2.160.51:9999/registration" "Mozilla/5.0 (Windows NT 10.0; Win64; x64) AppleWebKit/537.36 (KHTML, like Gecko) Chrome/124.0.0.0 Safari/537.36"
10.2.144.25 - - [16/May/2024:19:45:57 +0000] "GET /register HTTP/1.1" 200 2305 "-" "Mozilla/5.0 (Windows NT 10.0; Win64; x64) AppleWebKit/537.36 (KHTML, like Gecko) Chrome/124.0.0.0 Safari/537.36"
10.2.144.25 - - [16/May/2024:19:46:55 +0000] "POST /register HTTP/1.1" 302 370 "http://10.2.160.51:9999/register" "Mozilla/5.0 (Windows NT 10.0; Win64; x64) AppleWebKit/537.36 (KHTML, like Gecko) Chrome/124.0.0.0 Safari/537.36"
10.2.144.25 - - [16/May/2024:19:46:57 +0000] "GET /home HTTP/1.1" 200 7132 "http://10.2.160.51:9999/register" "Mozilla/5.0 (Windows NT 10.0; Win64; x64) AppleWebKit/537.36 (KHTML, like Gecko) Chrome/124.0.0.0 Safari/537.36"
10.2.144.25 - - [16/May/2024:19:47:00 +0000] "GET /home HTTP/1.1" 200 7132 "-" "Mozilla/5.0 (Windows NT 10.0; Win64; x64) AppleWebKit/537.36 (KHTML, like Gecko) Chrome/124.0.0.0 Safari/537.36"
10.2.144.18 - - [17/May/2024:08:51:04 +0000] "GET /events HTTP/1.1" 499 0 "-" "Mozilla/5.0 (Macintosh; Intel Mac OS X 10_15_7) AppleWebKit/537.36 (KHTML, like Gecko) Chrome/123.0.0.0 Safari/537.36 OPR/109.0.0.0 (Edition std-1)"
10.2.144.18 - - [17/May/2024:08:51:06 +0000] "GET / HTTP/1.1" 200 3620 "-" "Mozilla/5.0 (Macintosh; Intel Mac OS X 10_15_7) AppleWebKit/537.36 (KHTML, like Gecko) Chrome/123.0.0.0 Safari/537.36 OPR/109.0.0.0 (Edition std-1)"
10.2.144.18 - - [17/May/2024:08:51:06 +0000] "GET /user/home.css HTTP/1.1" 304 0 "http://10.2.160.51:9999/" "Mozilla/5.0 (Macintosh; Intel Mac OS X 10_15_7) AppleWebKit/537.36 (KHTML, like Gecko) Chrome/123.0.0.0 Safari/537.36 OPR/109.0.0.0 (Edition std-1)"
10.2.144.18 - - [17/May/2024:08:51:06 +0000] "GET /user/components/header.css HTTP/1.1" 304 0 "http://10.2.160.51:9999/" "Mozilla/5.0 (Macintosh; Intel Mac OS X 10_15_7) AppleWebKit/537.36 (KHTML, like Gecko) Chrome/123.0.0.0 Safari/537.36 OPR/109.0.0.0 (Edition std-1)"
10.2.144.18 - - [17/May/2024:08:51:06 +0000] "GET /user/components/footer.css HTTP/1.1" 304 0 "http://10.2.160.51:9999/" "Mozilla/5.0 (Macintosh; Intel Mac OS X 10_15_7) AppleWebKit/537.36 (KHTML, like Gecko) Chrome/123.0.0.0 Safari/537.36 OPR/109.0.0.0 (Edition std-1)"
10.2.144.18 - - [17/May/202410.2.144.15 - - [17/May/2024:09:35:58 +0000] "GET / HTTP/1.1" 200 3620 "-" "Mozilla/5.0 (Windows NT 10.0; Win64; x64) AppleWebKit/537.36 (KHTML, like Gecko) Chrome/124.0.0.0 Safari/537.36 Edg/124.0.0.0"
10.2.144.15 - - [17/May/2024:09:35:58 +0000] "GET /user/home.css HTTP/1.1" 200 4038 "http://10.2.160.51:9999/" "Mozilla/5.0 (Windows NT 10.0; Win64; x64) AppleWebKit/537.36 (KHTML, like Gecko) Chrome/124.0.0.0 Safari/537.36 Edg/124.0.0.0"
10.2.144.15 - - [17/May/2024:09:35:58 +0000] "GET /user/components/header.css HTTP/1.1" 200 728 "http://10.2.160.51:9999/" "Mozilla/5.0 (Windows NT 10.0; Win64; x64) AppleWebKit/537.36 (KHTML, like Gecko) Chrome/124.0.0.0 Safari/537.36 Edg/124.0.0.0"
10.2.144.15 - - [17/May/2024:09:35:58 +0000] "GET /user/components/footer.css HTTP/1.1" 200 557 "http://10.2.160.51:9999/" "Mozilla/5.0 (Windows NT 10.0; Win64; x64) AppleWebKit/537.36 (KHTML, like Gecko) Chrome/124.0.0.0 Safari/537.36 Edg/124.0.0.0"
10.2.144.15 - - [17/May/2024:09:36:03 +0000] "GET / HTTP/1.1" 200 3620 "-" "Mozilla/5.0 (Windows NT 10.0; Win64; x64) AppleWebKit/537.36 (KHTML, like Gecko) Chrome/124.0.0.0 Safari/537.36"
10.2.144.18 - - [17/May/2024:09:36:03 +0000] "GET / HTTP/1.1" 200 3620 "-" "Mozilla/5.0 (Macintosh; Intel Mac OS X 10_15_7) AppleWebKit/537.36 (KHTML, like Gecko) Chrome/123.0.0.0 Safari/537.36 OPR/109.0.0.0 (Edition std-1)"
10.2.144.15 - - [17/May/2024:09:36:03 +0000] "GET /user/home.css HTTP/1.1" 200 4038 "http://10.2.160.51:9999/" "Mozilla/5.0 (Windows NT 10.0; Win64; x64) AppleWebKit/537.36 (KHTML, like Gecko) Chrome/124.0.0.0 Safari/537.36"
10.2.144.15 - - [17/May/2024:09:36:03 +0000] "GET /user/components/header.css HTTP/1.1" 200 728 "http://10.2.160.51:9999/" "Mozilla/5.0 (Windows NT 10.0; Win64; x64) AppleWebKit/537.36 (KHTML, like Gecko) Chrome/124.0.0.0 Safari/537.36"
10.2.144.15 - - [17/May/2024:09:36:03 +0000] "GET /user/components/footer.css HTTP/1.1" 200 557 "http://10.2.160.51:9999/" "Mozilla/5.0 (Windows NT 10.0; Win64; x64) AppleWebKit/537.36 (KHTML, like Gecko) Chrome/124.0.0.0 Safari/537.36"
10.2.144.19 - - [17/May/2024:09:36:37 +0000] "GET / HTTP/1.1" 200 3620 "-" "Mozilla/5.0 (Windows NT 10.0; Win64; x64) AppleWebKit/537.36 (KHTML, like Gecko) Chrome/124.0.0.0 Safari/537.36"
10.2.144.18 - - [17/May/2024:09:36:46 +0000] "GET / HTTP/1.1" 200 3620 "-" "Mozilla/5.0 (Macintosh; Intel Mac OS X 10_15_7) AppleWebKit/537.36 (KHTML, like Gecko) Chrome/123.0.0.0 Safari/537.36 OPR/109.0.0.0 (Edition std-1)"
10.2.144.18 - - [17/May/2024:09:36:53 +0000] "GET / HTTP/1.1" 200 3620 "-" "Mozilla/5.0 (Macintosh; Intel Mac OS X 10_15_7) AppleWebKit/537.36 (KHTML, like Gecko) Chrome/123.0.0.0 Safari/537.36 OPR/109.0.0.0 (Edition std-1)"
10.2.144.18 - - [17/May/2024:09:38:44 +0000] "GET /events HTTP/1.1" 500 1146845 "http://10.2.160.51:9999/" "Mozilla/5.0 (Macintosh; Intel Mac OS X 10_15_7) AppleWebKit/537.36 (KHTML, like Gecko) Chrome/123.0.0.0 Safari/537.36 OPR/109.0.0.0 (Edition std-1)"
10.2.144.18 - - [17/May/2024:09:38:55 +0000] "GET /planning HTTP/1.1" 200 1365 "http://10.2.160.51:9999/" "Mozilla/5.0 (Macintosh; Intel Mac OS X 10_15_7) AppleWebKit/537.36 (KHTML, like Gecko) Chrome/123.0.0.0 Safari/537.36 OPR/109.0.0.0 (Edition std-1)"
10.2.144.18 - - [17/May/2024:09:39:05 +0000] "GET /events HTTP/1.1" 499 0 "http://10.2.160.51:9999/planning" "Mozilla/5.0 (Macintosh; Intel Mac OS X 10_15_7) AppleWebKit/537.36 (KHTML, like Gecko) Chrome/123.0.0.0 Safari/537.36 OPR/109.0.0.0 (Edition std-1)"
10.2.144.18 - - [17/May/2024:09:39:07 +0000] "GET /planning HTTP/1.1" 200 1365 "http://10.2.160.51:9999/planning" "Mozilla/5.0 (Macintosh; Intel Mac OS X 10_15_7) AppleWebKit/537.36 (KHTML, like Gecko) Chrome/123.0.0.0 Safari/537.36 OPR/109.0.0.0 (Edition std-1)"
10.2.144.18 - - [17/May/2024:09:45:34 +0000] "GET /registration HTTP/1.1" 200 1846 "http://10.2.160.51:9999/planning" "Mozilla/5.0 (Macintosh; Intel Mac OS X 10_15_7) AppleWebKit/537.36 (KHTML, like Gecko) Chrome/123.0.0.0 Safari/537.36 OPR/109.0.0.0 (Edition std-1)"
10.2.144.18 - - [17/May/2024:09:45:36 +0000] "GET /register HTTP/1.1" 500 76223 "http://10.2.160.51:9999/registration" "Mozilla/5.0 (Macintosh; Intel Mac OS X 10_15_7) AppleWebKit/537.36 (KHTML, like Gecko) Chrome/123.0.0.0 Safari/537.36 OPR/109.0.0.0 (Edition std-1)"
10.2.144.18 - - [17/May/2024:09:45:38 +0000] "GET /register HTTP/1.1" 500 1179559 "http://10.2.160.51:9999/registration" "Mozilla/5.0 (Macintosh; Intel Mac OS X 10_15_7) AppleWebKit/537.36 (KHTML, like Gecko) Chrome/123.0.0.0 Safari/537.36 OPR/109.0.0.0 (Edition std-1)"
10.2.144.15 - - [17/May/2024:09:48:40 +0000] "GET /events HTTP/1.1" 500 1146311 "http://10.2.160.51:9999/" "Mozilla/5.0 (Windows NT 10.0; Win64; x64) AppleWebKit/537.36 (KHTML, like Gecko) Chrome/124.0.0.0 Safari/537.36"
10.2.144.15 - - [17/May/2024:09:57:25 +0000] "GET /events HTTP/1.1" 500 1146335 "http://10.2.160.51:9999/" "Mozilla/5.0 (Windows NT 10.0; Win64; x64) AppleWebKit/537.36 (KHTML, like Gecko) Chrome/124.0.0.0 Safari/537.36"
10.2.144.18 - - [17/May/2024:09:59:09 +0000] "GET /registration HTTP/1.1" 200 1846 "-" "Mozilla/5.0 (Macintosh; Intel Mac OS X 10_15_7) AppleWebKit/537.36 (KHTML, like Gecko) Chrome/123.0.0.0 Safari/537.36 OPR/109.0.0.0 (Edition std-1)"
10.2.144.18 - - [17/May/2024:10:03:24 +0000] "GET /registration HTTP/1.1" 200 1846 "-" "Mozilla/5.0 (Macintosh; Intel Mac OS X 10_15_7) AppleWebKit/537.36 (KHTML, like Gecko) Chrome/123.0.0.0 Safari/537.36 OPR/109.0.0.0 (Edition std-1)"
10.2.144.18 - - [17/May/2024:10:36:20 +0000] "GET / HTTP/1.1" 200 3620 "-" "Mozilla/5.0 (Macintosh; Intel Mac OS X 10_15_7) AppleWebKit/537.36 (KHTML, like Gecko) Chrome/123.0.0.0 Safari/537.36 OPR/109.0.0.0 (Edition std-1)"
10.2.144.18 - - [17/May/2024:10:36:23 +0000] "GET /events HTTP/1.1" 500 1146871 "http://10.2.160.51:9999/" "Mozilla/5.0 (Macintosh; Intel Mac OS X 10_15_7) AppleWebKit/537.36 (KHTML, like Gecko) Chrome/123.0.0.0 Safari/537.36 OPR/109.0.0.0 (Edition std-1)"
10.2.144.18 - - [17/May/2024:10:38:14 +0000] "GET /events HTTP/1.1" 500 1146833 "-" "Mozilla/5.0 (Macintosh; Intel Mac OS X 10_15_7) AppleWebKit/537.36 (KHTML, like Gecko) Chrome/123.0.0.0 Safari/537.36 OPR/109.0.0.0 (Edition std-1)"
10.2.144.18 - - [17/May/2024:10:38:18 +0000] "GET /events HTTP/1.1" 500 1146835 "-" "Mozilla/5.0 (Macintosh; Intel Mac OS X 10_15_7) AppleWebKit/537.36 (KHTML, like Gecko) Chrome/123.0.0.0 Safari/537.36 OPR/109.0.0.0 (Edition std-1)"
10.2.144.18 - - [17/May/2024:10:38:28 +0000] "GET /events HTTP/1.1" 500 1146843 "-" "Mozilla/5.0 (Macintosh; Intel Mac OS X 10_15_7) AppleWebKit/537.36 (KHTML, like Gecko) Chrome/123.0.0.0 Safari/537.36 OPR/109.0.0.0 (Edition std-1)"
10.2.144.18 - - [17/May/2024:10:39:36 +0000] "GET /events HTTP/1.1" 500 1146881 "http://10.2.160.51:9999/registration" "Mozilla/5.0 (Macintosh; Intel Mac OS X 10_15_7) AppleWebKit/537.36 (KHTML, like Gecko) Chrome/123.0.0.0 Safari/537.36 OPR/109.0.0.0 (Edition std-1)"
10.2.144.18 - - [17/May/2024:10:39:56 +0000] "GET /events HTTP/1.1" 500 1146835 "-" "Mozilla/5.0 (Macintosh; Intel Mac OS X 10_15_7) AppleWebKit/537.36 (KHTML, like Gecko) Chrome/123.0.0.0 Safari/537.36 OPR/109.0.0.0 (Edition std-1)"
10.2.144.18 - - [17/May/2024:10:40:49 +0000] "GET /events HTTP/1.1" 500 1146835 "-" "Mozilla/5.0 (Macintosh; Intel Mac OS X 10_15_7) AppleWebKit/537.36 (KHTML, like Gecko) Chrome/123.0.0.0 Safari/537.36 OPR/109.0.0.0 (Edition std-1)"
10.2.144.18 - - [17/May/2024:10:40:52 +0000] "GET /events HTTP/1.1" 500 1146835 "-" "Mozilla/5.0 (Macintosh; Intel Mac OS X 10_15_7) AppleWebKit/537.36 (KHTML, like Gecko) Chrome/123.0.0.0 Safari/537.36 OPR/109.0.0.0 (Edition std-1)"
10.2.144.18 - - [17/May/2024:10:40:55 +0000] "GET /events HTTP/1.1" 500 1146907 "-" "Mozilla/5.0 (Macintosh; Intel Mac OS X 10_15_7) AppleWebKit/537.36 (KHTML, like Gecko) Chrome/123.0.0.0 Safari/537.36 OPR/109.0.0.0 (Edition std-1)"
10.2.144.18 - - [17/May/2024:10:40:57 +0000] "GET /events HTTP/1.1" 500 1146835 "-" "Mozilla/5.0 (Macintosh; Intel Mac OS X 10_15_7) AppleWebKit/537.36 (KHTML, like Gecko) Chrome/123.0.0.0 Safari/537.36 OPR/109.0.0.0 (Edition std-1)"
10.2.144.18 - - [17/May/2024:10:41:00 +0000] "GET /events HTTP/1.1" 500 1146907 "-" "Mozilla/5.0 (Macintosh; Intel Mac OS X 10_15_7) AppleWebKit/537.36 (KHTML, like Gecko) Chrome/123.0.0.0 Safari/537.36 OPR/109.0.0.0 (Edition std-1)"
10.2.144.18 - - [17/May/2024:10:41:12 +0000] "GET /events HTTP/1.1" 500 1146835 "-" "Mozilla/5.0 (Macintosh; Intel Mac OS X 10_15_7) AppleWebKit/537.36 (KHTML, like Gecko) Chrome/123.0.0.0 Safari/537.36 OPR/109.0.0.0 (Edition std-1)"
10.2.144.18 - - [17/May/2024:10:41:43 +0000] "GET /events HTTP/1.1" 500 1146835 "-" "Mozilla/5.0 (Macintosh; Intel Mac OS X 10_15_7) AppleWebKit/537.36 (KHTML, like Gecko) Chrome/123.0.0.0 Safari/537.36 OPR/109.0.0.0 (Edition std-1)"
10.2.144.18 - - [17/May/2024:10:41:55 +0000] "GET /events HTTP/1.1" 500 1146843 "-" "Mozilla/5.0 (Macintosh; Intel Mac OS X 10_15_7) AppleWebKit/537.36 (KHTML, like Gecko) Chrome/123.0.0.0 Safari/537.36 OPR/109.0.0.0 (Edition std-1)"
10.2.144.18 - - [17/May/2024:10:41:57 +0000] "GET /events HTTP/1.1" 500 1146929 "-" "Mozilla/5.0 (Macintosh; Intel Mac OS X 10_15_7) AppleWebKit/537.36 (KHTML, like Gecko) Chrome/123.0.0.0 Safari/537.36 OPR/109.0.0.0 (Edition std-1)"
10.2.144.18 - - [17/May/2024:10:42:18 +0000] "GET /events HTTP/1.1" 500 1146835 "-" "Mozilla/5.0 (Macintosh; Intel Mac OS X 10_15_7) AppleWebKit/537.36 (KHTML, like Gecko) Chrome/123.0.0.0 Safari/537.36 OPR/109.0.0.0 (Edition std-1)"
10.2.144.18 - - [17/May/2024:10:44:03 +0000] "GET /events HTTP/1.1" 500 1146835 "-" "Mozilla/5.0 (Macintosh; Intel Mac OS X 10_15_7) AppleWebKit/537.36 (KHTML, like Gecko) Chrome/123.0.0.0 Safari/537.36 OPR/109.0.0.0 (Edition std-1)"
10.2.144.18 - - [17/May/2024:10:44:05 +0000] "GET /events HTTP/1.1" 500 1146899 "-" "Mozilla/5.0 (Macintosh; Intel Mac OS X 10_15_7) AppleWebKit/537.36 (KHTML, like Gecko) Chrome/123.0.0.0 Safari/537.36 OPR/109.0.0.0 (Edition std-1)"
10.2.144.18 - - [17/May/2024:10:44:32 +0000] "GET /events HTTP/1.1" 500 1146835 "-" "Mozilla/5.0 (Macintosh; Intel Mac OS X 10_15_7) AppleWebKit/537.36 (KHTML, like Gecko) Chrome/123.0.0.0 Safari/537.36 OPR/109.0.0.0 (Edition std-1)"
10.2.144.18 - - [17/May/2024:10:48:32 +0000] "GET /events HTTP/1.1" 500 1146833 "-" "Mozilla/5.0 (Macintosh; Intel Mac OS X 10_15_7) AppleWebKit/537.36 (KHTML, like Gecko) Chrome/123.0.0.0 Safari/537.36 OPR/109.0.0.0 (Edition std-1)"
10.2.144.18 - - [17/May/2024:10:49:33 +0000] "GET /events HTTP/1.1" 500 1146835 "-" "Mozilla/5.0 (Macintosh; Intel Mac OS X 10_15_7) AppleWebKit/537.36 (KHTML, like Gecko) Chrome/123.0.0.0 Safari/537.36 OPR/109.0.0.0 (Edition std-1)"
10.2.144.18 - - [17/May/2024:10:49:35 +0000] "GET /events HTTP/1.1" 500 1146923 "-" "Mozilla/5.0 (Macintosh; Intel Mac OS X 10_15_7) AppleWebKit/537.36 (KHTML, like Gecko) Chrome/123.0.0.0 Safari/537.36 OPR/109.0.0.0 (Edition std-1)"
10.2.144.18 - - [17/May/2024:10:51:23 +0000] "GET /events HTTP/1.1" 500 1146835 "-" "Mozilla/5.0 (Macintosh; Intel Mac OS X 10_15_7) AppleWebKit/537.36 (KHTML, like Gecko) Chrome/123.0.0.0 Safari/537.36 OPR/109.0.0.0 (Edition std-1)"
10.2.144.18 - - [17/May/2024:10:55:49 +0000] "GET / HTTP/1.1" 200 3620 "-" "Mozilla/5.0 (Macintosh; Intel Mac OS X 10_15_7) AppleWebKit/537.36 (KHTML, like Gecko) Chrome/123.0.0.0 Safari/537.36 OPR/109.0.0.0 (Edition std-1)"
10.2.144.18 - - [17/May/2024:10:55:51 +0000] "GET /home HTTP/1.1" 200 3620 "http://10.2.160.51:9999/" "Mozilla/5.0 (Macintosh; Intel Mac OS X 10_15_7) AppleWebKit/537.36 (KHTML, like Gecko) Chrome/123.0.0.0 Safari/537.36 OPR/109.0.0.0 (Edition std-1)"
10.2.144.18 - - [17/May/2024:10:55:54 +0000] "GET /planning HTTP/1.1" 200 1365 "http://10.2.160.51:9999/home" "Mozilla/5.0 (Macintosh; Intel Mac OS X 10_15_7) AppleWebKit/537.36 (KHTML, like Gecko) Chrome/123.0.0.0 Safari/537.36 OPR/109.0.0.0 (Edition std-1)"
10.2.144.18 - - [17/May/2024:10:55:58 +0000] "GET /about HTTP/1.1" 200 2889 "http://10.2.160.51:9999/planning" "Mozilla/5.0 (Macintosh; Intel Mac OS X 10_15_7) AppleWebKit/537.36 (KHTML, like Gecko) Chrome/123.0.0.0 Safari/537.36 OPR/109.0.0.0 (Edition std-1)"
10.2.144.18 - - [17/May/2024:10:55:58 +0000] "GET /user/about.css HTTP/1.1" 304 0 "http://10.2.160.51:9999/about" "Mozilla/5.0 (Macintosh; Intel Mac OS X 10_15_7) AppleWebKit/537.36 (KHTML, like Gecko) Chrome/123.0.0.0 Safari/537.36 OPR/109.0.0.0 (Edition std-1)"
10.2.144.18 - - [17/May/2024:10:56:03 +0000] "GET /contact HTTP/1.1" 200 2846 "http://10.2.160.51:9999/about" "Mozilla/5.0 (Macintosh; Intel Mac OS X 10_15_7) AppleWebKit/537.36 (KHTML, like Gecko) Chrome/123.0.0.0 Safari/537.36 OPR/109.0.0.0 (Edition std-1)"
10.2.144.18 - - [17/May/2024:10:56:03 +0000] "GET /user/contact.css HTTP/1.1" 200 4464 "http://10.2.160.51:9999/contact" "Mozilla/5.0 (Macintosh; Intel Mac OS X 10_15_7) AppleWebKit/537.36 (KHTML, like Gecko) Chrome/123.0.0.0 Safari/537.36 OPR/109.0.0.0 (Edition std-1)"
10.2.144.18 - - [17/May/2024:10:56:07 +0000] "GET /login HTTP/1.1" 200 2222 "http://10.2.160.51:9999/contact" "Mozilla/5.0 (Macintosh; Intel Mac OS X 10_15_7) AppleWebKit/537.36 (KHTML, like Gecko) Chrome/123.0.0.0 Safari/537.36 OPR/109.0.0.0 (Edition std-1)"
10.2.144.18 - - [17/May/2024:10:56:14 +0000] "GET /planning HTTP/1.1" 200 1365 "http://10.2.160.51:9999/login" "Mozilla/5.0 (Macintosh; Intel Mac OS X 10_15_7) AppleWebKit/537.36 (KHTML, like Gecko) Chrome/123.0.0.0 Safari/537.36 OPR/109.0.0.0 (Edition std-1)"
10.2.144.18 - - [17/May/2024:10:58:30 +0000] "GET /planning HTTP/1.1" 200 1365 "-" "Mozilla/5.0 (Macintosh; Intel Mac OS X 10_15_7) AppleWebKit/537.36 (KHTML, like Gecko) Chrome/123.0.0.0 Safari/537.36 OPR/109.0.0.0 (Edition std-1)"
10.2.144.18 - - [17/May/2024:10:58:33 +0000] "GET /planning HTTP/1.1" 200 1365 "-" "Mozilla/5.0 (Macintosh; Intel Mac OS X 10_15_7) AppleWebKit/537.36 (KHTML, like Gecko) Chrome/123.0.0.0 Safari/537.36 OPR/109.0.0.0 (Edition std-1)"
10.2.144.18 - - [17/May/2024:10:58:35 +0000] "GET /planning HTTP/1.1" 200 1365 "-" "Mozilla/5.0 (Macintosh; Intel Mac OS X 10_15_7) AppleWebKit/537.36 (KHTML, like Gecko) Chrome/123.0.0.0 Safari/537.36 OPR/109.0.0.0 (Edition std-1)"
10.2.144.18 - - [17/May/2024:10:59:03 +0000] "GET /planning HTTP/1.1" 200 1365 "-" "Mozilla/5.0 (Linux; Android 6.0; Nexus 5 Build/MRA58N) AppleWebKit/537.36 (KHTML, like Gecko) Chrome/123.0.0.0 Mobile Safari/537.36"
10.2.144.18 - - [17/May/2024:11:00:03 +0000] "GET /registration HTTP/1.1" 200 1846 "-" "Mozilla/5.0 (Macintosh; Intel Mac OS X 10_15_7) AppleWebKit/537.36 (KHTML, like Gecko) Chrome/123.0.0.0 Safari/537.36 OPR/109.0.0.0 (Edition std-1)"
10.2.144.18 - - [17/May/2024:11:00:05 +0000] "GET /planning HTTP/1.1" 200 1365 "http://10.2.160.51:9999/registration" "Mozilla/5.0 (Macintosh; Intel Mac OS X 10_15_7) AppleWebKit/537.36 (KHTML, like Gecko) Chrome/123.0.0.0 Safari/537.36 OPR/109.0.0.0 (Edition std-1)"
10.2.144.27 - - [17/May/2024:11:02:02 +0000] "GET / HTTP/1.1" 200 3620 "-" "Mozilla/5.0 (Windows NT 10.0; Win64; x64; rv:125.0) Gecko/20100101 Firefox/125.0"
10.2.144.27 - - [17/May/2024:11:02:02 +0000] "GET /user/home.css HTTP/1.1" 200 4038 "http://10.2.160.51:9999/" "Mozilla/5.0 (Windows NT 10.0; Win64; x64; rv:125.0) Gecko/20100101 Firefox/125.0"
10.2.144.27 - - [17/May/2024:11:02:02 +0000] "GET /user/components/header.css HTTP/1.1" 200 728 "http://10.2.160.51:9999/" "Mozilla/5.0 (Windows NT 10.0; Win64; x64; rv:125.0) Gecko/20100101 Firefox/125.0"
10.2.144.27 - - [17/May/2024:11:02:02 +0000] "GET /user/components/footer.css HTTP/1.1" 200 557 "http://10.2.160.51:9999/" "Mozilla/5.0 (Windows NT 10.0; Win64; x64; rv:125.0) Gecko/20100101 Firefox/125.0"
10.2.144.27 - - [17/May/2024:11:02:05 +0000] "GET /planning HTTP/1.1" 200 1365 "http://10.2.160.51:9999/" "Mozilla/5.0 (Windows NT 10.0; Win64; x64; rv:125.0) Gecko/20100101 Firefox/125.0"
10.2.144.27 - - [17/May/2024:11:02:08 +0000] "GET /about HTTP/1.1" 200 2889 "http://10.2.160.51:9999/planning" "Mozilla/5.0 (Windows NT 10.0; Win64; x64; rv:125.0) Gecko/20100101 Firefox/125.0"
10.2.144.27 - - [17/May/2024:11:02:08 +0000] "GET /user/about.css HTTP/1.1" 200 3458 "http://10.2.160.51:9999/about" "Mozilla/5.0 (Windows NT 10.0; Win64; x64; rv:125.0) Gecko/20100101 Firefox/125.0"
10.2.144.27 - - [17/May/2024:11:02:10 +0000] "GET /contact HTTP/1.1" 200 2846 "http://10.2.160.51:9999/about" "Mozilla/5.0 (Windows NT 10.0; Win64; x64; rv:125.0) Gecko/20100101 Firefox/125.0"
10.2.144.27 - - [17/May/2024:11:02:10 +0000] "GET /user/contact.css HTTP/1.1" 200 4464 "http://10.2.160.51:9999/contact" "Mozilla/5.0 (Windows NT 10.0; Win64; x64; rv:125.0) Gecko/20100101 Firefox/125.0"
10.2.144.27 - - [17/May/2024:11:02:13 +0000] "GET /registration HTTP/1.1" 200 1846 "http://10.2.160.51:9999/contact" "Mozilla/5.0 (Windows NT 10.0; Win64; x64; rv:125.0) Gecko/20100101 Firefox/125.0"
10.2.144.27 - - [17/May/2024:11:02:27 +0000] "GET /register HTTP/1.1" 500 1178815 "http://10.2.160.51:9999/registration" "Mozilla/5.0 (Windows NT 10.0; Win64; x64; rv:125.0) Gecko/20100101 Firefox/125.0"
10.2.144.18 - - [17/May/2024:11:02:47 +0000] "GET /planning HTTP/1.1" 200 1365 "-" "Mozilla/5.0 (Linux; Android 6.0; Nexus 5 Build/MRA58N) AppleWebKit/537.36 (KHTML, like Gecko) Chrome/123.0.0.0 Mobile Safari/537.36"
10.2.144.27 - - [17/May/2024:11:02:59 +0000] "GET / HTTP/1.1" 200 3620 "-" "Mozilla/5.0 (Windows NT 10.0; Win64; x64; rv:125.0) Gecko/20100101 Firefox/125.0"
10.2.144.18 - - [17/May/2024:11:03:05 +0000] "GET /privacy HTTP/1.1" 200 2605 "http://10.2.160.51:9999/planning" "Mozilla/5.0 (Macintosh; Intel Mac OS X 10_15_7) AppleWebKit/537.36 (KHTML, like Gecko) Chrome/123.0.0.0 Safari/537.36 OPR/109.0.0.0 (Edition std-1)"
10.2.144.18 - - [17/May/2024:11:03:05 +0000] "GET /user/privacy.css HTTP/1.1" 200 744 "http://10.2.160.51:9999/privacy" "Mozilla/5.0 (Macintosh; Intel Mac OS X 10_15_7) AppleWebKit/537.36 (KHTML, like Gecko) Chrome/123.0.0.0 Safari/537.36 OPR/109.0.0.0 (Edition std-1)"
10.2.144.27 - - [17/May/2024:11:03:06 +0000] "GET /login HTTP/1.1" 200 2224 "http://10.2.160.51:9999/" "Mozilla/5.0 (Windows NT 10.0; Win64; x64; rv:125.0) Gecko/20100101 Firefox/125.0"
10.2.144.18 - - [17/May/2024:11:03:10 +0000] "GET /about HTTP/1.1" 200 2889 "http://10.2.160.51:9999/privacy" "Mozilla/5.0 (Macintosh; Intel Mac OS X 10_15_7) AppleWebKit/537.36 (KHTML, like Gecko) Chrome/123.0.0.0 Safari/537.36 OPR/109.0.0.0 (Edition std-1)"
10.2.144.18 - - [17/May/2024:11:03:11 +0000] "GET /planning HTTP/1.1" 200 1365 "http://10.2.160.51:9999/about" "Mozilla/5.0 (Macintosh; Intel Mac OS X 10_15_7) AppleWebKit/537.36 (KHTML, like Gecko) Chrome/123.0.0.0 Safari/537.36 OPR/109.0.0.0 (Edition std-1)"
10.2.144.18 - - [17/May/2024:11:03:19 +0000] "GET /events HTTP/1.1" 500 1146793 "-" "Mozilla/5.0 (Macintosh; Intel Mac OS X 10_15_7) AppleWebKit/537.36 (KHTML, like Gecko) Chrome/123.0.0.0 Safari/537.36 OPR/109.0.0.0 (Edition std-1)"
10.2.144.27 - - [17/May/2024:11:03:19 +0000] "POST /login HTTP/1.1" 302 390 "http://10.2.160.51:9999/login" "Mozilla/5.0 (Windows NT 10.0; Win64; x64; rv:125.0) Gecko/20100101 Firefox/125.0"
10.2.144.27 - - [17/May/2024:11:03:20 +0000] "GET /dashboard HTTP/1.1" 500 1245018 "http://10.2.160.51:9999/login" "Mozilla/5.0 (Windows NT 10.0; Win64; x64; rv:125.0) Gecko/20100101 Firefox/125.0"
10.2.144.18 - - [17/May/2024:11:03:41 +0000] "GET / HTTP/1.1" 200 3620 "-" "Mozilla/5.0 (Macintosh; Intel Mac OS X 10_15_7) AppleWebKit/537.36 (KHTML, like Gecko) Chrome/123.0.0.0 Safari/537.36 OPR/109.0.0.0 (Edition std-1)"
10.2.144.18 - - [17/May/2024:11:03:54 +0000] "GET /login HTTP/1.1" 200 2222 "http://10.2.160.51:9999/" "Mozilla/5.0 (Macintosh; Intel Mac OS X 10_15_7) AppleWebKit/537.36 (KHTML, like Gecko) Chrome/123.0.0.0 Safari/537.36 OPR/109.0.0.0 (Edition std-1)"
10.2.144.18 - - [17/May/2024:11:05:25 +0000] "GET /planning HTTP/1.1" 200 1365 "-" "Mozilla/5.0 (Macintosh; Intel Mac OS X 10_15_7) AppleWebKit/537.36 (KHTML, like Gecko) Chrome/123.0.0.0 Safari/537.36 OPR/109.0.0.0 (Edition std-1)"
10.2.144.18 - - [17/May/2024:11:06:28 +0000] "GET /planning HTTP/1.1" 200 1365 "-" "Mozilla/5.0 (Macintosh; Intel Mac OS X 10_15_7) AppleWebKit/537.36 (KHTML, like Gecko) Chrome/123.0.0.0 Safari/537.36 OPR/109.0.0.0 (Edition std-1)"
10.2.144.18 - - [17/May/2024:11:06:31 +0000] "GET /planning HTTP/1.1" 200 1365 "-" "Mozilla/5.0 (Macintosh; Intel Mac OS X 10_15_7) AppleWebKit/537.36 (KHTML, like Gecko) Chrome/123.0.0.0 Safari/537.36 OPR/109.0.0.0 (Edition std-1)"
10.2.144.18 - - [17/May/2024:11:06:52 +0000] "GET /planning HTTP/1.1" 200 1365 "-" "Mozilla/5.0 (Macintosh; Intel Mac OS X 10_15_7) AppleWebKit/537.36 (KHTML, like Gecko) Chrome/123.0.0.0 Safari/537.36 OPR/109.0.0.0 (Edition std-1)"
10.2.144.18 - - [17/May/2024:11:06:54 +0000] "GET /planning HTTP/1.1" 200 1365 "http://10.2.160.51:9999/planning" "Mozilla/5.0 (Macintosh; Intel Mac OS X 10_15_7) AppleWebKit/537.36 (KHTML, like Gecko) Chrome/123.0.0.0 Safari/537.36 OPR/109.0.0.0 (Edition std-1)"
10.2.144.27 - - [17/May/2024:11:07:14 +0000] "GET /dashboard HTTP/1.1" 200 3898 "http://10.2.160.51:9999/login" "Mozilla/5.0 (Windows NT 10.0; Win64; x64; rv:125.0) Gecko/20100101 Firefox/125.0"
10.2.144.27 - - [17/May/2024:11:07:24 +0000] "GET / HTTP/1.1" 200 7130 "-" "Mozilla/5.0 (Windows NT 10.0; Win64; x64; rv:125.0) Gecko/20100101 Firefox/125.0"
10.2.144.18 - - [17/May/2024:11:09:46 +0000] "GET /events HTTP/1.1" 500 76223 "-" "Mozilla/5.0 (Macintosh; Intel Mac OS X 10_15_7) AppleWebKit/537.36 (KHTML, like Gecko) Chrome/123.0.0.0 Safari/537.36 OPR/109.0.0.0 (Edition std-1)"
10.2.144.18 - - [17/May/2024:11:09:47 +0000] "GET /events HTTP/1.1" 500 1146863 "-" "Mozilla/5.0 (Macintosh; Intel Mac OS X 10_15_7) AppleWebKit/537.36 (KHTML, like Gecko) Chrome/123.0.0.0 Safari/537.36 OPR/109.0.0.0 (Edition std-1)"
10.2.144.15 - - [17/May/2024:11:10:32 +0000] "GET /contact HTTP/1.1" 200 2846 "http://10.2.160.51:9999/" "Mozilla/5.0 (Windows NT 10.0; Win64; x64) AppleWebKit/537.36 (KHTML, like Gecko) Chrome/124.0.0.0 Safari/537.36"
10.2.144.15 - - [17/May/2024:11:10:32 +0000] "GET /user/contact.css HTTP/1.1" 200 4464 "http://10.2.160.51:9999/contact" "Mozilla/5.0 (Windows NT 10.0; Win64; x64) AppleWebKit/537.36 (KHTML, like Gecko) Chrome/124.0.0.0 Safari/537.36"
10.2.144.18 - - [17/May/2024:11:10:35 +0000] "GET /planning HTTP/1.1" 200 1365 "http://10.2.160.51:9999/planning" "Mozilla/5.0 (Macintosh; Intel Mac OS X 10_15_7) AppleWebKit/537.36 (KHTML, like Gecko) Chrome/123.0.0.0 Safari/537.36 OPR/109.0.0.0 (Edition std-1)"
10.2.144.15 - - [17/May/2024:11:10:36 +0000] "GET /planning HTTP/1.1" 200 1365 "http://10.2.160.51:9999/contact" "Mozilla/5.0 (Windows NT 10.0; Win64; x64) AppleWebKit/537.36 (KHTML, like Gecko) Chrome/124.0.0.0 Safari/537.36"
10.2.144.18 - - [17/May/2024:11:10:39 +0000] "GET /login HTTP/1.1" 200 2222 "http://10.2.160.51:9999/planning" "Mozilla/5.0 (Macintosh; Intel Mac OS X 10_15_7) AppleWebKit/537.36 (KHTML, like Gecko) Chrome/123.0.0.0 Safari/537.36 OPR/109.0.0.0 (Edition std-1)"
10.2.144.27 - - [17/May/2024:11:10:48 +0000] "GET /home HTTP/1.1" 200 7130 "http://10.2.160.51:9999/" "Mozilla/5.0 (Windows NT 10.0; Win64; x64; rv:125.0) Gecko/20100101 Firefox/125.0"
10.2.144.27 - - [17/May/2024:11:10:50 +0000] "GET /home HTTP/1.1" 200 7130 "http://10.2.160.51:9999/home" "Mozilla/5.0 (Windows NT 10.0; Win64; x64; rv:125.0) Gecko/20100101 Firefox/125.0"
10.2.144.27 - - [17/May/2024:11:10:52 +0000] "GET /about HTTP/1.1" 200 6443 "http://10.2.160.51:9999/home" "Mozilla/5.0 (Windows NT 10.0; Win64; x64; rv:125.0) Gecko/20100101 Firefox/125.0"
10.2.144.27 - - [17/May/2024:11:11:00 +0000] "GET /contact HTTP/1.1" 200 6357 "http://10.2.160.51:9999/about" "Mozilla/5.0 (Windows NT 10.0; Win64; x64; rv:125.0) Gecko/20100101 Firefox/125.0"
10.2.144.15 - - [17/May/2024:11:11:16 +0000] "GET /contact HTTP/1.1" 200 2846 "http://10.2.160.51:9999/planning" "Mozilla/5.0 (Windows NT 10.0; Win64; x64) AppleWebKit/537.36 (KHTML, like Gecko) Chrome/124.0.0.0 Safari/537.36"
10.2.144.15 - - [17/May/2024:11:11:34 +0000] "GET /home HTTP/1.1" 200 3620 "http://10.2.160.51:9999/contact" "Mozilla/5.0 (Windows NT 10.0; Win64; x64) AppleWebKit/537.36 (KHTML, like Gecko) Chrome/124.0.0.0 Safari/537.36"
10.2.144.15 - - [17/May/2024:11:11:40 +0000] "GET /contact HTTP/1.1" 200 2846 "http://10.2.160.51:9999/home" "Mozilla/5.0 (Windows NT 10.0; Win64; x64) AppleWebKit/537.36 (KHTML, like Gecko) Chrome/124.0.0.0 Safari/537.36"
10.2.144.18 - - [17/May/2024:11:12:15 +0000] "GET /home HTTP/1.1" 200 3620 "http://10.2.160.51:9999/login" "Mozilla/5.0 (Macintosh; Intel Mac OS X 10_15_7) AppleWebKit/537.36 (KHTML, like Gecko) Chrome/123.0.0.0 Safari/537.36 OPR/109.0.0.0 (Edition std-1)"
10.2.144.18 - - [17/May/2024:11:12:20 +0000] "GET /make_event HTTP/1.1" 404 2311 "-" "Mozilla/5.0 (Macintosh; Intel Mac OS X 10_15_7) AppleWebKit/537.36 (KHTML, like Gecko) Chrome/123.0.0.0 Safari/537.36 OPR/109.0.0.0 (Edition std-1)"
10.2.144.18 - - [17/May/2024:11:12:25 +0000] "GET /make_events HTTP/1.1" 404 2311 "-" "Mozilla/5.0 (Macintosh; Intel Mac OS X 10_15_7) AppleWebKit/537.36 (KHTML, like Gecko) Chrome/123.0.0.0 Safari/537.36 OPR/109.0.0.0 (Edition std-1)"
10.2.144.18 - - [17/May/2024:11:12:31 +0000] "GET /create_event HTTP/1.1" 500 1170138 "-" "Mozilla/5.0 (Macintosh; Intel Mac OS X 10_15_7) AppleWebKit/537.36 (KHTML, like Gecko) Chrome/123.0.0.0 Safari/537.36 OPR/109.0.0.0 (Edition std-1)"
10.2.144.18 - - [17/May/2024:11:12:51 +0000] "GET /events HTTP/1.1" 500 76223 "-" "Mozilla/5.0 (Macintosh; Intel Mac OS X 10_15_7) AppleWebKit/537.36 (KHTML, like Gecko) Chrome/123.0.0.0 Safari/537.36 OPR/109.0.0.0 (Edition std-1)"
10.2.144.18 - - [17/May/2024:11:12:52 +0000] "GET /events HTTP/1.1" 500 1146863 "-" "Mozilla/5.0 (Macintosh; Intel Mac OS X 10_15_7) AppleWebKit/537.36 (KHTML, like Gecko) Chrome/123.0.0.0 Safari/537.36 OPR/109.0.0.0 (Edition std-1)"
10.2.144.18 - - [17/May/2024:11:13:53 +0000] "GET /events HTTP/1.1" 500 1146907 "-" "Mozilla/5.0 (Macintosh; Intel Mac OS X 10_15_7) AppleWebKit/537.36 (KHTML, like Gecko) Chrome/123.0.0.0 Safari/537.36 OPR/109.0.0.0 (Edition std-1)"
10.2.144.27 - - [17/May/2024:11:15:55 +0000] "GET /contact HTTP/1.1" 500 1242844 "http://10.2.160.51:9999/about" "Mozilla/5.0 (Windows NT 10.0; Win64; x64; rv:125.0) Gecko/20100101 Firefox/125.0"
10.2.144.15 - - [17/May/2024:11:16:07 +0000] "GET /events HTTP/1.1" 200 1220 "http://10.2.160.51:9999/contact" "Mozilla/5.0 (Windows NT 10.0; Win64; x64) AppleWebKit/537.36 (KHTML, like Gecko) Chrome/124.0.0.0 Safari/537.36"
10.2.144.27 - - [17/May/2024:11:16:11 +0000] "GET /contact HTTP/1.1" 200 6357 "http://10.2.160.51:9999/about" "Mozilla/5.0 (Windows NT 10.0; Win64; x64; rv:125.0) Gecko/20100101 Firefox/125.0"
10.2.144.15 - - [17/May/2024:11:16:14 +0000] "GET /planning HTTP/1.1" 200 1397 "http://10.2.160.51:9999/events" "Mozilla/5.0 (Windows NT 10.0; Win64; x64) AppleWebKit/537.36 (KHTML, like Gecko) Chrome/124.0.0.0 Safari/537.36"
10.2.144.27 - - [17/May/2024:11:16:16 +0000] "GET /home HTTP/1.1" 200 7130 "http://10.2.160.51:9999/contact" "Mozilla/5.0 (Windows NT 10.0; Win64; x64; rv:125.0) Gecko/20100101 Firefox/125.0"
10.2.144.15 - - [17/May/2024:11:16:16 +0000] "GET /events HTTP/1.1" 200 1220 "http://10.2.160.51:9999/planning" "Mozilla/5.0 (Windows NT 10.0; Win64; x64) AppleWebKit/537.36 (KHTML, like Gecko) Chrome/124.0.0.0 Safari/537.36"
10.2.144.15 - - [17/May/2024:11:16:18 +0000] "GET /events HTTP/1.1" 200 1220 "http://10.2.160.51:9999/events" "Mozilla/5.0 (Windows NT 10.0; Win64; x64) AppleWebKit/537.36 (KHTML, like Gecko) Chrome/124.0.0.0 Safari/537.36"
10.2.144.15 - - [17/May/2024:11:16:20 +0000] "GET /events HTTP/1.1" 200 1220 "http://10.2.160.51:9999/events" "Mozilla/5.0 (Windows NT 10.0; Win64; x64) AppleWebKit/537.36 (KHTML, like Gecko) Chrome/124.0.0.0 Safari/537.36"
10.2.144.15 - - [17/May/2024:11:16:23 +0000] "GET /contact HTTP/1.1" 200 2846 "http://10.2.160.51:9999/events" "Mozilla/5.0 (Windows NT 10.0; Win64; x64) AppleWebKit/537.36 (KHTML, like Gecko) Chrome/124.0.0.0 Safari/537.36"
10.2.144.15 - - [17/May/2024:11:16:24 +0000] "GET /about HTTP/1.1" 200 2889 "http://10.2.160.51:9999/contact" "Mozilla/5.0 (Windows NT 10.0; Win64; x64) AppleWebKit/537.36 (KHTML, like Gecko) Chrome/124.0.0.0 Safari/537.36"
10.2.144.15 - - [17/May/2024:11:16:24 +0000] "GET /user/about.css HTTP/1.1" 200 3458 "http://10.2.160.51:9999/about" "Mozilla/5.0 (Windows NT 10.0; Win64; x64) AppleWebKit/537.36 (KHTML, like Gecko) Chrome/124.0.0.0 Safari/537.36"
10.2.144.15 - - [17/May/2024:11:16:43 +0000] "GET /registration HTTP/1.1" 200 1846 "http://10.2.160.51:9999/about" "Mozilla/5.0 (Windows NT 10.0; Win64; x64) AppleWebKit/537.36 (KHTML, like Gecko) Chrome/124.0.0.0 Safari/537.36"
10.2.144.15 - - [17/May/2024:11:16:49 +0000] "GET /login HTTP/1.1" 200 2221 "http://10.2.160.51:9999/registration" "Mozilla/5.0 (Windows NT 10.0; Win64; x64) AppleWebKit/537.36 (KHTML, like Gecko) Chrome/124.0.0.0 Safari/537.36"
10.2.144.15 - - [17/May/2024:11:16:54 +0000] "GET /about HTTP/1.1" 200 2889 "http://10.2.160.51:9999/login" "Mozilla/5.0 (Windows NT 10.0; Win64; x64) AppleWebKit/537.36 (KHTML, like Gecko) Chrome/124.0.0.0 Safari/537.36"
10.2.144.15 - - [17/May/2024:11:22:05 +0000] "GET /contact HTTP/1.1" 200 2846 "http://10.2.160.51:9999/about" "Mozilla/5.0 (Windows NT 10.0; Win64; x64) AppleWebKit/537.36 (KHTML, like Gecko) Chrome/124.0.0.0 Safari/537.36"
10.2.144.15 - - [17/May/2024:11:22:29 +0000] "GET /about HTTP/1.1" 200 2889 "http://10.2.160.51:9999/contact" "Mozilla/5.0 (Windows NT 10.0; Win64; x64) AppleWebKit/537.36 (KHTML, like Gecko) Chrome/124.0.0.0 Safari/537.36"
10.2.144.15 - - [17/May/2024:11:23:21 +0000] "GET /events HTTP/1.1" 200 1220 "http://10.2.160.51:9999/about" "Mozilla/5.0 (Windows NT 10.0; Win64; x64) AppleWebKit/537.36 (KHTML, like Gecko) Chrome/124.0.0.0 Safari/537.36"
10.2.144.15 - - [17/May/2024:11:23:23 +0000] "GET /home HTTP/1.1" 200 3620 "http://10.2.160.51:9999/events" "Mozilla/5.0 (Windows NT 10.0; Win64; x64) AppleWebKit/537.36 (KHTML, like Gecko) Chrome/124.0.0.0 Safari/537.36"
10.2.144.15 - - [17/May/2024:11:23:34 +0000] "GET /planning HTTP/1.1" 200 1397 "http://10.2.160.51:9999/home" "Mozilla/5.0 (Windows NT 10.0; Win64; x64) AppleWebKit/537.36 (KHTML, like Gecko) Chrome/124.0.0.0 Safari/537.36"
10.2.144.15 - - [17/May/2024:11:26:55 +0000] "GET /about HTTP/1.1" 200 2889 "http://10.2.160.51:9999/planning" "Mozilla/5.0 (Windows NT 10.0; Win64; x64) AppleWebKit/537.36 (KHTML, like Gecko) Chrome/124.0.0.0 Safari/537.36"
10.2.144.15 - - [17/May/2024:11:27:42 +0000] "GET /events HTTP/1.1" 200 1220 "http://10.2.160.51:9999/about" "Mozilla/5.0 (Windows NT 10.0; Win64; x64) AppleWebKit/537.36 (KHTML, like Gecko) Chrome/124.0.0.0 Safari/537.36"
10.2.144.15 - - [17/May/2024:11:27:47 +0000] "GET /about HTTP/1.1" 200 2889 "http://10.2.160.51:9999/events" "Mozilla/5.0 (Windows NT 10.0; Win64; x64) AppleWebKit/537.36 (KHTML, like Gecko) Chrome/124.0.0.0 Safari/537.36"
10.2.144.31 - - [17/May/2024:11:28:18 +0000] "GET /planning HTTP/1.1" 200 1397 "-" "Mozilla/5.0 (Macintosh; Intel Mac OS X 10_15_7) AppleWebKit/537.36 (KHTML, like Gecko) Chrome/123.0.0.0 Safari/537.36 OPR/109.0.0.0 (Edition std-1)"
10.2.144.31 - - [17/May/2024:11:28:18 +0000] "GET / HTTP/1.1" 499 0 "-" "Mozilla/5.0 (Macintosh; Intel Mac OS X 10_15_7) AppleWebKit/537.36 (KHTML, like Gecko) Chrome/123.0.0.0 Safari/537.36 OPR/109.0.0.0 (Edition std-1)"
10.2.144.31 - - [17/May/2024:11:28:18 +0000] "GET /user/components/header.css HTTP/1.1" 304 0 "http://10.2.160.51:9999/planning" "Mozilla/5.0 (Macintosh; Intel Mac OS X 10_15_7) AppleWebKit/537.36 (KHTML, like Gecko) Chrome/123.0.0.0 Safari/537.36 OPR/109.0.0.0 (Edition std-1)"
10.2.144.31 - - [17/May/2024:11:28:18 +0000] "GET /user/components/footer.css HTTP/1.1" 304 0 "http://10.2.160.51:9999/planning" "Mozilla/5.0 (Macintosh; Intel Mac OS X 10_15_7) AppleWebKit/537.36 (KHTML, like Gecko) Chrome/123.0.0.0 Safari/537.36 OPR/109.0.0.0 (Edition std-1)"
10.2.144.31 - - [17/May/2024:11:28:19 +0000] "GET / HTTP/1.1" 200 3620 "-" "Mozilla/5.0 (Macintosh; Intel Mac OS X 10_15_7) AppleWebKit/537.36 (KHTML, like Gecko) Chrome/123.0.0.0 Safari/537.36 OPR/109.0.0.0 (Edition std-1)"
10.2.144.31 - - [17/May/2024:11:28:19 +0000] "GET /user/home.css HTTP/1.1" 304 0 "http://10.2.160.51:9999/" "Mozilla/5.0 (Macintosh; Intel Mac OS X 10_15_7) AppleWebKit/537.36 (KHTML, like Gecko) Chrome/123.0.0.0 Safari/537.36 OPR/109.0.0.0 (Edition std-1)"
10.2.144.15 - - [17/May/2024:11:28:20 +0000] "GET /about HTTP/1.1" 200 2889 "http://10.2.160.51:9999/events" "Mozilla/5.0 (Windows NT 10.0; Win64; x64) AppleWebKit/537.36 (KHTML, like Gecko) Chrome/124.0.0.0 Safari/537.36"
10.2.144.31 - - [17/May/2024:11:28:20 +0000] "GET /planning HTTP/1.1" 200 1397 "http://10.2.160.51:9999/" "Mozilla/5.0 (Macintosh; Intel Mac OS X 10_15_7) AppleWebKit/537.36 (KHTML, like Gecko) Chrome/123.0.0.0 Safari/537.36 OPR/109.0.0.0 (Edition std-1)"
10.2.144.31 - - [17/May/2024:11:28:26 +0000] "GET /planning HTTP/1.1" 200 1397 "-" "Mozilla/5.0 (Macintosh; Intel Mac OS X 10_15_7) AppleWebKit/537.36 (KHTML, like Gecko) Chrome/123.0.0.0 Safari/537.36 OPR/109.0.0.0 (Edition std-1)"
10.2.144.15 - - [17/May/2024:11:28:26 +0000] "GET /planning HTTP/1.1" 200 1397 "http://10.2.160.51:9999/about" "Mozilla/5.0 (Windows NT 10.0; Win64; x64) AppleWebKit/537.36 (KHTML, like Gecko) Chrome/124.0.0.0 Safari/537.36"
10.2.144.15 - - [17/May/2024:11:28:29 +0000] "GET /about HTTP/1.1" 200 2889 "http://10.2.160.51:9999/planning" "Mozilla/5.0 (Windows NT 10.0; Win64; x64) AppleWebKit/537.36 (KHTML, like Gecko) Chrome/124.0.0.0 Safari/537.36"
10.2.144.15 - - [17/May/2024:11:28:31 +0000] "GET /planning HTTP/1.1" 200 1397 "http://10.2.160.51:9999/about" "Mozilla/5.0 (Windows NT 10.0; Win64; x64) AppleWebKit/537.36 (KHTML, like Gecko) Chrome/124.0.0.0 Safari/537.36"
10.2.144.31 - - [17/May/2024:11:29:03 +0000] "GET /about HTTP/1.1" 200 2889 "http://10.2.160.51:9999/planning" "Mozilla/5.0 (Macintosh; Intel Mac OS X 10_15_7) AppleWebKit/537.36 (KHTML, like Gecko) Chrome/123.0.0.0 Safari/537.36 OPR/109.0.0.0 (Edition std-1)"
10.2.144.31 - - [17/May/2024:11:29:05 +0000] "GET /login HTTP/1.1" 200 2222 "http://10.2.160.51:9999/about" "Mozilla/5.0 (Macintosh; Intel Mac OS X 10_15_7) AppleWebKit/537.36 (KHTML, like Gecko) Chrome/123.0.0.0 Safari/537.36 OPR/109.0.0.0 (Edition std-1)"
10.2.144.31 - - [17/May/2024:11:29:07 +0000] "GET /planning HTTP/1.1" 200 1397 "http://10.2.160.51:9999/login" "Mozilla/5.0 (Macintosh; Intel Mac OS X 10_15_7) AppleWebKit/537.36 (KHTML, like Gecko) Chrome/123.0.0.0 Safari/537.36 OPR/109.0.0.0 (Edition std-1)"
10.2.144.31 - - [17/May/2024:11:29:13 +0000] "GET /planning HTTP/1.1" 200 1397 "-" "Mozilla/5.0 (Macintosh; Intel Mac OS X 10_15_7) AppleWebKit/537.36 (KHTML, like Gecko) Chrome/123.0.0.0 Safari/537.36 OPR/109.0.0.0 (Edition std-1)"
10.2.144.31 - - [17/May/2024:11:29:32 +0000] "GET /planning HTTP/1.1" 200 1397 "-" "Mozilla/5.0 (Macintosh; Intel Mac OS X 10_15_7) AppleWebKit/537.36 (KHTML, like Gecko) Chrome/123.0.0.0 Safari/537.36 OPR/109.0.0.0 (Edition std-1)"
10.2.144.31 - - [17/May/2024:11:29:34 +0000] "GET /events HTTP/1.1" 200 1220 "http://10.2.160.51:9999/planning" "Mozilla/5.0 (Macintosh; Intel Mac OS X 10_15_7) AppleWebKit/537.36 (KHTML, like Gecko) Chrome/123.0.0.0 Safari/537.36 OPR/109.0.0.0 (Edition std-1)"
10.2.144.15 - - [17/May/2024:11:30:22 +0000] "GET /about HTTP/1.1" 200 2889 "http://10.2.160.51:9999/planning" "Mozilla/5.0 (Windows NT 10.0; Win64; x64) AppleWebKit/537.36 (KHTML, like Gecko) Chrome/124.0.0.0 Safari/537.36"
10.2.144.15 - - [17/May/2024:11:32:00 +0000] "GET /planning HTTP/1.1" 200 1397 "http://10.2.160.51:9999/about" "Mozilla/5.0 (Windows NT 10.0; Win64; x64) AppleWebKit/537.36 (KHTML, like Gecko) Chrome/124.0.0.0 Safari/537.36"
10.2.144.31 - - [17/May/2024:11:34:22 +0000] "GET /events HTTP/1.1" 200 1220 "-" "Mozilla/5.0 (Macintosh; Intel Mac OS X 10_15_7) AppleWebKit/537.36 (KHTML, like Gecko) Chrome/123.0.0.0 Safari/537.36 OPR/109.0.0.0 (Edition std-1)"
10.2.144.31 - - [17/May/2024:11:34:27 +0000] "GET /events HTTP/1.1" 200 1220 "-" "Mozilla/5.0 (Macintosh; Intel Mac OS X 10_15_7) AppleWebKit/537.36 (KHTML, like Gecko) Chrome/123.0.0.0 Safari/537.36 OPR/109.0.0.0 (Edition std-1)"
10.2.144.15 - - [17/May/2024:11:35:26 +0000] "GET /about HTTP/1.1" 200 2889 "http://10.2.160.51:9999/planning" "Mozilla/5.0 (Windows NT 10.0; Win64; x64) AppleWebKit/537.36 (KHTML, like Gecko) Chrome/124.0.0.0 Safari/537.36"
10.2.144.15 - - [17/May/2024:11:35:28 +0000] "GET /contact HTTP/1.1" 200 2846 "http://10.2.160.51:9999/about" "Mozilla/5.0 (Windows NT 10.0; Win64; x64) AppleWebKit/537.36 (KHTML, like Gecko) Chrome/124.0.0.0 Safari/537.36"
10.2.144.15 - - [17/May/2024:11:35:30 +0000] "GET /about HTTP/1.1" 200 2889 "http://10.2.160.51:9999/contact" "Mozilla/5.0 (Windows NT 10.0; Win64; x64) AppleWebKit/537.36 (KHTML, like Gecko) Chrome/124.0.0.0 Safari/537.36"
10.2.144.27 - - [17/May/2024:11:47:07 +0000] "GET /home HTTP/1.1" 200 3776 "http://10.2.160.51:9999/contact" "Mozilla/5.0 (Windows NT 10.0; Win64; x64; rv:125.0) Gecko/20100101 Firefox/125.0"
10.2.144.27 - - [17/May/2024:11:47:07 +0000] "GET /path/to/user-avatar.png HTTP/1.1" 404 2311 "http://10.2.160.51:9999/home" "Mozilla/5.0 (Windows NT 10.0; Win64; x64; rv:125.0) Gecko/20100101 Firefox/125.0"
10.2.144.27 - - [17/May/2024:11:48:14 +0000] "GET /planning HTTP/1.1" 200 1476 "http://10.2.160.51:9999/home" "Mozilla/5.0 (Windows NT 10.0; Win64; x64; rv:125.0) Gecko/20100101 Firefox/125.0"
10.2.144.27 - - [17/May/2024:11:48:15 +0000] "GET /path/to/user-avatar.png HTTP/1.1" 404 2311 "http://10.2.160.51:9999/planning" "Mozilla/5.0 (Windows NT 10.0; Win64; x64; rv:125.0) Gecko/20100101 Firefox/125.0"
10.2.144.27 - - [17/May/2024:11:48:17 +0000] "GET /about HTTP/1.1" 200 3066 "http://10.2.160.51:9999/planning" "Mozilla/5.0 (Windows NT 10.0; Win64; x64; rv:125.0) Gecko/20100101 Firefox/125.0"
10.2.144.27 - - [17/May/2024:11:48:17 +0000] "GET /path/to/user-avatar.png HTTP/1.1" 404 2311 "http://10.2.160.51:9999/about" "Mozilla/5.0 (Windows NT 10.0; Win64; x64; rv:125.0) Gecko/20100101 Firefox/125.0"
10.2.144.27 - - [17/May/2024:11:48:19 +0000] "GET /contact HTTP/1.1" 200 2978 "http://10.2.160.51:9999/about" "Mozilla/5.0 (Windows NT 10.0; Win64; x64; rv:125.0) Gecko/20100101 Firefox/125.0"
10.2.144.27 - - [17/May/2024:11:48:19 +0000] "GET /user/contact.css HTTP/1.1" 200 4464 "http://10.2.160.51:9999/contact" "Mozilla/5.0 (Windows NT 10.0; Win64; x64; rv:125.0) Gecko/20100101 Firefox/125.0"
10.2.144.27 - - [17/May/2024:11:48:19 +0000] "GET /path/to/user-avatar.png HTTP/1.1" 404 2311 "http://10.2.160.51:9999/contact" "Mozilla/5.0 (Windows NT 10.0; Win64; x64; rv:125.0) Gecko/20100101 Firefox/125.0"
10.2.144.27 - - [17/May/2024:11:48:22 +0000] "GET /profile HTTP/1.1" 500 1179569 "http://10.2.160.51:9999/contact" "Mozilla/5.0 (Windows NT 10.0; Win64; x64; rv:125.0) Gecko/20100101 Firefox/125.0"
10.2.144.27 - - [17/May/2024:11:48:29 +0000] "GET /events HTTP/1.1" 200 1768 "http://10.2.160.51:9999/contact" "Mozilla/5.0 (Windows NT 10.0; Win64; x64; rv:125.0) Gecko/20100101 Firefox/125.0"
10.2.144.27 - - [17/May/2024:11:48:29 +0000] "GET /path/to/user-avatar.png HTTP/1.1" 404 2311 "http://10.2.160.51:9999/events" "Mozilla/5.0 (Windows NT 10.0; Win64; x64; rv:125.0) Gecko/20100101 Firefox/125.0"
10.2.144.27 - - [17/May/2024:11:48:32 +0000] "GET /home HTTP/1.1" 200 3776 "http://10.2.160.51:9999/events" "Mozilla/5.0 (Windows NT 10.0; Win64; x64; rv:125.0) Gecko/20100101 Firefox/125.0"
10.2.144.27 - - [17/May/2024:11:48:32 +0000] "GET /path/to/user-avatar.png HTTP/1.1" 404 2311 "http://10.2.160.51:9999/home" "Mozilla/5.0 (Windows NT 10.0; Win64; x64; rv:125.0) Gecko/20100101 Firefox/125.0"
10.2.144.31 - - [17/May/2024:11:48:35 +0000] "GET / HTTP/1.1" 200 3719 "-" "Mozilla/5.0 (Macintosh; Intel Mac OS X 10_15_7) AppleWebKit/537.36 (KHTML, like Gecko) Chrome/123.0.0.0 Safari/537.36 OPR/109.0.0.0 (Edition std-1)"
10.2.144.31 - - [17/May/2024:11:48:36 +0000] "GET /events HTTP/1.1" 200 1715 "http://10.2.160.51:9999/" "Mozilla/5.0 (Macintosh; Intel Mac OS X 10_15_7) AppleWebKit/537.36 (KHTML, like Gecko) Chrome/123.0.0.0 Safari/537.36 OPR/109.0.0.0 (Edition std-1)"
10.2.144.31 - - [17/May/2024:11:48:39 +0000] "GET /planning HTTP/1.1" 200 1522 "http://10.2.160.51:9999/events" "Mozilla/5.0 (Macintosh; Intel Mac OS X 10_15_7) AppleWebKit/537.36 (KHTML, like Gecko) Chrome/123.0.0.0 Safari/537.36 OPR/109.0.0.0 (Edition std-1)"
10.2.144.31 - - [17/May/2024:11:48:45 +0000] "GET /events HTTP/1.1" 200 1715 "http://10.2.160.51:9999/planning" "Mozilla/5.0 (Macintosh; Intel Mac OS X 10_15_7) AppleWebKit/537.36 (KHTML, like Gecko) Chrome/123.0.0.0 Safari/537.36 OPR/109.0.0.0 (Edition std-1)"
10.2.144.31 - - [17/May/2024:11:49:07 +0000] "GET /home HTTP/1.1" 200 3719 "http://10.2.160.51:9999/events" "Mozilla/5.0 (Macintosh; Intel Mac OS X 10_15_7) AppleWebKit/537.36 (KHTML, like Gecko) Chrome/123.0.0.0 Safari/537.36 OPR/109.0.0.0 (Edition std-1)"
10.2.144.31 - - [17/May/2024:11:49:11 +0000] "GET /events HTTP/1.1" 200 1715 "http://10.2.160.51:9999/home" "Mozilla/5.0 (Macintosh; Intel Mac OS X 10_15_7) AppleWebKit/537.36 (KHTML, like Gecko) Chrome/123.0.0.0 Safari/537.36 OPR/109.0.0.0 (Edition std-1)"
10.2.144.31 - - [17/May/2024:11:49:12 +0000] "GET /about HTTP/1.1" 200 3004 "http://10.2.160.51:9999/events" "Mozilla/5.0 (Macintosh; Intel Mac OS X 10_15_7) AppleWebKit/537.36 (KHTML, like Gecko) Chrome/123.0.0.0 Safari/537.36 OPR/109.0.0.0 (Edition std-1)"
10.2.144.31 - - [17/May/2024:11:49:13 +0000] "GET /login HTTP/1.1" 200 2310 "http://10.2.160.51:9999/about" "Mozilla/5.0 (Macintosh; Intel Mac OS X 10_15_7) AppleWebKit/537.36 (KHTML, like Gecko) Chrome/123.0.0.0 Safari/537.36 OPR/109.0.0.0 (Edition std-1)"
10.2.144.15 - - [17/May/2024:11:50:42 +0000] "GET /contact HTTP/1.1" 200 2911 "http://10.2.160.51:9999/about" "Mozilla/5.0 (Windows NT 10.0; Win64; x64) AppleWebKit/537.36 (KHTML, like Gecko) Chrome/124.0.0.0 Safari/537.36"
10.2.144.15 - - [17/May/2024:11:51:20 +0000] "GET /planning HTTP/1.1" 200 1522 "http://10.2.160.51:9999/contact" "Mozilla/5.0 (Windows NT 10.0; Win64; x64) AppleWebKit/537.36 (KHTML, like Gecko) Chrome/124.0.0.0 Safari/537.36"
10.2.144.15 - - [17/May/2024:11:52:32 +0000] "GET /planning HTTP/1.1" 200 1511 "http://10.2.160.51:9999/contact" "Mozilla/5.0 (Windows NT 10.0; Win64; x64) AppleWebKit/537.36 (KHTML, like Gecko) Chrome/124.0.0.0 Safari/537.36"
10.2.144.15 - - [17/May/2024:11:53:01 +0000] "GET /about HTTP/1.1" 200 3004 "http://10.2.160.51:9999/planning" "Mozilla/5.0 (Windows NT 10.0; Win64; x64) AppleWebKit/537.36 (KHTML, like Gecko) Chrome/124.0.0.0 Safari/537.36"
10.2.144.15 - - [17/May/2024:11:56:51 +0000] "GET /planning HTTP/1.1" 200 1511 "http://10.2.160.51:9999/about" "Mozilla/5.0 (Windows NT 10.0; Win64; x64) AppleWebKit/537.36 (KHTML, like Gecko) Chrome/124.0.0.0 Safari/537.36"
10.2.144.15 - - [17/May/2024:11:57:04 +0000] "GET /about HTTP/1.1" 200 3004 "http://10.2.160.51:9999/planning" "Mozilla/5.0 (Windows NT 10.0; Win64; x64) AppleWebKit/537.36 (KHTML, like Gecko) Chrome/124.0.0.0 Safari/537.36"
10.2.144.27 - - [17/May/2024:11:57:54 +0000] "GET /home HTTP/1.1" 200 3739 "http://10.2.160.51:9999/events" "Mozilla/5.0 (Windows NT 10.0; Win64; x64; rv:125.0) Gecko/20100101 Firefox/125.0"
