10.2.144.15 - - [17/May/2024:11:58:16 +0000] "GET /about HTTP/1.1" 200 3004 "http://10.2.160.51:9999/planning" "Mozilla/5.0 (Windows NT 10.0; Win64; x64) AppleWebKit/537.36 (KHTML, like Gecko) Chrome/124.0.0.0 Safari/537.36"
10.2.144.31 - - [17/May/2024:11:58:24 +0000] "GET /about HTTP/1.1" 200 3004 "http://10.2.160.51:9999/events" "Mozilla/5.0 (Macintosh; Intel Mac OS X 10_15_7) AppleWebKit/537.36 (KHTML, like Gecko) Chrome/123.0.0.0 Safari/537.36 OPR/109.0.0.0 (Edition std-1)"
10.2.144.31 - - [17/May/2024:11:58:28 +0000] "GET /contact HTTP/1.1" 200 2911 "http://10.2.160.51:9999/about" "Mozilla/5.0 (Macintosh; Intel Mac OS X 10_15_7) AppleWebKit/537.36 (KHTML, like Gecko) Chrome/123.0.0.0 Safari/537.36 OPR/109.0.0.0 (Edition std-1)"
10.2.144.15 - - [17/May/2024:11:58:45 +0000] "GET /planning HTTP/1.1" 200 1511 "http://10.2.160.51:9999/about" "Mozilla/5.0 (Windows NT 10.0; Win64; x64) AppleWebKit/537.36 (KHTML, like Gecko) Chrome/124.0.0.0 Safari/537.36"
10.2.144.27 - - [17/May/2024:11:59:01 +0000] "GET /home HTTP/1.1" 200 3218 "http://10.2.160.51:9999/events" "Mozilla/5.0 (Windows NT 10.0; Win64; x64; rv:125.0) Gecko/20100101 Firefox/125.0"
10.2.144.31 - - [17/May/2024:11:59:25 +0000] "GET /login HTTP/1.1" 200 2310 "http://10.2.160.51:9999/contact" "Mozilla/5.0 (Macintosh; Intel Mac OS X 10_15_7) AppleWebKit/537.36 (KHTML, like Gecko) Chrome/123.0.0.0 Safari/537.36 OPR/109.0.0.0 (Edition std-1)"
10.2.144.31 - - [17/May/2024:11:59:27 +0000] "GET /registration HTTP/1.1" 200 1935 "http://10.2.160.51:9999/contact" "Mozilla/5.0 (Macintosh; Intel Mac OS X 10_15_7) AppleWebKit/537.36 (KHTML, like Gecko) Chrome/123.0.0.0 Safari/537.36 OPR/109.0.0.0 (Edition std-1)"
10.2.144.31 - - [17/May/2024:11:59:32 +0000] "GET /register HTTP/1.1" 500 1179615 "http://10.2.160.51:9999/registration" "Mozilla/5.0 (Macintosh; Intel Mac OS X 10_15_7) AppleWebKit/537.36 (KHTML, like Gecko) Chrome/123.0.0.0 Safari/537.36 OPR/109.0.0.0 (Edition std-1)"
10.2.144.31 - - [17/May/2024:11:59:35 +0000] "GET /register_company HTTP/1.1" 200 2398 "http://10.2.160.51:9999/registration" "Mozilla/5.0 (Macintosh; Intel Mac OS X 10_15_7) AppleWebKit/537.36 (KHTML, like Gecko) Chrome/123.0.0.0 Safari/537.36 OPR/109.0.0.0 (Edition std-1)"
10.2.144.15 - - [17/May/2024:12:00:13 +0000] "GET /about HTTP/1.1" 200 3004 "http://10.2.160.51:9999/planning" "Mozilla/5.0 (Windows NT 10.0; Win64; x64) AppleWebKit/537.36 (KHTML, like Gecko) Chrome/124.0.0.0 Safari/537.36"
10.2.144.15 - - [17/May/2024:12:00:15 +0000] "GET /planning HTTP/1.1" 200 1511 "http://10.2.160.51:9999/about" "Mozilla/5.0 (Windows NT 10.0; Win64; x64) AppleWebKit/537.36 (KHTML, like Gecko) Chrome/124.0.0.0 Safari/537.36"
10.2.144.15 - - [17/May/2024:12:00:19 +0000] "GET /about HTTP/1.1" 200 3004 "http://10.2.160.51:9999/planning" "Mozilla/5.0 (Windows NT 10.0; Win64; x64) AppleWebKit/537.36 (KHTML, like Gecko) Chrome/124.0.0.0 Safari/537.36"
10.2.144.31 - - [17/May/2024:12:00:32 +0000] "GET /login HTTP/1.1" 200 2310 "http://10.2.160.51:9999/registration" "Mozilla/5.0 (Macintosh; Intel Mac OS X 10_15_7) AppleWebKit/537.36 (KHTML, like Gecko) Chrome/123.0.0.0 Safari/537.36 OPR/109.0.0.0 (Edition std-1)"
10.2.144.31 - - [17/May/2024:12:00:34 +0000] "GET /forgot-password HTTP/1.1" 200 2120 "http://10.2.160.51:9999/login" "Mozilla/5.0 (Macintosh; Intel Mac OS X 10_15_7) AppleWebKit/537.36 (KHTML, like Gecko) Chrome/123.0.0.0 Safari/537.36 OPR/109.0.0.0 (Edition std-1)"
10.2.144.31 - - [17/May/2024:12:02:52 +0000] "GET /login HTTP/1.1" 200 2310 "http://10.2.160.51:9999/forgot-password" "Mozilla/5.0 (Macintosh; Intel Mac OS X 10_15_7) AppleWebKit/537.36 (KHTML, like Gecko) Chrome/123.0.0.0 Safari/537.36 OPR/109.0.0.0 (Edition std-1)"
10.2.144.31 - - [17/May/2024:12:02:55 +0000] "GET /registration HTTP/1.1" 200 1935 "http://10.2.160.51:9999/login" "Mozilla/5.0 (Macintosh; Intel Mac OS X 10_15_7) AppleWebKit/537.36 (KHTML, like Gecko) Chrome/123.0.0.0 Safari/537.36 OPR/109.0.0.0 (Edition std-1)"
10.2.144.31 - - [17/May/2024:12:02:56 +0000] "GET /contact HTTP/1.1" 200 2911 "http://10.2.160.51:9999/registration" "Mozilla/5.0 (Macintosh; Intel Mac OS X 10_15_7) AppleWebKit/537.36 (KHTML, like Gecko) Chrome/123.0.0.0 Safari/537.36 OPR/109.0.0.0 (Edition std-1)"
10.2.144.31 - - [17/May/2024:12:02:57 +0000] "GET /registration HTTP/1.1" 200 1935 "http://10.2.160.51:9999/contact" "Mozilla/5.0 (Macintosh; Intel Mac OS X 10_15_7) AppleWebKit/537.36 (KHTML, like Gecko) Chrome/123.0.0.0 Safari/537.36 OPR/109.0.0.0 (Edition std-1)"
10.2.144.31 - - [17/May/2024:12:03:14 +0000] "GET /contact HTTP/1.1" 200 2911 "http://10.2.160.51:9999/registration" "Mozilla/5.0 (Macintosh; Intel Mac OS X 10_15_7) AppleWebKit/537.36 (KHTML, like Gecko) Chrome/123.0.0.0 Safari/537.36 OPR/109.0.0.0 (Edition std-1)"
10.2.144.31 - - [17/May/2024:12:05:54 +0000] "GET /contact HTTP/1.1" 200 2911 "http://10.2.160.51:9999/login" "Mozilla/5.0 (Macintosh; Intel Mac OS X 10_15_7) AppleWebKit/537.36 (KHTML, like Gecko) Chrome/123.0.0.0 Safari/537.36 OPR/109.0.0.0 (Edition std-1)"
10.2.144.27 - - [17/May/2024:12:06:44 +0000] "GET /home HTTP/1.1" 200 3218 "http://10.2.160.51:9999/events" "Mozilla/5.0 (Windows NT 10.0; Win64; x64; rv:125.0) Gecko/20100101 Firefox/125.0"
10.2.144.31 - - [17/May/2024:12:07:07 +0000] "GET /events HTTP/1.1" 200 1715 "http://10.2.160.51:9999/contact" "Mozilla/5.0 (Macintosh; Intel Mac OS X 10_15_7) AppleWebKit/537.36 (KHTML, like Gecko) Chrome/123.0.0.0 Safari/537.36 OPR/109.0.0.0 (Edition std-1)"
10.2.144.31 - - [17/May/2024:12:07:08 +0000] "GET /planning HTTP/1.1" 200 1511 "http://10.2.160.51:9999/events" "Mozilla/5.0 (Macintosh; Intel Mac OS X 10_15_7) AppleWebKit/537.36 (KHTML, like Gecko) Chrome/123.0.0.0 Safari/537.36 OPR/109.0.0.0 (Edition std-1)"
10.2.144.15 - - [17/May/2024:12:07:22 +0000] "GET /planning HTTP/1.1" 200 1511 "http://10.2.160.51:9999/about" "Mozilla/5.0 (Windows NT 10.0; Win64; x64) AppleWebKit/537.36 (KHTML, like Gecko) Chrome/124.0.0.0 Safari/537.36"
10.2.144.15 - - [17/May/2024:12:07:22 +0000] "GET /user/components/header.css HTTP/1.1" 304 0 "http://10.2.160.51:9999/planning" "Mozilla/5.0 (Windows NT 10.0; Win64; x64) AppleWebKit/537.36 (KHTML, like Gecko) Chrome/124.0.0.0 Safari/537.36"
10.2.144.15 - - [17/May/2024:12:07:22 +0000] "GET /user/components/footer.css HTTP/1.1" 304 0 "http://10.2.160.51:9999/planning" "Mozilla/5.0 (Windows NT 10.0; Win64; x64) AppleWebKit/537.36 (KHTML, like Gecko) Chrome/124.0.0.0 Safari/537.36"
10.2.144.27 - - [17/May/2024:12:09:28 +0000] "GET /about HTTP/1.1" 200 3029 "http://10.2.160.51:9999/home" "Mozilla/5.0 (Windows NT 10.0; Win64; x64; rv:125.0) Gecko/20100101 Firefox/125.0"
10.2.144.27 - - [17/May/2024:12:09:50 +0000] "GET /home HTTP/1.1" 200 3218 "http://10.2.160.51:9999/home" "Mozilla/5.0 (Windows NT 10.0; Win64; x64; rv:125.0) Gecko/20100101 Firefox/125.0"
10.2.144.27 - - [17/May/2024:12:09:52 +0000] "GET / HTTP/1.1" 200 3218 "http://10.2.160.51:9999/home" "Mozilla/5.0 (Windows NT 10.0; Win64; x64; rv:125.0) Gecko/20100101 Firefox/125.0"
10.2.144.27 - - [17/May/2024:12:09:54 +0000] "GET /home HTTP/1.1" 200 3218 "http://10.2.160.51:9999/" "Mozilla/5.0 (Windows NT 10.0; Win64; x64; rv:125.0) Gecko/20100101 Firefox/125.0"
10.2.144.31 - - [17/May/2024:12:11:12 +0000] "GET /events HTTP/1.1" 200 1715 "-" "Mozilla/5.0 (Macintosh; Intel Mac OS X 10_15_7) AppleWebKit/537.36 (KHTML, like Gecko) Chrome/123.0.0.0 Safari/537.36 OPR/109.0.0.0 (Edition std-1)"
10.2.144.31 - - [17/May/2024:12:11:22 +0000] "GET / HTTP/1.1" 200 3184 "-" "Mozilla/5.0 (Macintosh; Intel Mac OS X 10_15_7) AppleWebKit/537.36 (KHTML, like Gecko) Chrome/123.0.0.0 Safari/537.36 OPR/109.0.0.0 (Edition std-1)"
10.2.144.15 - - [17/May/2024:12:13:26 +0000] "GET /planning HTTP/1.1" 200 1510 "http://10.2.160.51:9999/about" "Mozilla/5.0 (Windows NT 10.0; Win64; x64) AppleWebKit/537.36 (KHTML, like Gecko) Chrome/124.0.0.0 Safari/537.36"
10.2.144.15 - - [17/May/2024:12:13:37 +0000] "GET /login HTTP/1.1" 200 2311 "http://10.2.160.51:9999/planning" "Mozilla/5.0 (Windows NT 10.0; Win64; x64) AppleWebKit/537.36 (KHTML, like Gecko) Chrome/124.0.0.0 Safari/537.36"
10.2.144.15 - - [17/May/2024:12:14:20 +0000] "POST /login HTTP/1.1" 302 390 "http://10.2.160.51:9999/login" "Mozilla/5.0 (Windows NT 10.0; Win64; x64) AppleWebKit/537.36 (KHTML, like Gecko) Chrome/124.0.0.0 Safari/537.36"
10.2.144.15 - - [17/May/2024:12:14:21 +0000] "GET /dashboard HTTP/1.1" 200 3885 "http://10.2.160.51:9999/login" "Mozilla/5.0 (Windows NT 10.0; Win64; x64) AppleWebKit/537.36 (KHTML, like Gecko) Chrome/124.0.0.0 Safari/537.36"
10.2.144.15 - - [17/May/2024:12:14:51 +0000] "GET /dashboard HTTP/1.1" 200 3885 "http://10.2.160.51:9999/login" "Mozilla/5.0 (Windows NT 10.0; Win64; x64) AppleWebKit/537.36 (KHTML, like Gecko) Chrome/124.0.0.0 Safari/537.36"
10.2.144.15 - - [17/May/2024:12:14:54 +0000] "GET /dashboard HTTP/1.1" 200 3885 "http://10.2.160.51:9999/login" "Mozilla/5.0 (Windows NT 10.0; Win64; x64) AppleWebKit/537.36 (KHTML, like Gecko) Chrome/124.0.0.0 Safari/537.36"
10.2.144.15 - - [17/May/2024:12:15:01 +0000] "POST /login HTTP/1.1" 419 6622 "http://10.2.160.51:9999/login" "Mozilla/5.0 (Windows NT 10.0; Win64; x64) AppleWebKit/537.36 (KHTML, like Gecko) Chrome/124.0.0.0 Safari/537.36"
10.2.144.15 - - [17/May/2024:12:15:04 +0000] "POST /login HTTP/1.1" 419 6622 "http://10.2.160.51:9999/login" "Mozilla/5.0 (Windows NT 10.0; Win64; x64) AppleWebKit/537.36 (KHTML, like Gecko) Chrome/124.0.0.0 Safari/537.36"
10.2.144.15 - - [17/May/2024:12:15:06 +0000] "GET /login HTTP/1.1" 302 390 "http://10.2.160.51:9999/planning" "Mozilla/5.0 (Windows NT 10.0; Win64; x64) AppleWebKit/537.36 (KHTML, like Gecko) Chrome/124.0.0.0 Safari/537.36"
10.2.144.15 - - [17/May/2024:12:15:10 +0000] "GET / HTTP/1.1" 200 3218 "-" "Mozilla/5.0 (Windows NT 10.0; Win64; x64) AppleWebKit/537.36 (KHTML, like Gecko) Chrome/124.0.0.0 Safari/537.36"
10.2.144.15 - - [17/May/2024:12:15:10 +0000] "GET /user/home.css HTTP/1.1" 304 0 "http://10.2.160.51:9999/" "Mozilla/5.0 (Windows NT 10.0; Win64; x64) AppleWebKit/537.36 (KHTML, like Gecko) Chrome/124.0.0.0 Safari/537.36"
10.2.144.27 - - [17/May/2024:12:15:18 +0000] "GET /home HTTP/1.1" 200 3218 "http://10.2.160.51:9999/" "Mozilla/5.0 (Windows NT 10.0; Win64; x64; rv:125.0) Gecko/20100101 Firefox/125.0"
10.2.144.27 - - [17/May/2024:12:15:20 +0000] "GET /logout HTTP/1.1" 404 2311 "http://10.2.160.51:9999/home" "Mozilla/5.0 (Windows NT 10.0; Win64; x64; rv:125.0) Gecko/20100101 Firefox/125.0"
10.2.144.27 - - [17/May/2024:12:15:23 +0000] "GET /logout HTTP/1.1" 404 2311 "http://10.2.160.51:9999/home" "Mozilla/5.0 (Windows NT 10.0; Win64; x64; rv:125.0) Gecko/20100101 Firefox/125.0"
10.2.144.15 - - [17/May/2024:12:15:23 +0000] "GET / HTTP/1.1" 200 3218 "-" "Mozilla/5.0 (Windows NT 10.0; Win64; x64) AppleWebKit/537.36 (KHTML, like Gecko) Chrome/124.0.0.0 Safari/537.36"
10.2.144.15 - - [17/May/2024:12:15:26 +0000] "GET /events HTTP/1.1" 200 1737 "http://10.2.160.51:9999/" "Mozilla/5.0 (Windows NT 10.0; Win64; x64) AppleWebKit/537.36 (KHTML, like Gecko) Chrome/124.0.0.0 Safari/537.36"
10.2.144.15 - - [17/May/2024:12:15:28 +0000] "GET /planning HTTP/1.1" 200 1539 "http://10.2.160.51:9999/events" "Mozilla/5.0 (Windows NT 10.0; Win64; x64) AppleWebKit/537.36 (KHTML, like Gecko) Chrome/124.0.0.0 Safari/537.36"
10.2.144.27 - - [17/May/2024:12:15:28 +0000] "GET /profile HTTP/1.1" 500 1518048 "http://10.2.160.51:9999/home" "Mozilla/5.0 (Windows NT 10.0; Win64; x64; rv:125.0) Gecko/20100101 Firefox/125.0"
10.2.144.15 - - [17/May/2024:12:15:30 +0000] "GET /about HTTP/1.1" 200 3029 "http://10.2.160.51:9999/planning" "Mozilla/5.0 (Windows NT 10.0; Win64; x64) AppleWebKit/537.36 (KHTML, like Gecko) Chrome/124.0.0.0 Safari/537.36"
10.2.144.15 - - [17/May/2024:12:15:32 +0000] "GET /contact HTTP/1.1" 200 2946 "http://10.2.160.51:9999/about" "Mozilla/5.0 (Windows NT 10.0; Win64; x64) AppleWebKit/537.36 (KHTML, like Gecko) Chrome/124.0.0.0 Safari/537.36"
10.2.144.15 - - [17/May/2024:12:15:34 +0000] "GET /about HTTP/1.1" 200 3029 "http://10.2.160.51:9999/contact" "Mozilla/5.0 (Windows NT 10.0; Win64; x64) AppleWebKit/537.36 (KHTML, like Gecko) Chrome/124.0.0.0 Safari/537.36"
10.2.144.15 - - [17/May/2024:12:15:37 +0000] "GET /planning HTTP/1.1" 200 1539 "http://10.2.160.51:9999/about" "Mozilla/5.0 (Windows NT 10.0; Win64; x64) AppleWebKit/537.36 (KHTML, like Gecko) Chrome/124.0.0.0 Safari/537.36"
10.2.144.27 - - [17/May/2024:12:15:41 +0000] "GET /profile HTTP/1.1" 200 8173 "http://10.2.160.51:9999/home" "Mozilla/5.0 (Windows NT 10.0; Win64; x64; rv:125.0) Gecko/20100101 Firefox/125.0"
10.2.144.15 - - [17/May/2024:12:15:47 +0000] "GET /profile HTTP/1.1" 200 8167 "http://10.2.160.51:9999/planning" "Mozilla/5.0 (Windows NT 10.0; Win64; x64) AppleWebKit/537.36 (KHTML, like Gecko) Chrome/124.0.0.0 Safari/537.36"
10.2.144.27 - - [17/May/2024:12:15:48 +0000] "GET /logout HTTP/1.1" 404 2311 "http://10.2.160.51:9999/home" "Mozilla/5.0 (Windows NT 10.0; Win64; x64; rv:125.0) Gecko/20100101 Firefox/125.0"
10.2.144.15 - - [17/May/2024:12:16:11 +0000] "GET /planning HTTP/1.1" 200 1539 "http://10.2.160.51:9999/profile" "Mozilla/5.0 (Windows NT 10.0; Win64; x64) AppleWebKit/537.36 (KHTML, like Gecko) Chrome/124.0.0.0 Safari/537.36"
10.2.144.15 - - [17/May/2024:12:16:13 +0000] "GET /about HTTP/1.1" 200 3029 "http://10.2.160.51:9999/planning" "Mozilla/5.0 (Windows NT 10.0; Win64; x64) AppleWebKit/537.36 (KHTML, like Gecko) Chrome/124.0.0.0 Safari/537.36"
10.2.144.31 - - [17/May/2024:12:16:39 +0000] "GET /contact HTTP/1.1" 200 2911 "-" "Mozilla/5.0 (Macintosh; Intel Mac OS X 10_15_7) AppleWebKit/537.36 (KHTML, like Gecko) Chrome/123.0.0.0 Safari/537.36 OPR/109.0.0.0 (Edition std-1)"
10.2.144.31 - - [17/May/2024:12:17:37 +0000] "GET /contact HTTP/1.1" 200 2949 "-" "Mozilla/5.0 (Macintosh; Intel Mac OS X 10_15_7) AppleWebKit/537.36 (KHTML, like Gecko) Chrome/123.0.0.0 Safari/537.36 OPR/109.0.0.0 (Edition std-1)"
10.2.144.31 - - [17/May/2024:12:17:41 +0000] "GET /contact HTTP/1.1" 200 2949 "-" "Mozilla/5.0 (Macintosh; Intel Mac OS X 10_15_7) AppleWebKit/537.36 (KHTML, like Gecko) Chrome/123.0.0.0 Safari/537.36 OPR/109.0.0.0 (Edition std-1)"
10.2.144.31 - - [17/May/2024:12:17:43 +0000] "GET /events HTTP/1.1" 200 1715 "http://10.2.160.51:9999/contact" "Mozilla/5.0 (Macintosh; Intel Mac OS X 10_15_7) AppleWebKit/537.36 (KHTML, like Gecko) Chrome/123.0.0.0 Safari/537.36 OPR/109.0.0.0 (Edition std-1)"
10.2.144.31 - - [17/May/2024:12:17:45 +0000] "GET /planning HTTP/1.1" 200 1553 "http://10.2.160.51:9999/events" "Mozilla/5.0 (Macintosh; Intel Mac OS X 10_15_7) AppleWebKit/537.36 (KHTML, like Gecko) Chrome/123.0.0.0 Safari/537.36 OPR/109.0.0.0 (Edition std-1)"
10.2.144.31 - - [17/May/2024:12:17:52 +0000] "GET /about HTTP/1.1" 200 3004 "http://10.2.160.51:9999/planning" "Mozilla/5.0 (Macintosh; Intel Mac OS X 10_15_7) AppleWebKit/537.36 (KHTML, like Gecko) Chrome/123.0.0.0 Safari/537.36 OPR/109.0.0.0 (Edition std-1)"
10.2.144.31 - - [17/May/2024:12:17:56 +0000] "GET /contact HTTP/1.1" 200 2949 "http://10.2.160.51:9999/about" "Mozilla/5.0 (Macintosh; Intel Mac OS X 10_15_7) AppleWebKit/537.36 (KHTML, like Gecko) Chrome/123.0.0.0 Safari/537.36 OPR/109.0.0.0 (Edition std-1)"
10.2.144.31 - - [17/May/2024:12:18:03 +0000] "GET /contact HTTP/1.1" 200 2949 "http://10.2.160.51:9999/contact" "Mozilla/5.0 (Macintosh; Intel Mac OS X 10_15_7) AppleWebKit/537.36 (KHTML, like Gecko) Chrome/123.0.0.0 Safari/537.36 OPR/109.0.0.0 (Edition std-1)"
10.2.144.31 - - [17/May/2024:12:18:04 +0000] "GET /login HTTP/1.1" 200 2331 "http://10.2.160.51:9999/contact" "Mozilla/5.0 (Macintosh; Intel Mac OS X 10_15_7) AppleWebKit/537.36 (KHTML, like Gecko) Chrome/123.0.0.0 Safari/537.36 OPR/109.0.0.0 (Edition std-1)"
10.2.144.31 - - [17/May/2024:12:18:28 +0000] "GET /login HTTP/1.1" 200 2331 "http://10.2.160.51:9999/contact" "Mozilla/5.0 (Macintosh; Intel Mac OS X 10_15_7) AppleWebKit/537.36 (KHTML, like Gecko) Chrome/123.0.0.0 Safari/537.36 OPR/109.0.0.0 (Edition std-1)"
10.2.144.31 - - [17/May/2024:12:18:31 +0000] "GET /forgot-password HTTP/1.1" 200 2156 "http://10.2.160.51:9999/login" "Mozilla/5.0 (Macintosh; Intel Mac OS X 10_15_7) AppleWebKit/537.36 (KHTML, like Gecko) Chrome/123.0.0.0 Safari/537.36 OPR/109.0.0.0 (Edition std-1)"
10.2.144.31 - - [17/May/2024:12:18:34 +0000] "GET /contact HTTP/1.1" 200 2949 "http://10.2.160.51:9999/forgot-password" "Mozilla/5.0 (Macintosh; Intel Mac OS X 10_15_7) AppleWebKit/537.36 (KHTML, like Gecko) Chrome/123.0.0.0 Safari/537.36 OPR/109.0.0.0 (Edition std-1)"
10.2.144.31 - - [17/May/2024:12:18:40 +0000] "GET /about HTTP/1.1" 200 3004 "http://10.2.160.51:9999/contact" "Mozilla/5.0 (Macintosh; Intel Mac OS X 10_15_7) AppleWebKit/537.36 (KHTML, like Gecko) Chrome/123.0.0.0 Safari/537.36 OPR/109.0.0.0 (Edition std-1)"
10.2.144.31 - - [17/May/2024:12:18:44 +0000] "GET /planning HTTP/1.1" 200 1553 "http://10.2.160.51:9999/about" "Mozilla/5.0 (Macintosh; Intel Mac OS X 10_15_7) AppleWebKit/537.36 (KHTML, like Gecko) Chrome/123.0.0.0 Safari/537.36 OPR/109.0.0.0 (Edition std-1)"
10.2.144.15 - - [17/May/2024:12:18:55 +0000] "GET /planning HTTP/1.1" 200 1581 "http://10.2.160.51:9999/about" "Mozilla/5.0 (Windows NT 10.0; Win64; x64) AppleWebKit/537.36 (KHTML, like Gecko) Chrome/124.0.0.0 Safari/537.36"
10.2.144.31 - - [17/May/2024:12:18:58 +0000] "GET /planning HTTP/1.1" 200 1553 "http://10.2.160.51:9999/planning" "Mozilla/5.0 (Macintosh; Intel Mac OS X 10_15_7) AppleWebKit/537.36 (KHTML, like Gecko) Chrome/123.0.0.0 Safari/537.36 OPR/109.0.0.0 (Edition std-1)"
10.2.144.15 - - [17/May/2024:12:19:03 +0000] "GET /about HTTP/1.1" 200 3029 "http://10.2.160.51:9999/planning" "Mozilla/5.0 (Windows NT 10.0; Win64; x64) AppleWebKit/537.36 (KHTML, like Gecko) Chrome/124.0.0.0 Safari/537.36"
10.2.144.31 - - [17/May/2024:12:19:09 +0000] "GET /events HTTP/1.1" 200 1715 "http://10.2.160.51:9999/planning" "Mozilla/5.0 (Macintosh; Intel Mac OS X 10_15_7) AppleWebKit/537.36 (KHTML, like Gecko) Chrome/123.0.0.0 Safari/537.36 OPR/109.0.0.0 (Edition std-1)"
10.2.144.31 - - [17/May/2024:12:19:25 +0000] "GET /planning HTTP/1.1" 200 1553 "http://10.2.160.51:9999/events" "Mozilla/5.0 (Macintosh; Intel Mac OS X 10_15_7) AppleWebKit/537.36 (KHTML, like Gecko) Chrome/123.0.0.0 Safari/537.36 OPR/109.0.0.0 (Edition std-1)"
10.2.144.35 - - [17/May/2024:12:19:26 +0000] "GET / HTTP/1.1" 200 3184 "-" "Mozilla/5.0 (Windows NT 10.0; Win64; x64) AppleWebKit/537.36 (KHTML, like Gecko) Chrome/124.0.0.0 Safari/537.36"
10.2.144.35 - - [17/May/2024:12:19:26 +0000] "GET /user/home.css HTTP/1.1" 200 4038 "http://10.2.160.51:9999/" "Mozilla/5.0 (Windows NT 10.0; Win64; x64) AppleWebKit/537.36 (KHTML, like Gecko) Chrome/124.0.0.0 Safari/537.36"
10.2.144.35 - - [17/May/2024:12:19:26 +0000] "GET /user/components/footer.css HTTP/1.1" 200 557 "http://10.2.160.51:9999/" "Mozilla/5.0 (Windows NT 10.0; Win64; x64) AppleWebKit/537.36 (KHTML, like Gecko) Chrome/124.0.0.0 Safari/537.36"
10.2.144.35 - - [17/May/2024:12:19:26 +0000] "GET /user/components/header.css HTTP/1.1" 200 728 "http://10.2.160.51:9999/" "Mozilla/5.0 (Windows NT 10.0; Win64; x64) AppleWebKit/537.36 (KHTML, like Gecko) Chrome/124.0.0.0 Safari/537.36"
10.2.144.31 - - [17/May/2024:12:19:27 +0000] "GET /about HTTP/1.1" 200 3004 "http://10.2.160.51:9999/planning" "Mozilla/5.0 (Macintosh; Intel Mac OS X 10_15_7) AppleWebKit/537.36 (KHTML, like Gecko) Chrome/123.0.0.0 Safari/537.36 OPR/109.0.0.0 (Edition std-1)"
10.2.144.31 - - [17/May/2024:12:19:28 +0000] "GET /registration HTTP/1.1" 200 1971 "http://10.2.160.51:9999/about" "Mozilla/5.0 (Macintosh; Intel Mac OS X 10_15_7) AppleWebKit/537.36 (KHTML, like Gecko) Chrome/123.0.0.0 Safari/537.36 OPR/109.0.0.0 (Edition std-1)"
10.2.144.35 - - [17/May/2024:12:19:29 +0000] "GET /events HTTP/1.1" 200 1715 "http://10.2.160.51:9999/" "Mozilla/5.0 (Windows NT 10.0; Win64; x64) AppleWebKit/537.36 (KHTML, like Gecko) Chrome/124.0.0.0 Safari/537.36"
10.2.144.35 - - [17/May/2024:12:19:32 +0000] "GET /planning HTTP/1.1" 200 1553 "http://10.2.160.51:9999/events" "Mozilla/5.0 (Windows NT 10.0; Win64; x64) AppleWebKit/537.36 (KHTML, like Gecko) Chrome/124.0.0.0 Safari/537.36"
10.2.144.15 - - [17/May/2024:12:19:35 +0000] "GET /profile HTTP/1.1" 200 8167 "http://10.2.160.51:9999/about" "Mozilla/5.0 (Windows NT 10.0; Win64; x64) AppleWebKit/537.36 (KHTML, like Gecko) Chrome/124.0.0.0 Safari/537.36"
10.2.144.35 - - [17/May/2024:12:19:36 +0000] "GET /events HTTP/1.1" 200 1715 "http://10.2.160.51:9999/planning" "Mozilla/5.0 (Windows NT 10.0; Win64; x64) AppleWebKit/537.36 (KHTML, like Gecko) Chrome/124.0.0.0 Safari/537.36"
10.2.144.31 - - [17/May/2024:12:19:38 +0000] "GET /login HTTP/1.1" 200 2331 "http://10.2.160.51:9999/registration" "Mozilla/5.0 (Macintosh; Intel Mac OS X 10_15_7) AppleWebKit/537.36 (KHTML, like Gecko) Chrome/123.0.0.0 Safari/537.36 OPR/109.0.0.0 (Edition std-1)"
10.2.144.35 - - [17/May/2024:12:19:39 +0000] "GET /contact HTTP/1.1" 200 2949 "http://10.2.160.51:9999/events" "Mozilla/5.0 (Windows NT 10.0; Win64; x64) AppleWebKit/537.36 (KHTML, like Gecko) Chrome/124.0.0.0 Safari/537.36"
10.2.144.35 - - [17/May/2024:12:19:39 +0000] "GET /user/contact.css HTTP/1.1" 200 4464 "http://10.2.160.51:9999/contact" "Mozilla/5.0 (Windows NT 10.0; Win64; x64) AppleWebKit/537.36 (KHTML, like Gecko) Chrome/124.0.0.0 Safari/537.36"
10.2.144.31 - - [17/May/2024:12:19:39 +0000] "GET /contact HTTP/1.1" 200 2949 "http://10.2.160.51:9999/login" "Mozilla/5.0 (Macintosh; Intel Mac OS X 10_15_7) AppleWebKit/537.36 (KHTML, like Gecko) Chrome/123.0.0.0 Safari/537.36 OPR/109.0.0.0 (Edition std-1)"
10.2.144.15 - - [17/May/2024:12:19:44 +0000] "GET /profile HTTP/1.1" 200 8167 "http://10.2.160.51:9999/about" "Mozilla/5.0 (Windows NT 10.0; Win64; x64) AppleWebKit/537.36 (KHTML, like Gecko) Chrome/124.0.0.0 Safari/537.36"
10.2.144.35 - - [17/May/2024:12:19:50 +0000] "GET /events HTTP/1.1" 200 1715 "http://10.2.160.51:9999/events" "Mozilla/5.0 (Windows NT 10.0; Win64; x64) AppleWebKit/537.36 (KHTML, like Gecko) Chrome/124.0.0.0 Safari/537.36"
10.2.144.35 - - [17/May/2024:12:19:52 +0000] "GET /planning HTTP/1.1" 200 1553 "http://10.2.160.51:9999/events" "Mozilla/5.0 (Windows NT 10.0; Win64; x64) AppleWebKit/537.36 (KHTML, like Gecko) Chrome/124.0.0.0 Safari/537.36"
10.2.144.31 - - [17/May/2024:12:19:54 +0000] "GET /planning HTTP/1.1" 200 1553 "http://10.2.160.51:9999/contact" "Mozilla/5.0 (Macintosh; Intel Mac OS X 10_15_7) AppleWebKit/537.36 (KHTML, like Gecko) Chrome/123.0.0.0 Safari/537.36 OPR/109.0.0.0 (Edition std-1)"
10.2.144.31 - - [17/May/2024:12:19:58 +0000] "GET /contact HTTP/1.1" 200 2949 "http://10.2.160.51:9999/planning" "Mozilla/5.0 (Macintosh; Intel Mac OS X 10_15_7) AppleWebKit/537.36 (KHTML, like Gecko) Chrome/123.0.0.0 Safari/537.36 OPR/109.0.0.0 (Edition std-1)"
10.2.144.35 - - [17/May/2024:12:19:59 +0000] "GET /contact HTTP/1.1" 200 2949 "http://10.2.160.51:9999/planning" "Mozilla/5.0 (Windows NT 10.0; Win64; x64) AppleWebKit/537.36 (KHTML, like Gecko) Chrome/124.0.0.0 Safari/537.36"
10.2.144.35 - - [17/May/2024:12:20:02 +0000] "GET /about HTTP/1.1" 200 3004 "http://10.2.160.51:9999/contact" "Mozilla/5.0 (Windows NT 10.0; Win64; x64) AppleWebKit/537.36 (KHTML, like Gecko) Chrome/124.0.0.0 Safari/537.36"
10.2.144.35 - - [17/May/2024:12:20:02 +0000] "GET /user/about.css HTTP/1.1" 200 3458 "http://10.2.160.51:9999/about" "Mozilla/5.0 (Windows NT 10.0; Win64; x64) AppleWebKit/537.36 (KHTML, like Gecko) Chrome/124.0.0.0 Safari/537.36"
10.2.144.15 - - [17/May/2024:12:20:06 +0000] "GET /profile HTTP/1.1" 200 8167 "http://10.2.160.51:9999/about" "Mozilla/5.0 (Windows NT 10.0; Win64; x64) AppleWebKit/537.36 (KHTML, like Gecko) Chrome/124.0.0.0 Safari/537.36"
10.2.144.35 - - [17/May/2024:12:20:08 +0000] "GET /home HTTP/1.1" 200 3184 "http://10.2.160.51:9999/about" "Mozilla/5.0 (Windows NT 10.0; Win64; x64) AppleWebKit/537.36 (KHTML, like Gecko) Chrome/124.0.0.0 Safari/537.36"
10.2.144.15 - - [17/May/2024:12:20:19 +0000] "GET /logout HTTP/1.1" 404 2311 "http://10.2.160.51:9999/profile" "Mozilla/5.0 (Windows NT 10.0; Win64; x64) AppleWebKit/537.36 (KHTML, like Gecko) Chrome/124.0.0.0 Safari/537.36"
10.2.144.35 - - [17/May/2024:12:20:51 +0000] "GET / HTTP/1.1" 200 3184 "http://10.2.160.51:9999/about" "Mozilla/5.0 (Windows NT 10.0; Win64; x64) AppleWebKit/537.36 (KHTML, like Gecko) Chrome/124.0.0.0 Safari/537.36"
10.2.144.27 - - [17/May/2024:12:22:33 +0000] "GET /home HTTP/1.1" 200 3218 "http://10.2.160.51:9999/" "Mozilla/5.0 (Windows NT 10.0; Win64; x64; rv:125.0) Gecko/20100101 Firefox/125.0"
10.2.144.31 - - [17/May/2024:12:24:00 +0000] "GET /planning HTTP/1.1" 200 1553 "-" "Mozilla/5.0 (Macintosh; Intel Mac OS X 10_15_7) AppleWebKit/537.36 (KHTML, like Gecko) Chrome/123.0.0.0 Safari/537.36 OPR/109.0.0.0 (Edition std-1)"
10.2.144.27 - - [17/May/2024:12:28:21 +0000] "GET /home HTTP/1.1" 200 3344 "http://10.2.160.51:9999/" "Mozilla/5.0 (Windows NT 10.0; Win64; x64; rv:125.0) Gecko/20100101 Firefox/125.0"
10.2.144.31 - - [17/May/2024:12:29:57 +0000] "GET /planning HTTP/1.1" 200 1554 "-" "Mozilla/5.0 (Macintosh; Intel Mac OS X 10_15_7) AppleWebKit/537.36 (KHTML, like Gecko) Chrome/123.0.0.0 Safari/537.36 OPR/109.0.0.0 (Edition std-1)"
10.2.144.31 - - [17/May/2024:12:30:09 +0000] "GET /planning HTTP/1.1" 200 1554 "-" "Mozilla/5.0 (Macintosh; Intel Mac OS X 10_15_7) AppleWebKit/537.36 (KHTML, like Gecko) Chrome/123.0.0.0 Safari/537.36 OPR/109.0.0.0 (Edition std-1)"
10.2.144.31 - - [17/May/2024:12:30:17 +0000] "GET /login HTTP/1.1" 200 2331 "http://10.2.160.51:9999/planning" "Mozilla/5.0 (Macintosh; Intel Mac OS X 10_15_7) AppleWebKit/537.36 (KHTML, like Gecko) Chrome/123.0.0.0 Safari/537.36 OPR/109.0.0.0 (Edition std-1)"
10.2.144.31 - - [17/May/2024:12:30:17 +0000] "GET /contact HTTP/1.1" 200 2951 "http://10.2.160.51:9999/login" "Mozilla/5.0 (Macintosh; Intel Mac OS X 10_15_7) AppleWebKit/537.36 (KHTML, like Gecko) Chrome/123.0.0.0 Safari/537.36 OPR/109.0.0.0 (Edition std-1)"
10.2.144.31 - - [17/May/2024:12:30:21 +0000] "GET /planning HTTP/1.1" 200 1554 "http://10.2.160.51:9999/contact" "Mozilla/5.0 (Macintosh; Intel Mac OS X 10_15_7) AppleWebKit/537.36 (KHTML, like Gecko) Chrome/123.0.0.0 Safari/537.36 OPR/109.0.0.0 (Edition std-1)"
10.2.144.31 - - [17/May/2024:12:30:24 +0000] "GET /login HTTP/1.1" 200 2331 "http://10.2.160.51:9999/planning" "Mozilla/5.0 (Macintosh; Intel Mac OS X 10_15_7) AppleWebKit/537.36 (KHTML, like Gecko) Chrome/123.0.0.0 Safari/537.36 OPR/109.0.0.0 (Edition std-1)"
10.2.144.31 - - [17/May/2024:12:30:41 +0000] "GET /registration HTTP/1.1" 200 1971 "http://10.2.160.51:9999/login" "Mozilla/5.0 (Macintosh; Intel Mac OS X 10_15_7) AppleWebKit/537.36 (KHTML, like Gecko) Chrome/123.0.0.0 Safari/537.36 OPR/109.0.0.0 (Edition std-1)"
10.2.144.31 - - [17/May/2024:12:33:56 +0000] "GET /planning HTTP/1.1" 200 1543 "http://10.2.160.51:9999/registration" "Mozilla/5.0 (Macintosh; Intel Mac OS X 10_15_7) AppleWebKit/537.36 (KHTML, like Gecko) Chrome/123.0.0.0 Safari/537.36 OPR/109.0.0.0 (Edition std-1)"
10.2.144.27 - - [17/May/2024:12:35:34 +0000] "GET /about HTTP/1.1" 200 3029 "http://10.2.160.51:9999/home" "Mozilla/5.0 (Windows NT 10.0; Win64; x64; rv:125.0) Gecko/20100101 Firefox/125.0"
10.2.144.27 - - [17/May/2024:12:35:40 +0000] "GET /home HTTP/1.1" 200 3344 "http://10.2.160.51:9999/about" "Mozilla/5.0 (Windows NT 10.0; Win64; x64; rv:125.0) Gecko/20100101 Firefox/125.0"
10.2.144.27 - - [17/May/2024:12:38:30 +0000] "GET /home HTTP/1.1" 200 3344 "http://10.2.160.51:9999/about" "Mozilla/5.0 (Windows NT 10.0; Win64; x64; rv:125.0) Gecko/20100101 Firefox/125.0"
10.2.144.27 - - [17/May/2024:12:38:56 +0000] "GET /logout HTTP/1.1" 404 2311 "http://10.2.160.51:9999/home" "Mozilla/5.0 (Windows NT 10.0; Win64; x64; rv:125.0) Gecko/20100101 Firefox/125.0"
10.2.144.27 - - [17/May/2024:12:39:00 +0000] "GET /profile HTTP/1.1" 500 1517938 "http://10.2.160.51:9999/home" "Mozilla/5.0 (Windows NT 10.0; Win64; x64; rv:125.0) Gecko/20100101 Firefox/125.0"
10.2.144.27 - - [17/May/2024:12:39:16 +0000] "GET /profile HTTP/1.1" 200 8173 "http://10.2.160.51:9999/home" "Mozilla/5.0 (Windows NT 10.0; Win64; x64; rv:125.0) Gecko/20100101 Firefox/125.0"
10.2.144.27 - - [17/May/2024:12:50:13 +0000] "GET /profile HTTP/1.1" 200 8173 "http://10.2.160.51:9999/home" "Mozilla/5.0 (Windows NT 10.0; Win64; x64; rv:125.0) Gecko/20100101 Firefox/125.0"
10.2.144.27 - - [17/May/2024:12:50:37 +0000] "GET /profile HTTP/1.1" 200 8173 "http://10.2.160.51:9999/home" "Mozilla/5.0 (Windows NT 10.0; Win64; x64; rv:125.0) Gecko/20100101 Firefox/125.0"
10.2.144.27 - - [17/May/2024:12:50:45 +0000] "POST /profile HTTP/1.1" 302 382 "http://10.2.160.51:9999/profile" "Mozilla/5.0 (Windows NT 10.0; Win64; x64; rv:125.0) Gecko/20100101 Firefox/125.0"
10.2.144.27 - - [17/May/2024:12:50:46 +0000] "GET /profile HTTP/1.1" 200 8231 "http://10.2.160.51:9999/profile" "Mozilla/5.0 (Windows NT 10.0; Win64; x64; rv:125.0) Gecko/20100101 Firefox/125.0"
10.2.144.27 - - [17/May/2024:13:06:09 +0000] "GET /profile HTTP/1.1" 200 8173 "http://10.2.160.51:9999/profile" "Mozilla/5.0 (Windows NT 10.0; Win64; x64; rv:125.0) Gecko/20100101 Firefox/125.0"
10.2.144.35 - - [17/May/2024:13:16:58 +0000] "GET /registration HTTP/1.1" 200 1971 "http://10.2.160.51:9999/" "Mozilla/5.0 (Windows NT 10.0; Win64; x64) AppleWebKit/537.36 (KHTML, like Gecko) Chrome/124.0.0.0 Safari/537.36"
10.2.144.35 - - [17/May/2024:13:17:06 +0000] "GET /register_company HTTP/1.1" 200 2398 "http://10.2.160.51:9999/registration" "Mozilla/5.0 (Windows NT 10.0; Win64; x64) AppleWebKit/537.36 (KHTML, like Gecko) Chrome/124.0.0.0 Safari/537.36"
10.2.144.35 - - [17/May/2024:13:17:19 +0000] "GET /register HTTP/1.1" 200 2385 "http://10.2.160.51:9999/registration" "Mozilla/5.0 (Windows NT 10.0; Win64; x64) AppleWebKit/537.36 (KHTML, like Gecko) Chrome/124.0.0.0 Safari/537.36"
10.2.144.35 - - [17/May/2024:13:17:26 +0000] "GET /login HTTP/1.1" 200 2331 "http://10.2.160.51:9999/register" "Mozilla/5.0 (Windows NT 10.0; Win64; x64) AppleWebKit/537.36 (KHTML, like Gecko) Chrome/124.0.0.0 Safari/537.36"
10.2.144.35 - - [17/May/2024:13:17:27 +0000] "GET /registration HTTP/1.1" 200 1971 "http://10.2.160.51:9999/login" "Mozilla/5.0 (Windows NT 10.0; Win64; x64) AppleWebKit/537.36 (KHTML, like Gecko) Chrome/124.0.0.0 Safari/537.36"
10.2.144.35 - - [17/May/2024:13:17:31 +0000] "GET /register_company HTTP/1.1" 200 2398 "http://10.2.160.51:9999/registration" "Mozilla/5.0 (Windows NT 10.0; Win64; x64) AppleWebKit/537.36 (KHTML, like Gecko) Chrome/124.0.0.0 Safari/537.36"
10.2.144.35 - - [17/May/2024:13:22:18 +0000] "POST /create_company HTTP/1.1" 200 3348 "http://10.2.160.51:9999/register_company" "Mozilla/5.0 (Windows NT 10.0; Win64; x64) AppleWebKit/537.36 (KHTML, like Gecko) Chrome/124.0.0.0 Safari/537.36"
10.2.144.35 - - [17/May/2024:13:22:40 +0000] "GET /profile HTTP/1.1" 302 374 "http://10.2.160.51:9999/create_company" "Mozilla/5.0 (Windows NT 10.0; Win64; x64) AppleWebKit/537.36 (KHTML, like Gecko) Chrome/124.0.0.0 Safari/537.36"
10.2.144.35 - - [17/May/2024:13:22:41 +0000] "GET /login HTTP/1.1" 200 2331 "http://10.2.160.51:9999/create_company" "Mozilla/5.0 (Windows NT 10.0; Win64; x64) AppleWebKit/537.36 (KHTML, like Gecko) Chrome/124.0.0.0 Safari/537.36"
10.2.144.35 - - [17/May/2024:13:22:49 +0000] "GET /contact HTTP/1.1" 200 2951 "http://10.2.160.51:9999/create_company" "Mozilla/5.0 (Windows NT 10.0; Win64; x64) AppleWebKit/537.36 (KHTML, like Gecko) Chrome/124.0.0.0 Safari/537.36"
10.2.144.35 - - [17/May/2024:13:22:52 +0000] "GET /planning HTTP/1.1" 200 1543 "http://10.2.160.51:9999/contact" "Mozilla/5.0 (Windows NT 10.0; Win64; x64) AppleWebKit/537.36 (KHTML, like Gecko) Chrome/124.0.0.0 Safari/537.36"
10.2.144.35 - - [17/May/2024:13:23:18 +0000] "GET /home HTTP/1.1" 200 3304 "http://10.2.160.51:9999/planning" "Mozilla/5.0 (Windows NT 10.0; Win64; x64) AppleWebKit/537.36 (KHTML, like Gecko) Chrome/124.0.0.0 Safari/537.36"
10.2.144.35 - - [17/May/2024:13:32:27 +0000] "GET /events HTTP/1.1" 200 1715 "http://10.2.160.51:9999/create_company" "Mozilla/5.0 (Windows NT 10.0; Win64; x64) AppleWebKit/537.36 (KHTML, like Gecko) Chrome/124.0.0.0 Safari/537.36"
10.2.144.35 - - [17/May/2024:13:32:31 +0000] "GET /planning HTTP/1.1" 200 1543 "http://10.2.160.51:9999/events" "Mozilla/5.0 (Windows NT 10.0; Win64; x64) AppleWebKit/537.36 (KHTML, like Gecko) Chrome/124.0.0.0 Safari/537.36"
10.2.144.35 - - [17/May/2024:13:32:34 +0000] "GET /about HTTP/1.1" 200 3004 "http://10.2.160.51:9999/planning" "Mozilla/5.0 (Windows NT 10.0; Win64; x64) AppleWebKit/537.36 (KHTML, like Gecko) Chrome/124.0.0.0 Safari/537.36"
10.2.144.35 - - [17/May/2024:13:32:41 +0000] "GET /contact HTTP/1.1" 200 2951 "http://10.2.160.51:9999/about" "Mozilla/5.0 (Windows NT 10.0; Win64; x64) AppleWebKit/537.36 (KHTML, like Gecko) Chrome/124.0.0.0 Safari/537.36"
10.2.144.35 - - [17/May/2024:13:32:49 +0000] "GET /login HTTP/1.1" 200 2331 "http://10.2.160.51:9999/contact" "Mozilla/5.0 (Windows NT 10.0; Win64; x64) AppleWebKit/537.36 (KHTML, like Gecko) Chrome/124.0.0.0 Safari/537.36"
10.2.144.35 - - [17/May/2024:13:32:56 +0000] "GET /registration HTTP/1.1" 200 1971 "http://10.2.160.51:9999/login" "Mozilla/5.0 (Windows NT 10.0; Win64; x64) AppleWebKit/537.36 (KHTML, like Gecko) Chrome/124.0.0.0 Safari/537.36"
10.2.144.35 - - [17/May/2024:13:32:59 +0000] "GET /register HTTP/1.1" 200 2385 "http://10.2.160.51:9999/registration" "Mozilla/5.0 (Windows NT 10.0; Win64; x64) AppleWebKit/537.36 (KHTML, like Gecko) Chrome/124.0.0.0 Safari/537.36"
10.2.144.35 - - [17/May/2024:13:33:07 +0000] "GET /about HTTP/1.1" 200 3004 "http://10.2.160.51:9999/register" "Mozilla/5.0 (Windows NT 10.0; Win64; x64) AppleWebKit/537.36 (KHTML, like Gecko) Chrome/124.0.0.0 Safari/537.36"
10.2.144.35 - - [17/May/2024:13:33:31 +0000] "GET /home HTTP/1.1" 200 3304 "http://10.2.160.51:9999/about" "Mozilla/5.0 (Windows NT 10.0; Win64; x64) AppleWebKit/537.36 (KHTML, like Gecko) Chrome/124.0.0.0 Safari/537.36"
10.2.144.27 - - [17/May/2024:13:37:32 +0000] "GET /home HTTP/1.1" 200 3344 "http://10.2.160.51:9999/home" "Mozilla/5.0 (Windows NT 10.0; Win64; x64; rv:125.0) Gecko/20100101 Firefox/125.0"
10.2.144.27 - - [17/May/2024:13:37:34 +0000] "GET /profile HTTP/1.1" 200 8173 "http://10.2.160.51:9999/home" "Mozilla/5.0 (Windows NT 10.0; Win64; x64; rv:125.0) Gecko/20100101 Firefox/125.0"
10.2.144.27 - - [17/May/2024:13:37:54 +0000] "GET /profile HTTP/1.1" 200 8173 "http://10.2.160.51:9999/home" "Mozilla/5.0 (Windows NT 10.0; Win64; x64; rv:125.0) Gecko/20100101 Firefox/125.0"
10.2.144.27 - - [17/May/2024:13:38:41 +0000] "GET /logout HTTP/1.1" 404 2311 "http://10.2.160.51:9999/home" "Mozilla/5.0 (Windows NT 10.0; Win64; x64; rv:125.0) Gecko/20100101 Firefox/125.0"
10.2.144.27 - - [17/May/2024:13:38:47 +0000] "GET / HTTP/1.1" 200 3344 "-" "Mozilla/5.0 (Windows NT 10.0; Win64; x64; rv:125.0) Gecko/20100101 Firefox/125.0"
10.2.144.27 - - [17/May/2024:13:38:51 +0000] "GET /profile HTTP/1.1" 200 8173 "http://10.2.160.51:9999/" "Mozilla/5.0 (Windows NT 10.0; Win64; x64; rv:125.0) Gecko/20100101 Firefox/125.0"
10.2.144.27 - - [17/May/2024:13:39:12 +0000] "POST /profile HTTP/1.1" 302 382 "http://10.2.160.51:9999/profile" "Mozilla/5.0 (Windows NT 10.0; Win64; x64; rv:125.0) Gecko/20100101 Firefox/125.0"
10.2.144.27 - - [17/May/2024:13:39:13 +0000] "GET /profile HTTP/1.1" 200 8185 "http://10.2.160.51:9999/profile" "Mozilla/5.0 (Windows NT 10.0; Win64; x64; rv:125.0) Gecko/20100101 Firefox/125.0"
10.2.144.27 - - [17/May/2024:13:39:30 +0000] "GET /profile HTTP/1.1" 200 8173 "http://10.2.160.51:9999/profile" "Mozilla/5.0 (Windows NT 10.0; Win64; x64; rv:125.0) Gecko/20100101 Firefox/125.0"
10.2.144.23 - - [17/May/2024:13:45:17 +0000] "GET / HTTP/1.1" 200 3304 "-" "Mozilla/5.0 (Windows NT 10.0; Win64; x64) AppleWebKit/537.36 (KHTML, like Gecko) Chrome/124.0.0.0 Safari/537.36"
10.2.144.23 - - [17/May/2024:13:45:17 +0000] "GET /user/home.css HTTP/1.1" 304 0 "http://10.2.160.51:9999/" "Mozilla/5.0 (Windows NT 10.0; Win64; x64) AppleWebKit/537.36 (KHTML, like Gecko) Chrome/124.0.0.0 Safari/537.36"
10.2.144.23 - - [17/May/2024:13:45:17 +0000] "GET /user/components/header.css HTTP/1.1" 304 0 "http://10.2.160.51:9999/" "Mozilla/5.0 (Windows NT 10.0; Win64; x64) AppleWebKit/537.36 (KHTML, like Gecko) Chrome/124.0.0.0 Safari/537.36"
10.2.144.23 - - [17/May/2024:13:45:17 +0000] "GET /user/components/footer.css HTTP/1.1" 304 0 "http://10.2.160.51:9999/" "Mozilla/5.0 (Windows NT 10.0; Win64; x64) AppleWebKit/537.36 (KHTML, like Gecko) Chrome/124.0.0.0 Safari/537.36"
10.2.144.23 - - [17/May/2024:13:49:54 +0000] "GET / HTTP/1.1" 200 3304 "-" "Mozilla/5.0 (Windows NT 10.0; Win64; x64) AppleWebKit/537.36 (KHTML, like Gecko) Chrome/124.0.0.0 Safari/537.36"
10.2.144.27 - - [17/May/2024:13:51:03 +0000] "GET / HTTP/1.1" 200 3344 "-" "Mozilla/5.0 (Windows NT 10.0; Win64; x64; rv:125.0) Gecko/20100101 Firefox/125.0"
10.2.144.27 - - [17/May/2024:13:51:03 +0000] "GET /user/home.css HTTP/1.1" 200 4038 "http://10.2.160.51:9999/" "Mozilla/5.0 (Windows NT 10.0; Win64; x64; rv:125.0) Gecko/20100101 Firefox/125.0"
10.2.144.27 - - [17/May/2024:13:51:03 +0000] "GET /user/components/footer.css HTTP/1.1" 200 557 "http://10.2.160.51:9999/" "Mozilla/5.0 (Windows NT 10.0; Win64; x64; rv:125.0) Gecko/20100101 Firefox/125.0"
10.2.144.27 - - [17/May/2024:13:51:03 +0000] "GET /user/components/header.css HTTP/1.1" 200 728 "http://10.2.160.51:9999/" "Mozilla/5.0 (Windows NT 10.0; Win64; x64; rv:125.0) Gecko/20100101 Firefox/125.0"
10.2.144.27 - - [17/May/2024:13:51:05 +0000] "GET /profile HTTP/1.1" 200 8173 "http://10.2.160.51:9999/" "Mozilla/5.0 (Windows NT 10.0; Win64; x64; rv:125.0) Gecko/20100101 Firefox/125.0"
10.2.144.27 - - [17/May/2024:13:51:51 +0000] "GET /profile HTTP/1.1" 200 8173 "http://10.2.160.51:9999/" "Mozilla/5.0 (Windows NT 10.0; Win64; x64; rv:125.0) Gecko/20100101 Firefox/125.0"
10.2.144.27 - - [17/May/2024:13:52:04 +0000] "POST /profile HTTP/1.1" 302 382 "http://10.2.160.51:9999/profile" "Mozilla/5.0 (Windows NT 10.0; Win64; x64; rv:125.0) Gecko/20100101 Firefox/125.0"
10.2.144.27 - - [17/May/2024:13:52:05 +0000] "GET /profile HTTP/1.1" 200 8234 "http://10.2.160.51:9999/profile" "Mozilla/5.0 (Windows NT 10.0; Win64; x64; rv:125.0) Gecko/20100101 Firefox/125.0"
10.2.144.27 - - [17/May/2024:13:54:18 +0000] "GET /profile HTTP/1.1" 200 8173 "http://10.2.160.51:9999/profile" "Mozilla/5.0 (Windows NT 10.0; Win64; x64; rv:125.0) Gecko/20100101 Firefox/125.0"
10.2.144.27 - - [17/May/2024:14:00:23 +0000] "GET /profile HTTP/1.1" 200 8174 "http://10.2.160.51:9999/profile" "Mozilla/5.0 (Windows NT 10.0; Win64; x64; rv:125.0) Gecko/20100101 Firefox/125.0"
10.2.144.35 - - [17/May/2024:14:00:35 +0000] "GET /registration HTTP/1.1" 200 1971 "http://10.2.160.51:9999/home" "Mozilla/5.0 (Windows NT 10.0; Win64; x64) AppleWebKit/537.36 (KHTML, like Gecko) Chrome/124.0.0.0 Safari/537.36"
10.2.144.35 - - [17/May/2024:14:00:37 +0000] "GET /register HTTP/1.1" 200 2385 "http://10.2.160.51:9999/registration" "Mozilla/5.0 (Windows NT 10.0; Win64; x64) AppleWebKit/537.36 (KHTML, like Gecko) Chrome/124.0.0.0 Safari/537.36"
10.2.144.35 - - [17/May/2024:14:01:23 +0000] "GET /register HTTP/1.1" 500 1284584 "http://10.2.160.51:9999/registration" "Mozilla/5.0 (Windows NT 10.0; Win64; x64) AppleWebKit/537.36 (KHTML, like Gecko) Chrome/124.0.0.0 Safari/537.36"
10.2.144.35 - - [17/May/2024:14:01:33 +0000] "GET /register_company HTTP/1.1" 200 2398 "http://10.2.160.51:9999/registration" "Mozilla/5.0 (Windows NT 10.0; Win64; x64) AppleWebKit/537.36 (KHTML, like Gecko) Chrome/124.0.0.0 Safari/537.36"
